#
# There is insufficient memory for the Java Runtime Environment to continue.
# Native memory allocation (mmap) failed to map 243269632 bytes for G1 virtual space
# Possible reasons:
#   The system is out of physical RAM or swap space
#   The process is running with CompressedOops enabled, and the Java Heap may be blocking the growth of the native heap
# Possible solutions:
#   Reduce memory load on the system
#   Increase physical memory or swap space
#   Check if swap backing store is full
#   Decrease Java heap size (-Xmx/-Xms)
#   Decrease number of Java threads
#   Decrease Java thread stack sizes (-Xss)
#   Set larger code cache with -XX:ReservedCodeCacheSize=
#   JVM is running with Unscaled Compressed Oops mode in which the Java heap is
#     placed in the first 4GB address space. The Java Heap base address is the
#     maximum limit for the native heap growth. Please use -XX:HeapBaseMinAddress
#     to set the Java Heap base and to place the Java Heap above 4GB virtual address.
# This output file may be truncated or incomplete.
#
#  Out of Memory Error (os_windows.cpp:3548), pid=41708, tid=32400
#
# JRE version: Java(TM) SE Runtime Environment (17.0.12+8) (build 17.0.12+8-LTS-286)
# Java VM: Java HotSpot(TM) 64-Bit Server VM (17.0.12+8-LTS-286, mixed mode, sharing, tiered, compressed oops, compressed class ptrs, g1 gc, windows-amd64)
# No core dump will be written. Minidumps are not enabled by default on client versions of Windows
#

---------------  S U M M A R Y ------------

Command Line: -XX:MaxMetaspaceSize=512m --add-opens=java.base/java.util=ALL-UNNAMED --add-opens=java.base/java.lang=ALL-UNNAMED --add-opens=java.base/java.lang.invoke=ALL-UNNAMED --add-opens=java.prefs/java.util.prefs=ALL-UNNAMED --add-opens=java.base/java.nio.charset=ALL-UNNAMED --add-opens=java.base/java.net=ALL-UNNAMED --add-opens=java.base/java.util.concurrent.atomic=ALL-UNNAMED -Xmx2048m -Dfile.encoding=windows-1252 -Duser.country=AE -Duser.language=en -Duser.variant -javaagent:C:\Users\hp\.gradle\wrapper\dists\gradle-8.7-all\aan3ydargesu18aqyqjwhr3pc\gradle-8.7\lib\agents\gradle-instrumentation-agent-8.7.jar org.gradle.launcher.daemon.bootstrap.GradleDaemon 8.7

Host: 12th Gen Intel(R) Core(TM) i7-1255U, 12 cores, 7G,  Windows 11 , 64 bit Build 26100 (10.0.26100.3912)
Time: Tue Jun 17 09:09:13 2025 E. Africa Standard Time elapsed time: 64.445822 seconds (0d 0h 1m 4s)

---------------  T H R E A D  ---------------

Current thread (0x0000026c62bb03a0):  VMThread "VM Thread" [stack: 0x000000d3d3200000,0x000000d3d3300000] [id=32400]

Stack: [0x000000d3d3200000,0x000000d3d3300000]
Native frames: (J=compiled Java code, j=interpreted, Vv=VM code, C=native code)
V  [jvm.dll+0x67a04a]
V  [jvm.dll+0x7da4ed]
V  [jvm.dll+0x7dbe33]
V  [jvm.dll+0x7dc4a3]
V  [jvm.dll+0x24508f]
V  [jvm.dll+0x677089]
V  [jvm.dll+0x66bd32]
V  [jvm.dll+0x301fa6]
V  [jvm.dll+0x309546]
V  [jvm.dll+0x359d2e]
V  [jvm.dll+0x359f5f]
V  [jvm.dll+0x2d9078]
V  [jvm.dll+0x2d74ad]
V  [jvm.dll+0x2d6afc]
V  [jvm.dll+0x31a65b]
V  [jvm.dll+0x7e0d9b]
V  [jvm.dll+0x7e1ad4]
V  [jvm.dll+0x7e1fed]
V  [jvm.dll+0x7e23c4]
V  [jvm.dll+0x7e2490]
V  [jvm.dll+0x78abea]
V  [jvm.dll+0x678f35]
C  [ucrtbase.dll+0x37b0]
C  [KERNEL32.DLL+0x2e8d7]
C  [ntdll.dll+0x9c5dc]

VM_Operation (0x000000d3d49f3040): G1CollectForAllocation, mode: safepoint, requested by thread 0x0000026c041d80a0


---------------  P R O C E S S  ---------------

Threads class SMR info:
_java_thread_list=0x0000026c06516ec0, length=189, elements={
0x0000026c4469a4c0, 0x0000026c62bbe5c0, 0x0000026c62bbf090, 0x0000026c62bd93c0,
0x0000026c62bdbca0, 0x0000026c62bdcd10, 0x0000026c62bdd9f0, 0x0000026c62be2a30,
0x0000026c62be3340, 0x0000026c62be4430, 0x0000026c62ba40b0, 0x0000026c6372d980,
0x0000026c04ed2160, 0x0000026c045eaeb0, 0x0000026c04db81b0, 0x0000026c04de5790,
0x0000026c05275050, 0x0000026c041db850, 0x0000026c041d80a0, 0x0000026c041da920,
0x0000026c041dae30, 0x0000026c041d8fd0, 0x0000026c041d9f00, 0x0000026c041da410,
0x0000026c041db340, 0x0000026c041d8ac0, 0x0000026c041d94e0, 0x0000026c041d99f0,
0x0000026c0623aef0, 0x0000026c0623b400, 0x0000026c0623a9e0, 0x0000026c06239fc0,
0x0000026c0623b910, 0x0000026c0623be20, 0x0000026c0623c330, 0x0000026c0623c840,
0x0000026c0623cd50, 0x0000026c06377d70, 0x0000026c06377350, 0x0000026c06376e40,
0x0000026c06378280, 0x0000026c0637ab00, 0x0000026c0637a0e0, 0x0000026c0637b010,
0x0000026c06378790, 0x0000026c06377860, 0x0000026c06378ca0, 0x0000026c0637b520,
0x0000026c063796c0, 0x0000026c0637a5f0, 0x0000026c0637ba30, 0x0000026c0637bf40,
0x0000026c0637c960, 0x0000026c0637c450, 0x0000026c063791b0, 0x0000026c0637ce70,
0x0000026c0637d380, 0x0000026c06379bd0, 0x0000026c0637d890, 0x0000026c0637dda0,
0x0000026c0637e7c0, 0x0000026c0559b9b0, 0x0000026c0559c8e0, 0x0000026c0559cdf0,
0x0000026c0559d300, 0x0000026c0559d810, 0x0000026c0559a060, 0x0000026c0559b4a0,
0x0000026c0559dd20, 0x0000026c0559a570, 0x0000026c0559e230, 0x0000026c0559aa80,
0x0000026c0559e740, 0x0000026c0559f160, 0x0000026c0559c3d0, 0x0000026c0559ec50,
0x0000026c0559f670, 0x0000026c0559bec0, 0x0000026c055a05a0, 0x0000026c0559fb80,
0x0000026c055a14d0, 0x0000026c055a0090, 0x0000026c055a19e0, 0x0000026c055a0ab0,
0x0000026c055a0fc0, 0x0000026c055fb790, 0x0000026c055fbca0, 0x0000026c055fc1b0,
0x0000026c055fa350, 0x0000026c055fc6c0, 0x0000026c055fa860, 0x0000026c055fe520,
0x0000026c055fe010, 0x0000026c055fad70, 0x0000026c055fcbd0, 0x0000026c055fd0e0,
0x0000026c055fd5f0, 0x0000026c055fea30, 0x0000026c055fdb00, 0x0000026c055fb280,
0x0000026c05601cd0, 0x0000026c055ff960, 0x0000026c055fef40, 0x0000026c055ff450,
0x0000026c055ffe70, 0x0000026c05600380, 0x0000026c05600890, 0x0000026c05600da0,
0x0000026c056012b0, 0x0000026c056017c0, 0x0000026c062a3d50, 0x0000026c062a1ef0,
0x0000026c062a2400, 0x0000026c062a2910, 0x0000026c062a4260, 0x0000026c062a2e20,
0x0000026c062a3330, 0x0000026c062a4770, 0x0000026c062a3840, 0x0000026c062a0fc0,
0x0000026c062a4c80, 0x0000026c062a14d0, 0x0000026c062a5190, 0x0000026c062a19e0,
0x0000026c062a56a0, 0x0000026c062a5bb0, 0x0000026c062a7a10, 0x0000026c062a7500,
0x0000026c062a6ae0, 0x0000026c062a60c0, 0x0000026c062a65d0, 0x0000026c062a6ff0,
0x0000026c062a7f20, 0x0000026c062a8430, 0x0000026c062a8940, 0x0000026c06c9d300,
0x0000026c06c9a570, 0x0000026c06c9af90, 0x0000026c06c9d810, 0x0000026c06c9b9b0,
0x0000026c06c9aa80, 0x0000026c06c9a060, 0x0000026c06c9b4a0, 0x0000026c06c9bec0,
0x0000026c06c9c3d0, 0x0000026c06c9cdf0, 0x0000026c06c9c8e0, 0x0000026c7f78b7d0,
0x0000026c7f78b2c0, 0x0000026c7f788a40, 0x0000026c7f78c700, 0x0000026c7f78adb0,
0x0000026c7f78bce0, 0x0000026c7f78c1f0, 0x0000026c7f789460, 0x0000026c7f788f50,
0x0000026c7f78cc10, 0x0000026c7f78d120, 0x0000026c7f78a8a0, 0x0000026c7f789970,
0x0000026c7f78d630, 0x0000026c7f789e80, 0x0000026c7f78db40, 0x0000026c7f78a390,
0x0000026c7f78f490, 0x0000026c7f78e050, 0x0000026c7f78feb0, 0x0000026c7f78ea70,
0x0000026c7f78e560, 0x0000026c7f78ef80, 0x0000026c7f78f9a0, 0x0000026c7f7903c0,
0x0000026c06b71830, 0x0000026c06b6e080, 0x0000026c06b6fee0, 0x0000026c06b6efb0,
0x0000026c06b71d40, 0x0000026c06b6eaa0, 0x0000026c06b6f4c0, 0x0000026c06b6f9d0,
0x0000026c06b6e590, 0x0000026c06b703f0, 0x0000026c06b72250, 0x0000026c06b73690,
0x0000026c06b72760, 0x0000026c06b71320, 0x0000026c06b70900, 0x0000026c06b73ba0,
0x0000026c06b740b0
}

Java Threads: ( => current thread )
  0x0000026c4469a4c0 JavaThread "main" [_thread_blocked, id=41896, stack(0x000000d3d2c00000,0x000000d3d2d00000)]
  0x0000026c62bbe5c0 JavaThread "Reference Handler" daemon [_thread_blocked, id=12232, stack(0x000000d3d3300000,0x000000d3d3400000)]
  0x0000026c62bbf090 JavaThread "Finalizer" daemon [_thread_blocked, id=24568, stack(0x000000d3d3400000,0x000000d3d3500000)]
  0x0000026c62bd93c0 JavaThread "Signal Dispatcher" daemon [_thread_blocked, id=29096, stack(0x000000d3d3500000,0x000000d3d3600000)]
  0x0000026c62bdbca0 JavaThread "Attach Listener" daemon [_thread_blocked, id=36392, stack(0x000000d3d3600000,0x000000d3d3700000)]
  0x0000026c62bdcd10 JavaThread "Service Thread" daemon [_thread_blocked, id=28800, stack(0x000000d3d3700000,0x000000d3d3800000)]
  0x0000026c62bdd9f0 JavaThread "Monitor Deflation Thread" daemon [_thread_blocked, id=36740, stack(0x000000d3d3800000,0x000000d3d3900000)]
  0x0000026c62be2a30 JavaThread "C2 CompilerThread0" daemon [_thread_blocked, id=4620, stack(0x000000d3d3900000,0x000000d3d3a00000)]
  0x0000026c62be3340 JavaThread "C1 CompilerThread0" daemon [_thread_blocked, id=32388, stack(0x000000d3d3a00000,0x000000d3d3b00000)]
  0x0000026c62be4430 JavaThread "Sweeper thread" daemon [_thread_blocked, id=39248, stack(0x000000d3d3b00000,0x000000d3d3c00000)]
  0x0000026c62ba40b0 JavaThread "Common-Cleaner" daemon [_thread_blocked, id=36564, stack(0x000000d3d3c00000,0x000000d3d3d00000)]
  0x0000026c6372d980 JavaThread "Notification Thread" daemon [_thread_blocked, id=38076, stack(0x000000d3d3d00000,0x000000d3d3e00000)]
  0x0000026c04ed2160 JavaThread "Daemon health stats" [_thread_blocked, id=28872, stack(0x000000d3d4300000,0x000000d3d4400000)]
  0x0000026c045eaeb0 JavaThread "Incoming local TCP Connector on port 57653" [_thread_in_native, id=13076, stack(0x000000d3d4400000,0x000000d3d4500000)]
  0x0000026c04db81b0 JavaThread "Daemon periodic checks" [_thread_blocked, id=32584, stack(0x000000d3d4500000,0x000000d3d4600000)]
  0x0000026c04de5790 JavaThread "Daemon" [_thread_blocked, id=3392, stack(0x000000d3d4600000,0x000000d3d4700000)]
  0x0000026c05275050 JavaThread "Handler for socket connection from /127.0.0.1:57653 to /127.0.0.1:57654" [_thread_in_native, id=33028, stack(0x000000d3d4700000,0x000000d3d4800000)]
  0x0000026c041db850 JavaThread "Cancel handler" [_thread_blocked, id=36932, stack(0x000000d3d4800000,0x000000d3d4900000)]
  0x0000026c041d80a0 JavaThread "Daemon worker" [_thread_blocked, id=36960, stack(0x000000d3d4900000,0x000000d3d4a00000)]
  0x0000026c041da920 JavaThread "Asynchronous log dispatcher for DefaultDaemonConnection: socket connection from /127.0.0.1:57653 to /127.0.0.1:57654" [_thread_blocked, id=29672, stack(0x000000d3d4a00000,0x000000d3d4b00000)]
  0x0000026c041dae30 JavaThread "Stdin handler" [_thread_blocked, id=34848, stack(0x000000d3d4b00000,0x000000d3d4c00000)]
  0x0000026c041d8fd0 JavaThread "Daemon client event forwarder" [_thread_blocked, id=36192, stack(0x000000d3d4c00000,0x000000d3d4d00000)]
  0x0000026c041d9f00 JavaThread "Cache worker for journal cache (C:\Users\hp\.gradle\caches\journal-1)" [_thread_blocked, id=39116, stack(0x000000d3d4d00000,0x000000d3d4e00000)]
  0x0000026c041da410 JavaThread "File lock request listener" [_thread_in_native, id=1708, stack(0x000000d3d4e00000,0x000000d3d4f00000)]
  0x0000026c041db340 JavaThread "Cache worker for file hash cache (C:\Users\hp\.gradle\caches\8.7\fileHashes)" [_thread_blocked, id=26876, stack(0x000000d3d4f00000,0x000000d3d5000000)]
  0x0000026c041d8ac0 JavaThread "Cache worker for file hash cache (C:\Users\hp\Desktop\Projects\Wakala\wakala\wakala_app\android\.gradle\8.7\fileHashes)" [_thread_blocked, id=13456, stack(0x000000d3d5500000,0x000000d3d5600000)]
  0x0000026c041d94e0 JavaThread "File watcher server" daemon [_thread_blocked, id=38996, stack(0x000000d3d5600000,0x000000d3d5700000)]
  0x0000026c041d99f0 JavaThread "File watcher consumer" daemon [_thread_blocked, id=35996, stack(0x000000d3d5700000,0x000000d3d5800000)]
  0x0000026c0623aef0 JavaThread "Cache worker for checksums cache (C:\Users\hp\Desktop\Projects\Wakala\wakala\wakala_app\android\.gradle\8.7\checksums)" [_thread_blocked, id=33356, stack(0x000000d3d5a00000,0x000000d3d5b00000)]
  0x0000026c0623b400 JavaThread "Cache worker for cache directory md-supplier (C:\Users\hp\.gradle\caches\8.7\md-supplier)" [_thread_blocked, id=28188, stack(0x000000d3d5b00000,0x000000d3d5c00000)]
  0x0000026c0623a9e0 JavaThread "Cache worker for cache directory md-rule (C:\Users\hp\.gradle\caches\8.7\md-rule)" [_thread_blocked, id=31968, stack(0x000000d3d5c00000,0x000000d3d5d00000)]
  0x0000026c06239fc0 JavaThread "Cache worker for file content cache (C:\Users\hp\.gradle\caches\8.7\fileContent)" [_thread_blocked, id=41416, stack(0x000000d3d5d00000,0x000000d3d5e00000)]
  0x0000026c0623b910 JavaThread "jar transforms" [_thread_blocked, id=36576, stack(0x000000d3d5e00000,0x000000d3d5f00000)]
  0x0000026c0623be20 JavaThread "Unconstrained build operations" [_thread_blocked, id=8276, stack(0x000000d3d6000000,0x000000d3d6100000)]
  0x0000026c0623c330 JavaThread "Unconstrained build operations Thread 2" [_thread_blocked, id=11276, stack(0x000000d3d6100000,0x000000d3d6200000)]
  0x0000026c0623c840 JavaThread "Unconstrained build operations Thread 3" [_thread_blocked, id=28936, stack(0x000000d3d6200000,0x000000d3d6300000)]
  0x0000026c0623cd50 JavaThread "Unconstrained build operations Thread 4" [_thread_blocked, id=36848, stack(0x000000d3d6300000,0x000000d3d6400000)]
  0x0000026c06377d70 JavaThread "Cache worker for Build Output Cleanup Cache (C:\Users\hp\Desktop\Projects\Wakala\wakala\wakala_app\node_modules\@react-native\gradle-plugin\.gradle\buildOutputCleanup)" [_thread_blocked, id=12864, stack(0x000000d3d6400000,0x000000d3d6500000)]
  0x0000026c06377350 JavaThread "Unconstrained build operations Thread 5" [_thread_blocked, id=26428, stack(0x000000d3d6500000,0x000000d3d6600000)]
  0x0000026c06376e40 JavaThread "Unconstrained build operations Thread 6" [_thread_blocked, id=33472, stack(0x000000d3d6600000,0x000000d3d6700000)]
  0x0000026c06378280 JavaThread "Unconstrained build operations Thread 7" [_thread_blocked, id=41220, stack(0x000000d3d6700000,0x000000d3d6800000)]
  0x0000026c0637ab00 JavaThread "Unconstrained build operations Thread 8" [_thread_blocked, id=38108, stack(0x000000d3d6800000,0x000000d3d6900000)]
  0x0000026c0637a0e0 JavaThread "Unconstrained build operations Thread 9" [_thread_blocked, id=14328, stack(0x000000d3d6900000,0x000000d3d6a00000)]
  0x0000026c0637b010 JavaThread "Unconstrained build operations Thread 10" [_thread_blocked, id=38856, stack(0x000000d3d6a00000,0x000000d3d6b00000)]
  0x0000026c06378790 JavaThread "Unconstrained build operations Thread 11" [_thread_blocked, id=13736, stack(0x000000d3d6b00000,0x000000d3d6c00000)]
  0x0000026c06377860 JavaThread "Unconstrained build operations Thread 12" [_thread_blocked, id=39120, stack(0x000000d3d6c00000,0x000000d3d6d00000)]
  0x0000026c06378ca0 JavaThread "Unconstrained build operations Thread 13" [_thread_blocked, id=39756, stack(0x000000d3d6d00000,0x000000d3d6e00000)]
  0x0000026c0637b520 JavaThread "Unconstrained build operations Thread 14" [_thread_blocked, id=34492, stack(0x000000d3d6e00000,0x000000d3d6f00000)]
  0x0000026c063796c0 JavaThread "Unconstrained build operations Thread 15" [_thread_blocked, id=27740, stack(0x000000d3d6f00000,0x000000d3d7000000)]
  0x0000026c0637a5f0 JavaThread "Unconstrained build operations Thread 16" [_thread_blocked, id=40044, stack(0x000000d3d7000000,0x000000d3d7100000)]
  0x0000026c0637ba30 JavaThread "Unconstrained build operations Thread 17" [_thread_blocked, id=37312, stack(0x000000d3d7100000,0x000000d3d7200000)]
  0x0000026c0637bf40 JavaThread "Unconstrained build operations Thread 18" [_thread_blocked, id=41272, stack(0x000000d3d7200000,0x000000d3d7300000)]
  0x0000026c0637c960 JavaThread "Unconstrained build operations Thread 19" [_thread_blocked, id=30064, stack(0x000000d3d7300000,0x000000d3d7400000)]
  0x0000026c0637c450 JavaThread "Unconstrained build operations Thread 20" [_thread_blocked, id=37652, stack(0x000000d3d7400000,0x000000d3d7500000)]
  0x0000026c063791b0 JavaThread "Unconstrained build operations Thread 21" [_thread_blocked, id=38048, stack(0x000000d3d7500000,0x000000d3d7600000)]
  0x0000026c0637ce70 JavaThread "Unconstrained build operations Thread 22" [_thread_blocked, id=39640, stack(0x000000d3d7600000,0x000000d3d7700000)]
  0x0000026c0637d380 JavaThread "Unconstrained build operations Thread 23" [_thread_blocked, id=36688, stack(0x000000d3d7700000,0x000000d3d7800000)]
  0x0000026c06379bd0 JavaThread "Unconstrained build operations Thread 24" [_thread_blocked, id=40292, stack(0x000000d3d7800000,0x000000d3d7900000)]
  0x0000026c0637d890 JavaThread "Unconstrained build operations Thread 25" [_thread_blocked, id=39132, stack(0x000000d3d7900000,0x000000d3d7a00000)]
  0x0000026c0637dda0 JavaThread "Unconstrained build operations Thread 26" [_thread_blocked, id=4652, stack(0x000000d3d7a00000,0x000000d3d7b00000)]
  0x0000026c0637e7c0 JavaThread "Memory manager" [_thread_blocked, id=35396, stack(0x000000d3d7b00000,0x000000d3d7c00000)]
  0x0000026c0559b9b0 JavaThread "build event listener" [_thread_blocked, id=8792, stack(0x000000d3d7c00000,0x000000d3d7d00000)]
  0x0000026c0559c8e0 JavaThread "ForkJoinPool.commonPool-worker-1" daemon [_thread_blocked, id=30400, stack(0x000000d3d7e00000,0x000000d3d7f00000)]
  0x0000026c0559cdf0 JavaThread "ForkJoinPool.commonPool-worker-2" daemon [_thread_blocked, id=39540, stack(0x000000d3d7f00000,0x000000d3d8000000)]
  0x0000026c0559d300 JavaThread "ForkJoinPool.commonPool-worker-3" daemon [_thread_blocked, id=37884, stack(0x000000d3d8000000,0x000000d3d8100000)]
  0x0000026c0559d810 JavaThread "ForkJoinPool.commonPool-worker-4" daemon [_thread_blocked, id=36008, stack(0x000000d3d8100000,0x000000d3d8200000)]
  0x0000026c0559a060 JavaThread "ForkJoinPool.commonPool-worker-5" daemon [_thread_blocked, id=22388, stack(0x000000d3d8200000,0x000000d3d8300000)]
  0x0000026c0559b4a0 JavaThread "ForkJoinPool.commonPool-worker-6" daemon [_thread_blocked, id=35884, stack(0x000000d3d8300000,0x000000d3d8400000)]
  0x0000026c0559dd20 JavaThread "ForkJoinPool.commonPool-worker-8" daemon [_thread_blocked, id=31668, stack(0x000000d3d8400000,0x000000d3d8500000)]
  0x0000026c0559a570 JavaThread "ForkJoinPool.commonPool-worker-7" daemon [_thread_blocked, id=36596, stack(0x000000d3d8500000,0x000000d3d8600000)]
  0x0000026c0559e230 JavaThread "ForkJoinPool.commonPool-worker-9" daemon [_thread_blocked, id=30520, stack(0x000000d3d8600000,0x000000d3d8700000)]
  0x0000026c0559aa80 JavaThread "Exec process" [_thread_blocked, id=39988, stack(0x000000d3d8700000,0x000000d3d8800000)]
  0x0000026c0559e740 JavaThread "Exec process Thread 2" [_thread_blocked, id=36188, stack(0x000000d3d8800000,0x000000d3d8900000)]
  0x0000026c0559f160 JavaThread "Exec process Thread 3" [_thread_blocked, id=36248, stack(0x000000d3d8900000,0x000000d3d8a00000)]
  0x0000026c0559c3d0 JavaThread "ForkJoinPool.commonPool-worker-10" daemon [_thread_blocked, id=10744, stack(0x000000d3d8a00000,0x000000d3d8b00000)]
  0x0000026c0559ec50 JavaThread "ForkJoinPool.commonPool-worker-11" daemon [_thread_blocked, id=39748, stack(0x000000d3d8b00000,0x000000d3d8c00000)]
  0x0000026c0559f670 JavaThread "included builds" [_thread_blocked, id=14700, stack(0x000000d3d8c00000,0x000000d3d8d00000)]
  0x0000026c0559bec0 JavaThread "Execution worker" [_thread_blocked, id=35292, stack(0x000000d3d8d00000,0x000000d3d8e00000)]
  0x0000026c055a05a0 JavaThread "Execution worker Thread 2" [_thread_blocked, id=11084, stack(0x000000d3d8e00000,0x000000d3d8f00000)]
  0x0000026c0559fb80 JavaThread "Execution worker Thread 3" [_thread_blocked, id=37480, stack(0x000000d3d8f00000,0x000000d3d9000000)]
  0x0000026c055a14d0 JavaThread "Execution worker Thread 4" [_thread_blocked, id=39284, stack(0x000000d3d9000000,0x000000d3d9100000)]
  0x0000026c055a0090 JavaThread "Execution worker Thread 5" [_thread_blocked, id=36984, stack(0x000000d3d9100000,0x000000d3d9200000)]
  0x0000026c055a19e0 JavaThread "Execution worker Thread 6" [_thread_blocked, id=39352, stack(0x000000d3d9200000,0x000000d3d9300000)]
  0x0000026c055a0ab0 JavaThread "Execution worker Thread 7" [_thread_blocked, id=7748, stack(0x000000d3d9300000,0x000000d3d9400000)]
  0x0000026c055a0fc0 JavaThread "Execution worker Thread 8" [_thread_blocked, id=40664, stack(0x000000d3d9400000,0x000000d3d9500000)]
  0x0000026c055fb790 JavaThread "Execution worker Thread 9" [_thread_blocked, id=38504, stack(0x000000d3d9500000,0x000000d3d9600000)]
  0x0000026c055fbca0 JavaThread "Execution worker Thread 10" [_thread_blocked, id=23332, stack(0x000000d3d9600000,0x000000d3d9700000)]
  0x0000026c055fc1b0 JavaThread "Execution worker Thread 11" [_thread_blocked, id=37620, stack(0x000000d3d9700000,0x000000d3d9800000)]
  0x0000026c055fa350 JavaThread "Cache worker for execution history cache (C:\Users\hp\Desktop\Projects\Wakala\wakala\wakala_app\node_modules\@react-native\gradle-plugin\.gradle\8.7\executionHistory)" [_thread_blocked, id=14092, stack(0x000000d3d9800000,0x000000d3d9900000)]
  0x0000026c055fc6c0 JavaThread "Unconstrained build operations Thread 27" [_thread_blocked, id=32440, stack(0x000000d3d9900000,0x000000d3d9a00000)]
  0x0000026c055fa860 JavaThread "Unconstrained build operations Thread 28" [_thread_blocked, id=28092, stack(0x000000d3d9a00000,0x000000d3d9b00000)]
  0x0000026c055fe520 JavaThread "Unconstrained build operations Thread 29" [_thread_blocked, id=15328, stack(0x000000d3d9b00000,0x000000d3d9c00000)]
  0x0000026c055fe010 JavaThread "Unconstrained build operations Thread 30" [_thread_blocked, id=34060, stack(0x000000d3d9c00000,0x000000d3d9d00000)]
  0x0000026c055fad70 JavaThread "Unconstrained build operations Thread 31" [_thread_blocked, id=32144, stack(0x000000d3d9d00000,0x000000d3d9e00000)]
  0x0000026c055fcbd0 JavaThread "Unconstrained build operations Thread 32" [_thread_blocked, id=29032, stack(0x000000d3d9e00000,0x000000d3d9f00000)]
  0x0000026c055fd0e0 JavaThread "Unconstrained build operations Thread 33" [_thread_blocked, id=34516, stack(0x000000d3d9f00000,0x000000d3da000000)]
  0x0000026c055fd5f0 JavaThread "Unconstrained build operations Thread 34" [_thread_blocked, id=38632, stack(0x000000d3da000000,0x000000d3da100000)]
  0x0000026c055fea30 JavaThread "Unconstrained build operations Thread 35" [_thread_blocked, id=41980, stack(0x000000d3da100000,0x000000d3da200000)]
  0x0000026c055fdb00 JavaThread "Unconstrained build operations Thread 36" [_thread_blocked, id=38468, stack(0x000000d3da200000,0x000000d3da300000)]
  0x0000026c055fb280 JavaThread "Unconstrained build operations Thread 37" [_thread_blocked, id=34456, stack(0x000000d3da300000,0x000000d3da400000)]
  0x0000026c05601cd0 JavaThread "Unconstrained build operations Thread 38" [_thread_blocked, id=32820, stack(0x000000d3da400000,0x000000d3da500000)]
  0x0000026c055ff960 JavaThread "Unconstrained build operations Thread 39" [_thread_blocked, id=34964, stack(0x000000d3da500000,0x000000d3da600000)]
  0x0000026c055fef40 JavaThread "Unconstrained build operations Thread 40" [_thread_blocked, id=30700, stack(0x000000d3da600000,0x000000d3da700000)]
  0x0000026c055ff450 JavaThread "Unconstrained build operations Thread 41" [_thread_blocked, id=38948, stack(0x000000d3da700000,0x000000d3da800000)]
  0x0000026c055ffe70 JavaThread "Unconstrained build operations Thread 42" [_thread_blocked, id=37460, stack(0x000000d3da800000,0x000000d3da900000)]
  0x0000026c05600380 JavaThread "Unconstrained build operations Thread 43" [_thread_blocked, id=9412, stack(0x000000d3da900000,0x000000d3daa00000)]
  0x0000026c05600890 JavaThread "Unconstrained build operations Thread 44" [_thread_blocked, id=24996, stack(0x000000d3daa00000,0x000000d3dab00000)]
  0x0000026c05600da0 JavaThread "Unconstrained build operations Thread 45" [_thread_blocked, id=29496, stack(0x000000d3dab00000,0x000000d3dac00000)]
  0x0000026c056012b0 JavaThread "Unconstrained build operations Thread 46" [_thread_blocked, id=19932, stack(0x000000d3dac00000,0x000000d3dad00000)]
  0x0000026c056017c0 JavaThread "Unconstrained build operations Thread 47" [_thread_blocked, id=40184, stack(0x000000d3dad00000,0x000000d3dae00000)]
  0x0000026c062a3d50 JavaThread "Unconstrained build operations Thread 48" [_thread_blocked, id=39020, stack(0x000000d3dae00000,0x000000d3daf00000)]
  0x0000026c062a1ef0 JavaThread "Unconstrained build operations Thread 49" [_thread_blocked, id=29172, stack(0x000000d3daf00000,0x000000d3db000000)]
  0x0000026c062a2400 JavaThread "Unconstrained build operations Thread 50" [_thread_blocked, id=33584, stack(0x000000d3db000000,0x000000d3db100000)]
  0x0000026c062a2910 JavaThread "Unconstrained build operations Thread 51" [_thread_blocked, id=38872, stack(0x000000d3db100000,0x000000d3db200000)]
  0x0000026c062a4260 JavaThread "Unconstrained build operations Thread 52" [_thread_blocked, id=32732, stack(0x000000d3db200000,0x000000d3db300000)]
  0x0000026c062a2e20 JavaThread "Unconstrained build operations Thread 53" [_thread_blocked, id=31752, stack(0x000000d3db300000,0x000000d3db400000)]
  0x0000026c062a3330 JavaThread "Unconstrained build operations Thread 54" [_thread_blocked, id=34572, stack(0x000000d3db400000,0x000000d3db500000)]
  0x0000026c062a4770 JavaThread "Unconstrained build operations Thread 55" [_thread_blocked, id=31492, stack(0x000000d3db500000,0x000000d3db600000)]
  0x0000026c062a3840 JavaThread "Unconstrained build operations Thread 56" [_thread_blocked, id=32192, stack(0x000000d3db600000,0x000000d3db700000)]
  0x0000026c062a0fc0 JavaThread "Unconstrained build operations Thread 57" [_thread_blocked, id=12020, stack(0x000000d3db700000,0x000000d3db800000)]
  0x0000026c062a4c80 JavaThread "Unconstrained build operations Thread 58" [_thread_blocked, id=30636, stack(0x000000d3db800000,0x000000d3db900000)]
  0x0000026c062a14d0 JavaThread "Unconstrained build operations Thread 59" [_thread_blocked, id=20084, stack(0x000000d3db900000,0x000000d3dba00000)]
  0x0000026c062a5190 JavaThread "Unconstrained build operations Thread 60" [_thread_blocked, id=8984, stack(0x000000d3dba00000,0x000000d3dbb00000)]
  0x0000026c062a19e0 JavaThread "Unconstrained build operations Thread 61" [_thread_blocked, id=37844, stack(0x000000d3dbb00000,0x000000d3dbc00000)]
  0x0000026c062a56a0 JavaThread "Unconstrained build operations Thread 62" [_thread_blocked, id=28088, stack(0x000000d3dbc00000,0x000000d3dbd00000)]
  0x0000026c062a5bb0 JavaThread "Unconstrained build operations Thread 63" [_thread_blocked, id=30388, stack(0x000000d3dbd00000,0x000000d3dbe00000)]
  0x0000026c062a7a10 JavaThread "Unconstrained build operations Thread 64" [_thread_blocked, id=33516, stack(0x000000d3dbe00000,0x000000d3dbf00000)]
  0x0000026c062a7500 JavaThread "Unconstrained build operations Thread 65" [_thread_blocked, id=26696, stack(0x000000d3dbf00000,0x000000d3dc000000)]
  0x0000026c062a6ae0 JavaThread "Unconstrained build operations Thread 66" [_thread_blocked, id=34936, stack(0x000000d3dc000000,0x000000d3dc100000)]
  0x0000026c062a60c0 JavaThread "Unconstrained build operations Thread 67" [_thread_blocked, id=31032, stack(0x000000d3dc100000,0x000000d3dc200000)]
  0x0000026c062a65d0 JavaThread "Unconstrained build operations Thread 68" [_thread_blocked, id=37324, stack(0x000000d3dc200000,0x000000d3dc300000)]
  0x0000026c062a6ff0 JavaThread "Unconstrained build operations Thread 69" [_thread_blocked, id=33956, stack(0x000000d3dc300000,0x000000d3dc400000)]
  0x0000026c062a7f20 JavaThread "Unconstrained build operations Thread 70" [_thread_blocked, id=34068, stack(0x000000d3dc400000,0x000000d3dc500000)]
  0x0000026c062a8430 JavaThread "Unconstrained build operations Thread 71" [_thread_blocked, id=23380, stack(0x000000d3dc500000,0x000000d3dc600000)]
  0x0000026c062a8940 JavaThread "Unconstrained build operations Thread 72" [_thread_blocked, id=31488, stack(0x000000d3dc600000,0x000000d3dc700000)]
  0x0000026c06c9d300 JavaThread "Unconstrained build operations Thread 73" [_thread_blocked, id=28520, stack(0x000000d3dc700000,0x000000d3dc800000)]
  0x0000026c06c9a570 JavaThread "Unconstrained build operations Thread 74" [_thread_blocked, id=27544, stack(0x000000d3dc800000,0x000000d3dc900000)]
  0x0000026c06c9af90 JavaThread "Unconstrained build operations Thread 75" [_thread_blocked, id=27888, stack(0x000000d3dc900000,0x000000d3dca00000)]
  0x0000026c06c9d810 JavaThread "Unconstrained build operations Thread 76" [_thread_blocked, id=28836, stack(0x000000d3dca00000,0x000000d3dcb00000)]
  0x0000026c06c9b9b0 JavaThread "Unconstrained build operations Thread 77" [_thread_blocked, id=5580, stack(0x000000d3dcb00000,0x000000d3dcc00000)]
  0x0000026c06c9aa80 JavaThread "Unconstrained build operations Thread 78" [_thread_blocked, id=15936, stack(0x000000d3dcc00000,0x000000d3dcd00000)]
  0x0000026c06c9a060 JavaThread "Unconstrained build operations Thread 79" [_thread_blocked, id=37356, stack(0x000000d3dcd00000,0x000000d3dce00000)]
  0x0000026c06c9b4a0 JavaThread "Unconstrained build operations Thread 80" [_thread_blocked, id=28700, stack(0x000000d3dce00000,0x000000d3dcf00000)]
  0x0000026c06c9bec0 JavaThread "Unconstrained build operations Thread 81" [_thread_blocked, id=22532, stack(0x000000d3dcf00000,0x000000d3dd000000)]
  0x0000026c06c9c3d0 JavaThread "Unconstrained build operations Thread 82" [_thread_blocked, id=2968, stack(0x000000d3dd000000,0x000000d3dd100000)]
  0x0000026c06c9cdf0 JavaThread "jar transforms Thread 2" [_thread_blocked, id=34424, stack(0x000000d3dd100000,0x000000d3dd200000)]
  0x0000026c06c9c8e0 JavaThread "Cache worker for Build Output Cleanup Cache (C:\Users\hp\Desktop\Projects\Wakala\wakala\wakala_app\android\.gradle\buildOutputCleanup)" [_thread_blocked, id=39764, stack(0x000000d3dd200000,0x000000d3dd300000)]
  0x0000026c7f78b7d0 JavaThread "jar transforms Thread 3" [_thread_blocked, id=37912, stack(0x000000d3dd300000,0x000000d3dd400000)]
  0x0000026c7f78b2c0 JavaThread "Unconstrained build operations Thread 83" [_thread_blocked, id=9584, stack(0x000000d3dd400000,0x000000d3dd500000)]
  0x0000026c7f788a40 JavaThread "Unconstrained build operations Thread 84" [_thread_blocked, id=7056, stack(0x000000d3dd500000,0x000000d3dd600000)]
  0x0000026c7f78c700 JavaThread "Unconstrained build operations Thread 85" [_thread_blocked, id=24740, stack(0x000000d3dd600000,0x000000d3dd700000)]
  0x0000026c7f78adb0 JavaThread "Unconstrained build operations Thread 86" [_thread_blocked, id=2016, stack(0x000000d3dd700000,0x000000d3dd800000)]
  0x0000026c7f78bce0 JavaThread "Unconstrained build operations Thread 87" [_thread_blocked, id=37280, stack(0x000000d3dd800000,0x000000d3dd900000)]
  0x0000026c7f78c1f0 JavaThread "Unconstrained build operations Thread 88" [_thread_blocked, id=3848, stack(0x000000d3dd900000,0x000000d3dda00000)]
  0x0000026c7f789460 JavaThread "Unconstrained build operations Thread 89" [_thread_blocked, id=29476, stack(0x000000d3dda00000,0x000000d3ddb00000)]
  0x0000026c7f788f50 JavaThread "Unconstrained build operations Thread 90" [_thread_blocked, id=35200, stack(0x000000d3ddb00000,0x000000d3ddc00000)]
  0x0000026c7f78cc10 JavaThread "Unconstrained build operations Thread 91" [_thread_blocked, id=39792, stack(0x000000d3ddc00000,0x000000d3ddd00000)]
  0x0000026c7f78d120 JavaThread "Unconstrained build operations Thread 92" [_thread_blocked, id=28036, stack(0x000000d3ddd00000,0x000000d3dde00000)]
  0x0000026c7f78a8a0 JavaThread "Unconstrained build operations Thread 93" [_thread_blocked, id=3152, stack(0x000000d3dde00000,0x000000d3ddf00000)]
  0x0000026c7f789970 JavaThread "Unconstrained build operations Thread 94" [_thread_blocked, id=30816, stack(0x000000d3ddf00000,0x000000d3de000000)]
  0x0000026c7f78d630 JavaThread "Unconstrained build operations Thread 95" [_thread_blocked, id=34196, stack(0x000000d3de000000,0x000000d3de100000)]
  0x0000026c7f789e80 JavaThread "Unconstrained build operations Thread 96" [_thread_blocked, id=36772, stack(0x000000d3de100000,0x000000d3de200000)]
  0x0000026c7f78db40 JavaThread "Unconstrained build operations Thread 97" [_thread_blocked, id=35056, stack(0x000000d3de200000,0x000000d3de300000)]
  0x0000026c7f78a390 JavaThread "Unconstrained build operations Thread 98" [_thread_blocked, id=41044, stack(0x000000d3de300000,0x000000d3de400000)]
  0x0000026c7f78f490 JavaThread "Unconstrained build operations Thread 99" [_thread_blocked, id=33732, stack(0x000000d3de400000,0x000000d3de500000)]
  0x0000026c7f78e050 JavaThread "Unconstrained build operations Thread 100" [_thread_blocked, id=37944, stack(0x000000d3de500000,0x000000d3de600000)]
  0x0000026c7f78feb0 JavaThread "Unconstrained build operations Thread 101" [_thread_blocked, id=34464, stack(0x000000d3de600000,0x000000d3de700000)]
  0x0000026c7f78ea70 JavaThread "Unconstrained build operations Thread 102" [_thread_blocked, id=37932, stack(0x000000d3de700000,0x000000d3de800000)]
  0x0000026c7f78e560 JavaThread "Unconstrained build operations Thread 103" [_thread_blocked, id=27620, stack(0x000000d3de800000,0x000000d3de900000)]
  0x0000026c7f78ef80 JavaThread "Unconstrained build operations Thread 104" [_thread_blocked, id=39772, stack(0x000000d3de900000,0x000000d3dea00000)]
  0x0000026c7f78f9a0 JavaThread "Unconstrained build operations Thread 105" [_thread_blocked, id=28436, stack(0x000000d3dea00000,0x000000d3deb00000)]
  0x0000026c7f7903c0 JavaThread "Unconstrained build operations Thread 106" [_thread_blocked, id=27428, stack(0x000000d3deb00000,0x000000d3dec00000)]
  0x0000026c06b71830 JavaThread "Unconstrained build operations Thread 107" [_thread_blocked, id=41072, stack(0x000000d3dec00000,0x000000d3ded00000)]
  0x0000026c06b6e080 JavaThread "Unconstrained build operations Thread 108" [_thread_blocked, id=14960, stack(0x000000d3ded00000,0x000000d3dee00000)]
  0x0000026c06b6fee0 JavaThread "Unconstrained build operations Thread 109" [_thread_blocked, id=30556, stack(0x000000d3dee00000,0x000000d3def00000)]
  0x0000026c06b6efb0 JavaThread "Unconstrained build operations Thread 110" [_thread_blocked, id=21024, stack(0x000000d3def00000,0x000000d3df000000)]
  0x0000026c06b71d40 JavaThread "Unconstrained build operations Thread 111" [_thread_blocked, id=38392, stack(0x000000d3df000000,0x000000d3df100000)]
  0x0000026c06b6eaa0 JavaThread "Unconstrained build operations Thread 112" [_thread_blocked, id=40160, stack(0x000000d3df100000,0x000000d3df200000)]
  0x0000026c06b6f4c0 JavaThread "Unconstrained build operations Thread 113" [_thread_blocked, id=29440, stack(0x000000d3df200000,0x000000d3df300000)]
  0x0000026c06b6f9d0 JavaThread "Unconstrained build operations Thread 114" [_thread_blocked, id=41624, stack(0x000000d3df300000,0x000000d3df400000)]
  0x0000026c06b6e590 JavaThread "Unconstrained build operations Thread 115" [_thread_blocked, id=41008, stack(0x000000d3df400000,0x000000d3df500000)]
  0x0000026c06b703f0 JavaThread "Unconstrained build operations Thread 116" [_thread_blocked, id=11904, stack(0x000000d3df500000,0x000000d3df600000)]
  0x0000026c06b72250 JavaThread "Unconstrained build operations Thread 117" [_thread_blocked, id=30188, stack(0x000000d3df600000,0x000000d3df700000)]
  0x0000026c06b73690 JavaThread "Unconstrained build operations Thread 118" [_thread_blocked, id=33288, stack(0x000000d3df700000,0x000000d3df800000)]
  0x0000026c06b72760 JavaThread "Unconstrained build operations Thread 119" [_thread_blocked, id=33668, stack(0x000000d3df800000,0x000000d3df900000)]
  0x0000026c06b71320 JavaThread "Unconstrained build operations Thread 120" [_thread_blocked, id=41848, stack(0x000000d3df900000,0x000000d3dfa00000)]
  0x0000026c06b70900 JavaThread "jar transforms Thread 4" [_thread_blocked, id=29820, stack(0x000000d3dfa00000,0x000000d3dfb00000)]
  0x0000026c06b73ba0 JavaThread "jar transforms Thread 5" [_thread_blocked, id=38976, stack(0x000000d3d2900000,0x000000d3d2a00000)]
  0x0000026c06b740b0 JavaThread "jar transforms Thread 6" [_thread_blocked, id=34752, stack(0x000000d3d2a00000,0x000000d3d2b00000)]

Other Threads:
=>0x0000026c62bb03a0 VMThread "VM Thread" [stack: 0x000000d3d3200000,0x000000d3d3300000] [id=32400]
  0x0000026c4469b250 WatcherThread [stack: 0x000000d3d3e00000,0x000000d3d3f00000] [id=41068]
  0x0000026c446f7ba0 GCTaskThread "GC Thread#0" [stack: 0x000000d3d2d00000,0x000000d3d2e00000] [id=39688]
  0x0000026c7f728be0 GCTaskThread "GC Thread#1" [stack: 0x000000d3d3f00000,0x000000d3d4000000] [id=1264]
  0x0000026c6385e2b0 GCTaskThread "GC Thread#2" [stack: 0x000000d3d4000000,0x000000d3d4100000] [id=9488]
  0x0000026c638bc270 GCTaskThread "GC Thread#3" [stack: 0x000000d3d4100000,0x000000d3d4200000] [id=41720]
  0x0000026c040ca230 GCTaskThread "GC Thread#4" [stack: 0x000000d3d4200000,0x000000d3d4300000] [id=14912]
  0x0000026c049795f0 GCTaskThread "GC Thread#5" [stack: 0x000000d3d5000000,0x000000d3d5100000] [id=11200]
  0x0000026c05c05f00 GCTaskThread "GC Thread#6" [stack: 0x000000d3d5100000,0x000000d3d5200000] [id=37104]
  0x0000026c05747bd0 GCTaskThread "GC Thread#7" [stack: 0x000000d3d5200000,0x000000d3d5300000] [id=29724]
  0x0000026c05747e90 GCTaskThread "GC Thread#8" [stack: 0x000000d3d5300000,0x000000d3d5400000] [id=38172]
  0x0000026c05357d50 GCTaskThread "GC Thread#9" [stack: 0x000000d3d5400000,0x000000d3d5500000] [id=33652]
  0x0000026c447096d0 ConcurrentGCThread "G1 Main Marker" [stack: 0x000000d3d2e00000,0x000000d3d2f00000] [id=11236]
  0x0000026c44709ff0 ConcurrentGCThread "G1 Conc#0" [stack: 0x000000d3d2f00000,0x000000d3d3000000] [id=11896]
  0x0000026c7f0affd0 ConcurrentGCThread "G1 Conc#1" [stack: 0x000000d3d5800000,0x000000d3d5900000] [id=21676]
  0x0000026c7f1a0ff0 ConcurrentGCThread "G1 Conc#2" [stack: 0x000000d3d5900000,0x000000d3d5a00000] [id=30476]
  0x0000026c4474ecd0 ConcurrentGCThread "G1 Refine#0" [stack: 0x000000d3d3000000,0x000000d3d3100000] [id=32204]
  0x0000026c62a6b270 ConcurrentGCThread "G1 Service" [stack: 0x000000d3d3100000,0x000000d3d3200000] [id=32532]

Threads with active compile tasks:

VM state: at safepoint (normal execution)

VM Mutex/Monitor currently owned by a thread:  ([mutex/lock_event])
[0x0000026c42c4bd80] Threads_lock - owner thread: 0x0000026c62bb03a0
[0x0000026c44695290] Heap_lock - owner thread: 0x0000026c041d80a0

Heap address: 0x0000000080000000, size: 2048 MB, Compressed Oops mode: 32-bit

CDS archive(s) mapped at: [0x0000026c64000000-0x0000026c64bd0000-0x0000026c64bd0000), size 12386304, SharedBaseAddress: 0x0000026c64000000, ArchiveRelocationMode: 1.
Compressed class space mapped at: 0x0000026c65000000-0x0000026c7f000000, reserved size: 436207616
Narrow klass base: 0x0000026c64000000, Narrow klass shift: 0, Narrow klass range: 0x100000000

GC Precious Log:
 CPUs: 12 total, 12 available
 Memory: 7860M
 Large Page Support: Disabled
 NUMA Support: Disabled
 Compressed Oops: Enabled (32-bit)
 Heap Region Size: 1M
 Heap Min Capacity: 8M
 Heap Initial Capacity: 124M
 Heap Max Capacity: 2G
 Pre-touch: Disabled
 Parallel Workers: 10
 Concurrent Workers: 3
 Concurrent Refinement Workers: 10
 Periodic GC: Disabled

Heap:
 garbage-first heap   total 140288K, used 97243K [0x0000000080000000, 0x0000000100000000)
  region size 1024K, 4 young (4096K), 4 survivors (4096K)
 Metaspace       used 77733K, committed 78528K, reserved 557056K
  class space    used 10863K, committed 11264K, reserved 425984K

Heap Regions: E=young(eden), S=young(survivor), O=old, HS=humongous(starts), HC=humongous(continues), CS=collection set, F=free, OA=open archive, CA=closed archive, TAMS=top-at-mark-start (previous, next)
|   0|0x0000000080000000, 0x0000000080100000, 0x0000000080100000|100%|HS|  |TAMS 0x0000000080100000, 0x0000000080000000| Complete 
|   1|0x0000000080100000, 0x0000000080200000, 0x0000000080200000|100%|HC|  |TAMS 0x0000000080200000, 0x0000000080100000| Complete 
|   2|0x0000000080200000, 0x0000000080300000, 0x0000000080300000|100%|HC|  |TAMS 0x0000000080300000, 0x0000000080200000| Complete 
|   3|0x0000000080300000, 0x0000000080400000, 0x0000000080400000|100%|HC|  |TAMS 0x0000000080400000, 0x0000000080300000| Complete 
|   4|0x0000000080400000, 0x0000000080500000, 0x0000000080500000|100%| O|  |TAMS 0x0000000080500000, 0x0000000080400000| Untracked 
|   5|0x0000000080500000, 0x0000000080600000, 0x0000000080600000|100%| O|  |TAMS 0x0000000080600000, 0x0000000080500000| Untracked 
|   6|0x0000000080600000, 0x0000000080700000, 0x0000000080700000|100%| O|  |TAMS 0x0000000080700000, 0x0000000080600000| Untracked 
|   7|0x0000000080700000, 0x0000000080800000, 0x0000000080800000|100%| O|  |TAMS 0x0000000080800000, 0x0000000080700000| Untracked 
|   8|0x0000000080800000, 0x0000000080900000, 0x0000000080900000|100%| O|  |TAMS 0x0000000080900000, 0x0000000080800000| Untracked 
|   9|0x0000000080900000, 0x0000000080a00000, 0x0000000080a00000|100%| O|  |TAMS 0x0000000080a00000, 0x0000000080900000| Untracked 
|  10|0x0000000080a00000, 0x0000000080b00000, 0x0000000080b00000|100%| O|  |TAMS 0x0000000080b00000, 0x0000000080a00000| Untracked 
|  11|0x0000000080b00000, 0x0000000080c00000, 0x0000000080c00000|100%| O|  |TAMS 0x0000000080c00000, 0x0000000080b00000| Untracked 
|  12|0x0000000080c00000, 0x0000000080d00000, 0x0000000080d00000|100%| O|  |TAMS 0x0000000080d00000, 0x0000000080c00000| Untracked 
|  13|0x0000000080d00000, 0x0000000080e00000, 0x0000000080e00000|100%| O|  |TAMS 0x0000000080e00000, 0x0000000080d00000| Untracked 
|  14|0x0000000080e00000, 0x0000000080f00000, 0x0000000080f00000|100%| O|  |TAMS 0x0000000080f00000, 0x0000000080e00000| Untracked 
|  15|0x0000000080f00000, 0x0000000081000000, 0x0000000081000000|100%| O|  |TAMS 0x0000000081000000, 0x0000000080f00000| Untracked 
|  16|0x0000000081000000, 0x0000000081100000, 0x0000000081100000|100%| O|  |TAMS 0x0000000081100000, 0x0000000081000000| Untracked 
|  17|0x0000000081100000, 0x0000000081200000, 0x0000000081200000|100%| O|  |TAMS 0x0000000081200000, 0x0000000081100000| Untracked 
|  18|0x0000000081200000, 0x0000000081300000, 0x0000000081300000|100%| O|  |TAMS 0x0000000081300000, 0x0000000081200000| Untracked 
|  19|0x0000000081300000, 0x0000000081400000, 0x0000000081400000|100%| O|  |TAMS 0x0000000081300000, 0x0000000081300000| Untracked 
|  20|0x0000000081400000, 0x0000000081500000, 0x0000000081500000|100%| O|  |TAMS 0x0000000081500000, 0x0000000081400000| Untracked 
|  21|0x0000000081500000, 0x0000000081600000, 0x0000000081600000|100%| O|  |TAMS 0x0000000081600000, 0x0000000081500000| Untracked 
|  22|0x0000000081600000, 0x0000000081700000, 0x0000000081700000|100%| O|  |TAMS 0x0000000081700000, 0x0000000081600000| Untracked 
|  23|0x0000000081700000, 0x0000000081800000, 0x0000000081800000|100%| O|  |TAMS 0x0000000081800000, 0x0000000081700000| Untracked 
|  24|0x0000000081800000, 0x0000000081900000, 0x0000000081900000|100%| O|  |TAMS 0x0000000081900000, 0x0000000081800000| Untracked 
|  25|0x0000000081900000, 0x0000000081a00000, 0x0000000081a00000|100%| O|  |TAMS 0x0000000081a00000, 0x0000000081900000| Untracked 
|  26|0x0000000081a00000, 0x0000000081b00000, 0x0000000081b00000|100%| O|  |TAMS 0x0000000081b00000, 0x0000000081a00000| Untracked 
|  27|0x0000000081b00000, 0x0000000081c00000, 0x0000000081c00000|100%| O|  |TAMS 0x0000000081c00000, 0x0000000081b00000| Untracked 
|  28|0x0000000081c00000, 0x0000000081d00000, 0x0000000081d00000|100%| O|  |TAMS 0x0000000081d00000, 0x0000000081c00000| Untracked 
|  29|0x0000000081d00000, 0x0000000081e00000, 0x0000000081e00000|100%| O|  |TAMS 0x0000000081e00000, 0x0000000081d00000| Untracked 
|  30|0x0000000081e00000, 0x0000000081f00000, 0x0000000081f00000|100%| O|  |TAMS 0x0000000081f00000, 0x0000000081e00000| Untracked 
|  31|0x0000000081f00000, 0x0000000082000000, 0x0000000082000000|100%| O|  |TAMS 0x0000000082000000, 0x0000000081f00000| Untracked 
|  32|0x0000000082000000, 0x0000000082100000, 0x0000000082100000|100%| O|  |TAMS 0x0000000082100000, 0x0000000082000000| Untracked 
|  33|0x0000000082100000, 0x0000000082200000, 0x0000000082200000|100%| O|  |TAMS 0x0000000082200000, 0x0000000082100000| Untracked 
|  34|0x0000000082200000, 0x0000000082300000, 0x0000000082300000|100%| O|  |TAMS 0x0000000082300000, 0x0000000082200000| Untracked 
|  35|0x0000000082300000, 0x0000000082400000, 0x0000000082400000|100%| O|  |TAMS 0x0000000082400000, 0x0000000082300000| Untracked 
|  36|0x0000000082400000, 0x0000000082500000, 0x0000000082500000|100%| O|  |TAMS 0x0000000082500000, 0x0000000082400000| Untracked 
|  37|0x0000000082500000, 0x0000000082600000, 0x0000000082600000|100%| O|  |TAMS 0x0000000082500000, 0x0000000082500000| Untracked 
|  38|0x0000000082600000, 0x0000000082700000, 0x0000000082700000|100%| O|  |TAMS 0x0000000082700000, 0x0000000082600000| Untracked 
|  39|0x0000000082700000, 0x0000000082800000, 0x0000000082800000|100%| O|  |TAMS 0x0000000082800000, 0x0000000082700000| Untracked 
|  40|0x0000000082800000, 0x0000000082900000, 0x0000000082900000|100%| O|  |TAMS 0x0000000082900000, 0x0000000082800000| Untracked 
|  41|0x0000000082900000, 0x0000000082a00000, 0x0000000082a00000|100%|HS|  |TAMS 0x0000000082900000, 0x0000000082900000| Complete 
|  42|0x0000000082a00000, 0x0000000082b00000, 0x0000000082b00000|100%| O|  |TAMS 0x0000000082b00000, 0x0000000082a00000| Untracked 
|  43|0x0000000082b00000, 0x0000000082c00000, 0x0000000082c00000|100%| O|  |TAMS 0x0000000082c00000, 0x0000000082b00000| Untracked 
|  44|0x0000000082c00000, 0x0000000082d00000, 0x0000000082d00000|100%|HS|  |TAMS 0x0000000082d00000, 0x0000000082c00000| Complete 
|  45|0x0000000082d00000, 0x0000000082e00000, 0x0000000082e00000|100%|HC|  |TAMS 0x0000000082e00000, 0x0000000082d00000| Complete 
|  46|0x0000000082e00000, 0x0000000082f00000, 0x0000000082f00000|100%|HS|  |TAMS 0x0000000082f00000, 0x0000000082e00000| Complete 
|  47|0x0000000082f00000, 0x0000000083000000, 0x0000000083000000|100%|HC|  |TAMS 0x0000000083000000, 0x0000000082f00000| Complete 
|  48|0x0000000083000000, 0x0000000083100000, 0x0000000083100000|100%| O|  |TAMS 0x0000000083100000, 0x0000000083000000| Untracked 
|  49|0x0000000083100000, 0x0000000083200000, 0x0000000083200000|100%|HS|  |TAMS 0x0000000083200000, 0x0000000083100000| Complete 
|  50|0x0000000083200000, 0x0000000083300000, 0x0000000083300000|100%|HC|  |TAMS 0x0000000083300000, 0x0000000083200000| Complete 
|  51|0x0000000083300000, 0x0000000083400000, 0x0000000083400000|100%|HC|  |TAMS 0x0000000083400000, 0x0000000083300000| Complete 
|  52|0x0000000083400000, 0x0000000083500000, 0x0000000083500000|100%|HC|  |TAMS 0x0000000083500000, 0x0000000083400000| Complete 
|  53|0x0000000083500000, 0x0000000083600000, 0x0000000083600000|100%| O|  |TAMS 0x0000000083600000, 0x0000000083500000| Untracked 
|  54|0x0000000083600000, 0x0000000083700000, 0x0000000083700000|100%|HS|  |TAMS 0x0000000083700000, 0x0000000083600000| Complete 
|  55|0x0000000083700000, 0x0000000083800000, 0x0000000083800000|100%|HC|  |TAMS 0x0000000083800000, 0x0000000083700000| Complete 
|  56|0x0000000083800000, 0x0000000083900000, 0x0000000083900000|100%|HC|  |TAMS 0x0000000083900000, 0x0000000083800000| Complete 
|  57|0x0000000083900000, 0x0000000083a00000, 0x0000000083a00000|100%|HC|  |TAMS 0x0000000083a00000, 0x0000000083900000| Complete 
|  58|0x0000000083a00000, 0x0000000083b00000, 0x0000000083b00000|100%| O|  |TAMS 0x0000000083b00000, 0x0000000083a00000| Untracked 
|  59|0x0000000083b00000, 0x0000000083c00000, 0x0000000083c00000|100%| O|  |TAMS 0x0000000083c00000, 0x0000000083b00000| Untracked 
|  60|0x0000000083c00000, 0x0000000083d00000, 0x0000000083d00000|100%| O|  |TAMS 0x0000000083d00000, 0x0000000083c00000| Untracked 
|  61|0x0000000083d00000, 0x0000000083e00000, 0x0000000083e00000|100%| O|  |TAMS 0x0000000083e00000, 0x0000000083d00000| Untracked 
|  62|0x0000000083e00000, 0x0000000083f00000, 0x0000000083f00000|100%| O|  |TAMS 0x0000000083f00000, 0x0000000083e00000| Untracked 
|  63|0x0000000083f00000, 0x0000000084000000, 0x0000000084000000|100%| O|  |TAMS 0x0000000084000000, 0x0000000083f00000| Untracked 
|  64|0x0000000084000000, 0x0000000084100000, 0x0000000084100000|100%| O|  |TAMS 0x0000000084100000, 0x0000000084000000| Untracked 
|  65|0x0000000084100000, 0x0000000084200000, 0x0000000084200000|100%| O|  |TAMS 0x0000000084200000, 0x0000000084100000| Untracked 
|  66|0x0000000084200000, 0x0000000084300000, 0x0000000084300000|100%| O|  |TAMS 0x0000000084300000, 0x0000000084200000| Untracked 
|  67|0x0000000084300000, 0x0000000084400000, 0x0000000084400000|100%| O|  |TAMS 0x0000000084400000, 0x0000000084300000| Untracked 
|  68|0x0000000084400000, 0x0000000084500000, 0x0000000084500000|100%|HS|  |TAMS 0x0000000084400000, 0x0000000084400000| Complete 
|  69|0x0000000084500000, 0x0000000084600000, 0x0000000084600000|100%| O|  |TAMS 0x0000000084600000, 0x0000000084500000| Untracked 
|  70|0x0000000084600000, 0x0000000084700000, 0x0000000084700000|100%| O|  |TAMS 0x0000000084700000, 0x0000000084600000| Untracked 
|  71|0x0000000084700000, 0x0000000084800000, 0x0000000084800000|100%| O|  |TAMS 0x0000000084800000, 0x0000000084700000| Untracked 
|  72|0x0000000084800000, 0x0000000084900000, 0x0000000084900000|100%| O|  |TAMS 0x0000000084900000, 0x0000000084800000| Untracked 
|  73|0x0000000084900000, 0x0000000084a00000, 0x0000000084a00000|100%| O|  |TAMS 0x0000000084a00000, 0x0000000084900000| Untracked 
|  74|0x0000000084a00000, 0x0000000084b00000, 0x0000000084b00000|100%| O|  |TAMS 0x0000000084b00000, 0x0000000084a00000| Untracked 
|  75|0x0000000084b00000, 0x0000000084c00000, 0x0000000084c00000|100%| O|  |TAMS 0x0000000084c00000, 0x0000000084b00000| Untracked 
|  76|0x0000000084c00000, 0x0000000084d00000, 0x0000000084d00000|100%| O|  |TAMS 0x0000000084d00000, 0x0000000084c00000| Untracked 
|  77|0x0000000084d00000, 0x0000000084e00000, 0x0000000084e00000|100%| O|  |TAMS 0x0000000084e00000, 0x0000000084d00000| Untracked 
|  78|0x0000000084e00000, 0x0000000084f00000, 0x0000000084f00000|100%| O|  |TAMS 0x0000000084eb7600, 0x0000000084e00000| Untracked 
|  79|0x0000000084f00000, 0x0000000085000000, 0x0000000085000000|100%| O|  |TAMS 0x0000000084f00000, 0x0000000084f00000| Untracked 
|  80|0x0000000085000000, 0x0000000085100000, 0x0000000085100000|100%| O|  |TAMS 0x0000000085000000, 0x0000000085000000| Untracked 
|  81|0x0000000085100000, 0x0000000085200000, 0x0000000085200000|100%| O|  |TAMS 0x0000000085100000, 0x0000000085100000| Untracked 
|  82|0x0000000085200000, 0x0000000085300000, 0x0000000085300000|100%| O|  |TAMS 0x0000000085200000, 0x0000000085200000| Untracked 
|  83|0x0000000085300000, 0x0000000085400000, 0x0000000085400000|100%| O|  |TAMS 0x0000000085300000, 0x0000000085300000| Untracked 
|  84|0x0000000085400000, 0x0000000085500000, 0x0000000085500000|100%| O|  |TAMS 0x0000000085400000, 0x0000000085400000| Untracked 
|  85|0x0000000085500000, 0x0000000085600000, 0x0000000085600000|100%|HS|  |TAMS 0x0000000085500000, 0x0000000085500000| Complete 
|  86|0x0000000085600000, 0x0000000085700000, 0x0000000085700000|100%|HS|  |TAMS 0x0000000085600000, 0x0000000085600000| Complete 
|  87|0x0000000085700000, 0x0000000085700000, 0x0000000085800000|  0%| F|  |TAMS 0x0000000085700000, 0x0000000085700000| Untracked 
|  88|0x0000000085800000, 0x0000000085900000, 0x0000000085900000|100%|HS|  |TAMS 0x0000000085800000, 0x0000000085800000| Complete 
|  89|0x0000000085900000, 0x0000000085a00000, 0x0000000085a00000|100%|HS|  |TAMS 0x0000000085900000, 0x0000000085900000| Complete 
|  90|0x0000000085a00000, 0x0000000085b00000, 0x0000000085b00000|100%| O|  |TAMS 0x0000000085a00000, 0x0000000085a00000| Untracked 
|  91|0x0000000085b00000, 0x0000000085bf6c00, 0x0000000085c00000| 96%| O|  |TAMS 0x0000000085b00000, 0x0000000085b00000| Untracked 
|  92|0x0000000085c00000, 0x0000000085c00000, 0x0000000085d00000|  0%| F|  |TAMS 0x0000000085c00000, 0x0000000085c00000| Untracked 
|  93|0x0000000085d00000, 0x0000000085d00000, 0x0000000085e00000|  0%| F|  |TAMS 0x0000000085d00000, 0x0000000085d00000| Untracked 
|  94|0x0000000085e00000, 0x0000000085e00000, 0x0000000085f00000|  0%| F|  |TAMS 0x0000000085e00000, 0x0000000085e00000| Untracked 
|  95|0x0000000085f00000, 0x0000000085f00000, 0x0000000086000000|  0%| F|  |TAMS 0x0000000085f00000, 0x0000000085f00000| Untracked 
|  96|0x0000000086000000, 0x0000000086000000, 0x0000000086100000|  0%| F|  |TAMS 0x0000000086000000, 0x0000000086000000| Untracked 
|  97|0x0000000086100000, 0x0000000086100000, 0x0000000086200000|  0%| F|  |TAMS 0x0000000086100000, 0x0000000086100000| Untracked 
|  98|0x0000000086200000, 0x0000000086200000, 0x0000000086300000|  0%| F|  |TAMS 0x0000000086200000, 0x0000000086200000| Untracked 
|  99|0x0000000086300000, 0x0000000086300000, 0x0000000086400000|  0%| F|  |TAMS 0x0000000086300000, 0x0000000086300000| Untracked 
| 100|0x0000000086400000, 0x0000000086400000, 0x0000000086500000|  0%| F|  |TAMS 0x0000000086400000, 0x0000000086400000| Untracked 
| 101|0x0000000086500000, 0x0000000086500000, 0x0000000086600000|  0%| F|  |TAMS 0x0000000086500000, 0x0000000086500000| Untracked 
| 102|0x0000000086600000, 0x0000000086600000, 0x0000000086700000|  0%| F|  |TAMS 0x0000000086600000, 0x0000000086600000| Untracked 
| 103|0x0000000086700000, 0x0000000086800000, 0x0000000086800000|100%| S|CS|TAMS 0x0000000086700000, 0x0000000086700000| Complete 
| 104|0x0000000086800000, 0x0000000086900000, 0x0000000086900000|100%| S|CS|TAMS 0x0000000086800000, 0x0000000086800000| Complete 
| 105|0x0000000086900000, 0x0000000086a00000, 0x0000000086a00000|100%| S|CS|TAMS 0x0000000086900000, 0x0000000086900000| Complete 
| 106|0x0000000086a00000, 0x0000000086b00000, 0x0000000086b00000|100%| S|CS|TAMS 0x0000000086a00000, 0x0000000086a00000| Complete 
| 107|0x0000000086b00000, 0x0000000086b00000, 0x0000000086c00000|  0%| F|  |TAMS 0x0000000086b00000, 0x0000000086b00000| Untracked 
| 108|0x0000000086c00000, 0x0000000086c00000, 0x0000000086d00000|  0%| F|  |TAMS 0x0000000086c00000, 0x0000000086c00000| Untracked 
| 109|0x0000000086d00000, 0x0000000086d00000, 0x0000000086e00000|  0%| F|  |TAMS 0x0000000086d00000, 0x0000000086d00000| Untracked 
| 110|0x0000000086e00000, 0x0000000086e00000, 0x0000000086f00000|  0%| F|  |TAMS 0x0000000086e00000, 0x0000000086e00000| Untracked 
| 111|0x0000000086f00000, 0x0000000086f00000, 0x0000000087000000|  0%| F|  |TAMS 0x0000000086f00000, 0x0000000086f00000| Untracked 
| 112|0x0000000087000000, 0x0000000087000000, 0x0000000087100000|  0%| F|  |TAMS 0x0000000087000000, 0x0000000087000000| Untracked 
| 113|0x0000000087100000, 0x0000000087100000, 0x0000000087200000|  0%| F|  |TAMS 0x0000000087100000, 0x0000000087100000| Untracked 
| 114|0x0000000087200000, 0x0000000087200000, 0x0000000087300000|  0%| F|  |TAMS 0x0000000087200000, 0x0000000087200000| Untracked 
| 115|0x0000000087300000, 0x0000000087300000, 0x0000000087400000|  0%| F|  |TAMS 0x0000000087300000, 0x0000000087300000| Untracked 
| 116|0x0000000087400000, 0x0000000087400000, 0x0000000087500000|  0%| F|  |TAMS 0x0000000087400000, 0x0000000087400000| Untracked 
| 117|0x0000000087500000, 0x0000000087500000, 0x0000000087600000|  0%| F|  |TAMS 0x0000000087500000, 0x0000000087500000| Untracked 
| 118|0x0000000087600000, 0x0000000087600000, 0x0000000087700000|  0%| F|  |TAMS 0x0000000087600000, 0x0000000087600000| Untracked 
| 119|0x0000000087700000, 0x0000000087700000, 0x0000000087800000|  0%| F|  |TAMS 0x0000000087700000, 0x0000000087700000| Untracked 
| 120|0x0000000087800000, 0x0000000087800000, 0x0000000087900000|  0%| F|  |TAMS 0x0000000087800000, 0x0000000087800000| Untracked 
| 121|0x0000000087900000, 0x0000000087900000, 0x0000000087a00000|  0%| F|  |TAMS 0x0000000087900000, 0x0000000087900000| Untracked 
| 122|0x0000000087a00000, 0x0000000087a00000, 0x0000000087b00000|  0%| F|  |TAMS 0x0000000087a00000, 0x0000000087a00000| Untracked 
| 123|0x0000000087b00000, 0x0000000087b00000, 0x0000000087c00000|  0%| F|  |TAMS 0x0000000087b00000, 0x0000000087b00000| Untracked 
| 124|0x0000000087c00000, 0x0000000087c00000, 0x0000000087d00000|  0%| F|  |TAMS 0x0000000087c00000, 0x0000000087c00000| Untracked 
| 125|0x0000000087d00000, 0x0000000087d00000, 0x0000000087e00000|  0%| F|  |TAMS 0x0000000087d00000, 0x0000000087d00000| Untracked 
| 126|0x0000000087e00000, 0x0000000087e00000, 0x0000000087f00000|  0%| F|  |TAMS 0x0000000087e00000, 0x0000000087e00000| Untracked 
| 127|0x0000000087f00000, 0x0000000087f00000, 0x0000000088000000|  0%| F|  |TAMS 0x0000000087f00000, 0x0000000087f00000| Untracked 
| 128|0x0000000088000000, 0x0000000088000000, 0x0000000088100000|  0%| F|  |TAMS 0x0000000088000000, 0x0000000088000000| Untracked 
| 129|0x0000000088100000, 0x0000000088100000, 0x0000000088200000|  0%| F|  |TAMS 0x0000000088100000, 0x0000000088100000| Untracked 
| 130|0x0000000088200000, 0x0000000088200000, 0x0000000088300000|  0%| F|  |TAMS 0x0000000088200000, 0x0000000088200000| Untracked 
| 131|0x0000000088300000, 0x0000000088300000, 0x0000000088400000|  0%| F|  |TAMS 0x0000000088300000, 0x0000000088300000| Untracked 
| 132|0x0000000088400000, 0x0000000088400000, 0x0000000088500000|  0%| F|  |TAMS 0x0000000088400000, 0x0000000088400000| Untracked 
| 133|0x0000000088500000, 0x0000000088500000, 0x0000000088600000|  0%| F|  |TAMS 0x0000000088500000, 0x0000000088500000| Untracked 
| 134|0x0000000088600000, 0x0000000088600000, 0x0000000088700000|  0%| F|  |TAMS 0x0000000088600000, 0x0000000088600000| Untracked 
| 135|0x0000000088700000, 0x0000000088700000, 0x0000000088800000|  0%| F|  |TAMS 0x0000000088700000, 0x0000000088700000| Untracked 
| 136|0x0000000088800000, 0x0000000088800000, 0x0000000088900000|  0%| F|  |TAMS 0x0000000088800000, 0x0000000088800000| Untracked 

Card table byte_map: [0x0000026c5bfe0000,0x0000026c5c3e0000] _byte_map_base: 0x0000026c5bbe0000

Marking Bits (Prev, Next): (CMBitMap*) 0x0000026c446f80d0, (CMBitMap*) 0x0000026c446f8110
 Prev Bits: [0x0000026c5c7e0000, 0x0000026c5e7e0000)
 Next Bits: [0x0000026c5e7e0000, 0x0000026c607e0000)

Polling page: 0x0000026c42db0000

Metaspace:

Usage:
  Non-class:     65.30 MB used.
      Class:     10.61 MB used.
       Both:     75.91 MB used.

Virtual space:
  Non-class space:      128.00 MB reserved,      65.69 MB ( 51%) committed,  2 nodes.
      Class space:      416.00 MB reserved,      11.00 MB (  3%) committed,  1 nodes.
             Both:      544.00 MB reserved,      76.69 MB ( 14%) committed. 

Chunk freelists:
   Non-Class:  14.27 MB
       Class:  5.05 MB
        Both:  19.31 MB

MaxMetaspaceSize: 512.00 MB
CompressedClassSpaceSize: 416.00 MB
Initial GC threshold: 21.00 MB
Current GC threshold: 125.31 MB
CDS: on
MetaspaceReclaimPolicy: balanced
 - commit_granule_bytes: 65536.
 - commit_granule_words: 8192.
 - virtual_space_node_default_size: 8388608.
 - enlarge_chunks_in_place: 1.
 - new_chunks_are_fully_committed: 0.
 - uncommit_free_chunks: 1.
 - use_allocation_guard: 0.
 - handle_deallocations: 1.


Internal statistics:

num_allocs_failed_limit: 6.
num_arena_births: 1070.
num_arena_deaths: 0.
num_vsnodes_births: 3.
num_vsnodes_deaths: 0.
num_space_committed: 1227.
num_space_uncommitted: 0.
num_chunks_returned_to_freelist: 6.
num_chunks_taken_from_freelist: 4280.
num_chunk_merges: 6.
num_chunk_splits: 2736.
num_chunks_enlarged: 1709.
num_inconsistent_stats: 0.

CodeHeap 'non-profiled nmethods': size=120000Kb used=5370Kb max_used=5370Kb free=114629Kb
 bounds [0x0000026c53b10000, 0x0000026c54050000, 0x0000026c5b040000]
CodeHeap 'profiled nmethods': size=120000Kb used=19691Kb max_used=19691Kb free=100309Kb
 bounds [0x0000026c4c040000, 0x0000026c4d380000, 0x0000026c53570000]
CodeHeap 'non-nmethods': size=5760Kb used=2416Kb max_used=2470Kb free=3343Kb
 bounds [0x0000026c53570000, 0x0000026c537e0000, 0x0000026c53b10000]
 total_blobs=10989 nmethods=10043 adapters=856
 compilation: enabled
              stopped_count=0, restarted_count=0
 full_count=0

Compilation events (20 events):
Event: 60.476 Thread 0x0000026c62be3340 10825       3       java.security.Permission::<init> (10 bytes)
Event: 60.476 Thread 0x0000026c62be3340 nmethod 10825 0x0000026c4d378390 code [0x0000026c4d378520, 0x0000026c4d3786d8]
Event: 61.012 Thread 0x0000026c62be2a30 10826       4       jdk.internal.org.objectweb.asm.ByteVector::put11 (52 bytes)
Event: 61.036 Thread 0x0000026c62be2a30 nmethod 10826 0x0000026c5404b490 code [0x0000026c5404b620, 0x0000026c5404baf8]
Event: 61.247 Thread 0x0000026c62be2a30 10827       4       java.util.concurrent.ConcurrentHashMap::addCount (280 bytes)
Event: 61.283 Thread 0x0000026c62be2a30 nmethod 10827 0x0000026c5404bc90 code [0x0000026c5404be40, 0x0000026c5404c270]
Event: 61.320 Thread 0x0000026c62be2a30 10828       4       org.gradle.internal.util.Trie::find (135 bytes)
Event: 61.332 Thread 0x0000026c62be2a30 nmethod 10828 0x0000026c5404c610 code [0x0000026c5404c7c0, 0x0000026c5404ca88]
Event: 61.431 Thread 0x0000026c62be3340 10829   !   3       jdk.internal.loader.URLClassPath::check (125 bytes)
Event: 61.433 Thread 0x0000026c62be3340 nmethod 10829 0x0000026c4d378790 code [0x0000026c4d378a40, 0x0000026c4d379a68]
Event: 61.592 Thread 0x0000026c62be3340 10830       3       java.util.HashMap$ValueSpliterator::forEachRemaining (186 bytes)
Event: 61.595 Thread 0x0000026c62be3340 nmethod 10830 0x0000026c4d379f10 code [0x0000026c4d37a120, 0x0000026c4d37a988]
Event: 62.595 Thread 0x0000026c62be3340 10831       1       sun.reflect.generics.tree.FormalTypeParameter::getName (5 bytes)
Event: 62.595 Thread 0x0000026c62be3340 nmethod 10831 0x0000026c5404ce10 code [0x0000026c5404cfa0, 0x0000026c5404d078]
Event: 62.595 Thread 0x0000026c62be2a30 10834       4       sun.reflect.generics.parser.SignatureParser::parseFieldTypeSignature (73 bytes)
Event: 62.595 Thread 0x0000026c62be3340 10832       1       sun.reflect.generics.tree.FormalTypeParameter::getBounds (5 bytes)
Event: 62.596 Thread 0x0000026c62be3340 nmethod 10832 0x0000026c5404d110 code [0x0000026c5404d2a0, 0x0000026c5404d378]
Event: 62.596 Thread 0x0000026c62be3340 10833       1       sun.reflect.generics.factory.CoreReflectionFactory::getDecl (5 bytes)
Event: 62.596 Thread 0x0000026c62be3340 nmethod 10833 0x0000026c5404d410 code [0x0000026c5404d5a0, 0x0000026c5404d678]
Event: 62.616 Thread 0x0000026c62be2a30 nmethod 10834 0x0000026c5404d710 code [0x0000026c5404d940, 0x0000026c5404e1c0]

GC Heap History (20 events):
Event: 31.276 GC heap after
{Heap after GC invocations=34 (full 0):
 garbage-first heap   total 114688K, used 70044K [0x0000000080000000, 0x0000000100000000)
  region size 1024K, 1 young (1024K), 1 survivors (1024K)
 Metaspace       used 68791K, committed 69504K, reserved 491520K
  class space    used 9604K, committed 9920K, reserved 425984K
}
Event: 33.453 GC heap before
{Heap before GC invocations=34 (full 0):
 garbage-first heap   total 114688K, used 91548K [0x0000000080000000, 0x0000000100000000)
  region size 1024K, 22 young (22528K), 1 survivors (1024K)
 Metaspace       used 70553K, committed 71232K, reserved 491520K
  class space    used 9860K, committed 10176K, reserved 425984K
}
Event: 33.458 GC heap after
{Heap after GC invocations=35 (full 0):
 garbage-first heap   total 114688K, used 70609K [0x0000000080000000, 0x0000000100000000)
  region size 1024K, 2 young (2048K), 2 survivors (2048K)
 Metaspace       used 70553K, committed 71232K, reserved 491520K
  class space    used 9860K, committed 10176K, reserved 425984K
}
Event: 42.220 GC heap before
{Heap before GC invocations=36 (full 0):
 garbage-first heap   total 122880K, used 92113K [0x0000000080000000, 0x0000000100000000)
  region size 1024K, 23 young (23552K), 2 survivors (2048K)
 Metaspace       used 72145K, committed 72896K, reserved 491520K
  class space    used 10075K, committed 10432K, reserved 425984K
}
Event: 42.291 GC heap after
{Heap after GC invocations=37 (full 0):
 garbage-first heap   total 122880K, used 72514K [0x0000000080000000, 0x0000000100000000)
  region size 1024K, 3 young (3072K), 3 survivors (3072K)
 Metaspace       used 72145K, committed 72896K, reserved 491520K
  class space    used 10075K, committed 10432K, reserved 425984K
}
Event: 42.517 GC heap before
{Heap before GC invocations=37 (full 0):
 garbage-first heap   total 122880K, used 75586K [0x0000000080000000, 0x0000000100000000)
  region size 1024K, 6 young (6144K), 3 survivors (3072K)
 Metaspace       used 72223K, committed 72960K, reserved 491520K
  class space    used 10084K, committed 10432K, reserved 425984K
}
Event: 42.524 GC heap after
{Heap after GC invocations=38 (full 0):
 garbage-first heap   total 122880K, used 72180K [0x0000000080000000, 0x0000000100000000)
  region size 1024K, 1 young (1024K), 1 survivors (1024K)
 Metaspace       used 72223K, committed 72960K, reserved 491520K
  class space    used 10084K, committed 10432K, reserved 425984K
}
Event: 45.198 GC heap before
{Heap before GC invocations=38 (full 0):
 garbage-first heap   total 122880K, used 100852K [0x0000000080000000, 0x0000000100000000)
  region size 1024K, 29 young (29696K), 1 survivors (1024K)
 Metaspace       used 74297K, committed 75008K, reserved 491520K
  class space    used 10476K, committed 10816K, reserved 425984K
}
Event: 45.210 GC heap after
{Heap after GC invocations=39 (full 0):
 garbage-first heap   total 122880K, used 75424K [0x0000000080000000, 0x0000000100000000)
  region size 1024K, 4 young (4096K), 4 survivors (4096K)
 Metaspace       used 74297K, committed 75008K, reserved 491520K
  class space    used 10476K, committed 10816K, reserved 425984K
}
Event: 47.531 GC heap before
{Heap before GC invocations=40 (full 0):
 garbage-first heap   total 132096K, used 101024K [0x0000000080000000, 0x0000000100000000)
  region size 1024K, 28 young (28672K), 4 survivors (4096K)
 Metaspace       used 75605K, committed 76416K, reserved 491520K
  class space    used 10665K, committed 11072K, reserved 425984K
}
Event: 47.548 GC heap after
{Heap after GC invocations=41 (full 0):
 garbage-first heap   total 132096K, used 79214K [0x0000000080000000, 0x0000000100000000)
  region size 1024K, 4 young (4096K), 4 survivors (4096K)
 Metaspace       used 75605K, committed 76416K, reserved 491520K
  class space    used 10665K, committed 11072K, reserved 425984K
}
Event: 47.553 GC heap before
{Heap before GC invocations=41 (full 0):
 garbage-first heap   total 132096K, used 81262K [0x0000000080000000, 0x0000000100000000)
  region size 1024K, 6 young (6144K), 4 survivors (4096K)
 Metaspace       used 75605K, committed 76416K, reserved 491520K
  class space    used 10665K, committed 11072K, reserved 425984K
}
Event: 47.566 GC heap after
{Heap after GC invocations=42 (full 0):
 garbage-first heap   total 132096K, used 78800K [0x0000000080000000, 0x0000000100000000)
  region size 1024K, 1 young (1024K), 1 survivors (1024K)
 Metaspace       used 75605K, committed 76416K, reserved 491520K
  class space    used 10665K, committed 11072K, reserved 425984K
}
Event: 56.969 GC heap before
{Heap before GC invocations=42 (full 0):
 garbage-first heap   total 132096K, used 106448K [0x0000000080000000, 0x0000000100000000)
  region size 1024K, 29 young (29696K), 1 survivors (1024K)
 Metaspace       used 76213K, committed 76992K, reserved 557056K
  class space    used 10686K, committed 11072K, reserved 425984K
}
Event: 56.987 GC heap after
{Heap after GC invocations=43 (full 0):
 garbage-first heap   total 132096K, used 82479K [0x0000000080000000, 0x0000000100000000)
  region size 1024K, 4 young (4096K), 4 survivors (4096K)
 Metaspace       used 76213K, committed 76992K, reserved 557056K
  class space    used 10686K, committed 11072K, reserved 425984K
}
Event: 58.559 GC heap before
{Heap before GC invocations=44 (full 0):
 garbage-first heap   total 140288K, used 107055K [0x0000000080000000, 0x0000000100000000)
  region size 1024K, 29 young (29696K), 4 survivors (4096K)
 Metaspace       used 76420K, committed 77184K, reserved 557056K
  class space    used 10690K, committed 11072K, reserved 425984K
}
Event: 58.573 GC heap after
{Heap after GC invocations=45 (full 0):
 garbage-first heap   total 140288K, used 85589K [0x0000000080000000, 0x0000000100000000)
  region size 1024K, 4 young (4096K), 4 survivors (4096K)
 Metaspace       used 76420K, committed 77184K, reserved 557056K
  class space    used 10690K, committed 11072K, reserved 425984K
}
Event: 58.760 GC heap before
{Heap before GC invocations=45 (full 0):
 garbage-first heap   total 140288K, used 87637K [0x0000000080000000, 0x0000000100000000)
  region size 1024K, 6 young (6144K), 4 survivors (4096K)
 Metaspace       used 76429K, committed 77248K, reserved 557056K
  class space    used 10691K, committed 11072K, reserved 425984K
}
Event: 58.805 GC heap after
{Heap after GC invocations=46 (full 0):
 garbage-first heap   total 140288K, used 85023K [0x0000000080000000, 0x0000000100000000)
  region size 1024K, 1 young (1024K), 1 survivors (1024K)
 Metaspace       used 76429K, committed 77248K, reserved 557056K
  class space    used 10691K, committed 11072K, reserved 425984K
}
Event: 63.120 GC heap before
{Heap before GC invocations=46 (full 0):
 garbage-first heap   total 140288K, used 120863K [0x0000000080000000, 0x0000000100000000)
  region size 1024K, 30 young (30720K), 1 survivors (1024K)
 Metaspace       used 77733K, committed 78528K, reserved 557056K
  class space    used 10863K, committed 11264K, reserved 425984K
}

Deoptimization events (20 events):
Event: 58.511 Thread 0x0000026c041d80a0 DEOPT PACKING pc=0x0000026c53eac090 sp=0x000000d3d49f8b50
Event: 58.511 Thread 0x0000026c041d80a0 DEOPT UNPACKING pc=0x0000026c535c23a3 sp=0x000000d3d49f8b20 mode 2
Event: 58.660 Thread 0x0000026c041d80a0 DEOPT PACKING pc=0x0000026c4c918ed9 sp=0x000000d3d49f8ed0
Event: 58.660 Thread 0x0000026c041d80a0 DEOPT UNPACKING pc=0x0000026c535c2b43 sp=0x000000d3d49f83c8 mode 0
Event: 60.139 Thread 0x0000026c041d80a0 Uncommon trap: trap_request=0xffffffd6 fr.pc=0x0000026c53f78b8c relative=0x000000000000036c
Event: 60.139 Thread 0x0000026c041d80a0 Uncommon trap: reason=array_check action=maybe_recompile pc=0x0000026c53f78b8c method=java.util.LinkedHashMap.keysToArray([Ljava/lang/Object;)[Ljava/lang/Object; @ 25 c2
Event: 60.139 Thread 0x0000026c041d80a0 DEOPT PACKING pc=0x0000026c53f78b8c sp=0x000000d3d49f7a90
Event: 60.139 Thread 0x0000026c041d80a0 DEOPT UNPACKING pc=0x0000026c535c23a3 sp=0x000000d3d49f7a38 mode 2
Event: 60.653 Thread 0x0000026c041d80a0 Uncommon trap: trap_request=0xffffffde fr.pc=0x0000026c53b3dfa8 relative=0x0000000000002788
Event: 60.654 Thread 0x0000026c041d80a0 Uncommon trap: reason=class_check action=maybe_recompile pc=0x0000026c53b3dfa8 method=java.util.jar.JarFile.getManifestFromReference()Ljava/util/jar/Manifest; @ 152 c2
Event: 60.665 Thread 0x0000026c041d80a0 DEOPT PACKING pc=0x0000026c53b3dfa8 sp=0x000000d3d49f3140
Event: 60.665 Thread 0x0000026c041d80a0 DEOPT UNPACKING pc=0x0000026c535c23a3 sp=0x000000d3d49f30b0 mode 2
Event: 61.321 Thread 0x0000026c041d80a0 Uncommon trap: trap_request=0xffffffde fr.pc=0x0000026c53b3dfa8 relative=0x0000000000002788
Event: 61.324 Thread 0x0000026c041d80a0 Uncommon trap: reason=class_check action=maybe_recompile pc=0x0000026c53b3dfa8 method=java.util.jar.JarFile.getManifestFromReference()Ljava/util/jar/Manifest; @ 152 c2
Event: 61.325 Thread 0x0000026c041d80a0 DEOPT PACKING pc=0x0000026c53b3dfa8 sp=0x000000d3d49f39b0
Event: 61.325 Thread 0x0000026c041d80a0 DEOPT UNPACKING pc=0x0000026c535c23a3 sp=0x000000d3d49f3920 mode 2
Event: 62.057 Thread 0x0000026c041d80a0 Uncommon trap: trap_request=0xffffffde fr.pc=0x0000026c53b3dfa8 relative=0x0000000000002788
Event: 62.057 Thread 0x0000026c041d80a0 Uncommon trap: reason=class_check action=maybe_recompile pc=0x0000026c53b3dfa8 method=java.util.jar.JarFile.getManifestFromReference()Ljava/util/jar/Manifest; @ 152 c2
Event: 62.057 Thread 0x0000026c041d80a0 DEOPT PACKING pc=0x0000026c53b3dfa8 sp=0x000000d3d49f30e0
Event: 62.057 Thread 0x0000026c041d80a0 DEOPT UNPACKING pc=0x0000026c535c23a3 sp=0x000000d3d49f3050 mode 2

Classes unloaded (0 events):
No events

Classes redefined (0 events):
No events

Internal exceptions (20 events):
Event: 47.593 Thread 0x0000026c041d80a0 Exception <a 'java/lang/ClassNotFoundException'{0x0000000087f4cb70}: org/gradle/api/internal/DefaultDomainObjectCollectionCustomizer> (0x0000000087f4cb70) 
thrown [s\open\src\hotspot\share\classfile\systemDictionary.cpp, line 256]
Event: 47.598 Thread 0x0000026c041d80a0 Exception <a 'java/lang/ClassNotFoundException'{0x0000000087f86d58}: org/gradle/api/internal/DefaultNamedDomainObjectCollectionCustomizer> (0x0000000087f86d58) 
thrown [s\open\src\hotspot\share\classfile\systemDictionary.cpp, line 256]
Event: 47.603 Thread 0x0000026c041d80a0 Exception <a 'java/lang/ClassNotFoundException'{0x0000000087fc59b0}: org/gradle/api/internal/DefaultNamedDomainObjectListCustomizer> (0x0000000087fc59b0) 
thrown [s\open\src\hotspot\share\classfile\systemDictionary.cpp, line 256]
Event: 47.607 Thread 0x0000026c041d80a0 Exception <a 'java/lang/ClassNotFoundException'{0x0000000087ffc298}: org/gradle/api/internal/artifacts/DefaultArtifactRepositoryContainerCustomizer> (0x0000000087ffc298) 
thrown [s\open\src\hotspot\share\classfile\systemDictionary.cpp, line 256]
Event: 47.611 Thread 0x0000026c041d80a0 Exception <a 'java/lang/ClassNotFoundException'{0x0000000087d280d0}: org/gradle/api/internal/artifacts/dsl/DefaultRepositoryHandlerCustomizer> (0x0000000087d280d0) 
thrown [s\open\src\hotspot\share\classfile\systemDictionary.cpp, line 256]
Event: 47.616 Thread 0x0000026c041d80a0 Exception <a 'java/lang/ClassNotFoundException'{0x0000000087d60ed0}: org/gradle/api/internal/artifacts/dsl/DefaultRepositoryHandler_DecoratedCustomizer> (0x0000000087d60ed0) 
thrown [s\open\src\hotspot\share\classfile\systemDictionary.cpp, line 256]
Event: 47.646 Thread 0x0000026c041d80a0 Exception <a 'java/lang/ClassNotFoundException'{0x0000000087c0c4a0}: org/gradle/api/internal/artifacts/dsl/dependencies/DefaultDependencyHandler_DecoratedBeanInfo> (0x0000000087c0c4a0) 
thrown [s\open\src\hotspot\share\classfile\systemDictionary.cpp, line 256]
Event: 47.646 Thread 0x0000026c041d80a0 Exception <a 'java/lang/ClassNotFoundException'{0x0000000087c25820}: org/gradle/api/internal/artifacts/dsl/dependencies/DefaultDependencyHandlerBeanInfo> (0x0000000087c25820) 
thrown [s\open\src\hotspot\share\classfile\systemDictionary.cpp, line 256]
Event: 47.647 Thread 0x0000026c041d80a0 Exception <a 'java/lang/ClassNotFoundException'{0x0000000087c3de18}: org/gradle/api/internal/artifacts/dsl/dependencies/DefaultDependencyHandlerCustomizer> (0x0000000087c3de18) 
thrown [s\open\src\hotspot\share\classfile\systemDictionary.cpp, line 256]
Event: 47.650 Thread 0x0000026c041d80a0 Exception <a 'java/lang/ClassNotFoundException'{0x0000000087c7e0e0}: org/gradle/api/internal/artifacts/dsl/dependencies/DefaultDependencyHandler_DecoratedCustomizer> (0x0000000087c7e0e0) 
thrown [s\open\src\hotspot\share\classfile\systemDictionary.cpp, line 256]
Event: 56.588 Thread 0x0000026c0559f670 Exception <a 'sun/nio/fs/WindowsException'{0x0000000086528620}> (0x0000000086528620) 
thrown [s\open\src\hotspot\share\prims\jni.cpp, line 516]
Event: 56.592 Thread 0x0000026c0559f670 Exception <a 'sun/nio/fs/WindowsException'{0x0000000086532be8}> (0x0000000086532be8) 
thrown [s\open\src\hotspot\share\prims\jni.cpp, line 516]
Event: 56.594 Thread 0x0000026c0559f670 Exception <a 'sun/nio/fs/WindowsException'{0x0000000086535908}> (0x0000000086535908) 
thrown [s\open\src\hotspot\share\prims\jni.cpp, line 516]
Event: 56.596 Thread 0x0000026c0559f670 Exception <a 'sun/nio/fs/WindowsException'{0x000000008653c660}> (0x000000008653c660) 
thrown [s\open\src\hotspot\share\prims\jni.cpp, line 516]
Event: 58.808 Thread 0x0000026c041d80a0 Exception <a 'java/lang/ClassNotFoundException'{0x000000008882c760}: build_8qqenvgj7n4knidagucodtuhsBeanInfo> (0x000000008882c760) 
thrown [s\open\src\hotspot\share\classfile\systemDictionary.cpp, line 256]
Event: 58.809 Thread 0x0000026c041d80a0 Exception <a 'java/lang/ClassNotFoundException'{0x0000000088833140}: build_8qqenvgj7n4knidagucodtuhsCustomizer> (0x0000000088833140) 
thrown [s\open\src\hotspot\share\classfile\systemDictionary.cpp, line 256]
Event: 60.102 Thread 0x0000026c041d80a0 Exception <a 'java/lang/ClassNotFoundException'{0x0000000087f53890}: org/gradle/api/internal/plugins/DefaultObjectConfigurationActionBeanInfo> (0x0000000087f53890) 
thrown [s\open\src\hotspot\share\classfile\systemDictionary.cpp, line 256]
Event: 60.104 Thread 0x0000026c041d80a0 Exception <a 'java/lang/ClassNotFoundException'{0x0000000087f67aa8}: org/gradle/api/internal/plugins/DefaultObjectConfigurationActionCustomizer> (0x0000000087f67aa8) 
thrown [s\open\src\hotspot\share\classfile\systemDictionary.cpp, line 256]
Event: 60.333 Thread 0x0000026c041d80a0 Exception <a 'java/lang/ClassNotFoundException'{0x0000000087e9d770}: build_7no3prc6ssen3ftl2n0devuc0BeanInfo> (0x0000000087e9d770) 
thrown [s\open\src\hotspot\share\classfile\systemDictionary.cpp, line 256]
Event: 60.349 Thread 0x0000026c041d80a0 Exception <a 'java/lang/ClassNotFoundException'{0x0000000087eaadd8}: build_7no3prc6ssen3ftl2n0devuc0Customizer> (0x0000000087eaadd8) 
thrown [s\open\src\hotspot\share\classfile\systemDictionary.cpp, line 256]

VM Operations (20 events):
Event: 57.062 Executing VM operation: G1Concurrent done
Event: 57.093 Executing VM operation: G1Concurrent
Event: 57.094 Executing VM operation: G1Concurrent done
Event: 58.096 Executing VM operation: Cleanup
Event: 58.129 Executing VM operation: Cleanup done
Event: 58.557 Executing VM operation: G1CollectForAllocation
Event: 58.576 Executing VM operation: G1CollectForAllocation done
Event: 58.760 Executing VM operation: G1CollectForAllocation
Event: 58.805 Executing VM operation: G1CollectForAllocation done
Event: 59.812 Executing VM operation: Cleanup
Event: 59.877 Executing VM operation: Cleanup done
Event: 60.066 Executing VM operation: HandshakeAllThreads
Event: 60.066 Executing VM operation: HandshakeAllThreads done
Event: 61.074 Executing VM operation: Cleanup
Event: 61.075 Executing VM operation: Cleanup done
Event: 62.084 Executing VM operation: Cleanup
Event: 62.084 Executing VM operation: Cleanup done
Event: 63.095 Executing VM operation: Cleanup
Event: 63.095 Executing VM operation: Cleanup done
Event: 63.114 Executing VM operation: G1CollectForAllocation

Events (20 events):
Event: 56.844 Thread 0x0000026c06b6eaa0 Thread added: 0x0000026c06b6eaa0
Event: 56.844 Thread 0x0000026c06b6f4c0 Thread added: 0x0000026c06b6f4c0
Event: 56.844 Thread 0x0000026c06b6f9d0 Thread added: 0x0000026c06b6f9d0
Event: 57.078 loading class sun/security/ssl/Alert
Event: 57.083 loading class sun/security/ssl/Alert done
Event: 57.083 loading class sun/security/ssl/Alert$AlertConsumer
Event: 57.086 loading class sun/security/ssl/Alert$AlertConsumer done
Event: 57.086 loading class sun/security/ssl/Alert$Level
Event: 57.087 loading class sun/security/ssl/Alert$Level done
Event: 57.722 Thread 0x0000026c06b6e590 Thread added: 0x0000026c06b6e590
Event: 57.728 Thread 0x0000026c06b703f0 Thread added: 0x0000026c06b703f0
Event: 57.732 Thread 0x0000026c06b72250 Thread added: 0x0000026c06b72250
Event: 57.733 Thread 0x0000026c06b73690 Thread added: 0x0000026c06b73690
Event: 57.734 Thread 0x0000026c06b72760 Thread added: 0x0000026c06b72760
Event: 57.735 Thread 0x0000026c06b71320 Thread added: 0x0000026c06b71320
Event: 57.764 loading class jdk/internal/access/foreign/MemorySegmentProxy
Event: 57.781 loading class jdk/internal/access/foreign/MemorySegmentProxy done
Event: 58.712 Thread 0x0000026c06b70900 Thread added: 0x0000026c06b70900
Event: 60.167 Thread 0x0000026c06b73ba0 Thread added: 0x0000026c06b73ba0
Event: 60.219 Thread 0x0000026c06b740b0 Thread added: 0x0000026c06b740b0


Dynamic libraries:
0x00007ff662ff0000 - 0x00007ff663000000 	C:\Program Files\Java\jdk-17\bin\java.exe
0x00007ffe936c0000 - 0x00007ffe93926000 	C:\WINDOWS\SYSTEM32\ntdll.dll
0x00007ffe92df0000 - 0x00007ffe92eb9000 	C:\WINDOWS\System32\KERNEL32.DLL
0x00007ffe90a70000 - 0x00007ffe90e3c000 	C:\WINDOWS\System32\KERNELBASE.dll
0x00007ffe91290000 - 0x00007ffe913db000 	C:\WINDOWS\System32\ucrtbase.dll
0x00007ffe5fe00000 - 0x00007ffe5fe1b000 	C:\Program Files\Java\jdk-17\bin\VCRUNTIME140.dll
0x00007ffe5fe20000 - 0x00007ffe5fe39000 	C:\Program Files\Java\jdk-17\bin\jli.dll
0x00007ffe91660000 - 0x00007ffe91712000 	C:\WINDOWS\System32\ADVAPI32.dll
0x00007ffe917a0000 - 0x00007ffe91849000 	C:\WINDOWS\System32\msvcrt.dll
0x00007ffe91850000 - 0x00007ffe918f6000 	C:\WINDOWS\System32\sechost.dll
0x00007ffe923a0000 - 0x00007ffe924b6000 	C:\WINDOWS\System32\RPCRT4.dll
0x00007ffe924c0000 - 0x00007ffe9268a000 	C:\WINDOWS\System32\USER32.dll
0x00007ffe90900000 - 0x00007ffe90927000 	C:\WINDOWS\System32\win32u.dll
0x00007ffe6d830000 - 0x00007ffe6daca000 	C:\WINDOWS\WinSxS\amd64_microsoft.windows.common-controls_6595b64144ccf1df_6.0.26100.3912_none_3e07963ce335137e\COMCTL32.dll
0x00007ffe92fd0000 - 0x00007ffe92ffb000 	C:\WINDOWS\System32\GDI32.dll
0x00007ffe90930000 - 0x00007ffe90a62000 	C:\WINDOWS\System32\gdi32full.dll
0x00007ffe90850000 - 0x00007ffe908f3000 	C:\WINDOWS\System32\msvcp_win.dll
0x00007ffe7ffe0000 - 0x00007ffe7ffeb000 	C:\WINDOWS\SYSTEM32\VERSION.dll
0x00007ffe91bb0000 - 0x00007ffe91be0000 	C:\WINDOWS\System32\IMM32.DLL
0x00007ffe5fd10000 - 0x00007ffe5fd1c000 	C:\Program Files\Java\jdk-17\bin\vcruntime140_1.dll
0x00007ffe5fc80000 - 0x00007ffe5fd0e000 	C:\Program Files\Java\jdk-17\bin\msvcp140.dll
0x00007ffe5efe0000 - 0x00007ffe5fbc0000 	C:\Program Files\Java\jdk-17\bin\server\jvm.dll
0x00007ffe928b0000 - 0x00007ffe928b8000 	C:\WINDOWS\System32\PSAPI.DLL
0x00007ffe88650000 - 0x00007ffe88686000 	C:\WINDOWS\SYSTEM32\WINMM.dll
0x00007ffe5efd0000 - 0x00007ffe5efda000 	C:\WINDOWS\SYSTEM32\WSOCK32.dll
0x00007ffe91720000 - 0x00007ffe91794000 	C:\WINDOWS\System32\WS2_32.dll
0x00007ffe8f730000 - 0x00007ffe8f74a000 	C:\WINDOWS\SYSTEM32\kernel.appcore.dll
0x00007ffe5ff40000 - 0x00007ffe5ff4a000 	C:\Program Files\Java\jdk-17\bin\jimage.dll
0x00007ffe8dfe0000 - 0x00007ffe8e221000 	C:\WINDOWS\SYSTEM32\DBGHELP.DLL
0x00007ffe928c0000 - 0x00007ffe92c44000 	C:\WINDOWS\System32\combase.dll
0x00007ffe91920000 - 0x00007ffe91a00000 	C:\WINDOWS\System32\OLEAUT32.dll
0x00007ffe66d50000 - 0x00007ffe66d89000 	C:\WINDOWS\SYSTEM32\dbgcore.DLL
0x00007ffe913e0000 - 0x00007ffe91479000 	C:\WINDOWS\System32\bcryptPrimitives.dll
0x00007ffe59fb0000 - 0x00007ffe59fbe000 	C:\Program Files\Java\jdk-17\bin\instrument.dll
0x00007ffe5eeb0000 - 0x00007ffe5eed5000 	C:\Program Files\Java\jdk-17\bin\java.dll
0x00007ffe5d740000 - 0x00007ffe5d817000 	C:\Program Files\Java\jdk-17\bin\jsvml.dll
0x00007ffe91bf0000 - 0x00007ffe9231d000 	C:\WINDOWS\System32\SHELL32.dll
0x00007ffe91050000 - 0x00007ffe911c4000 	C:\WINDOWS\System32\wintypes.dll
0x00007ffe8e4a0000 - 0x00007ffe8ecf6000 	C:\WINDOWS\SYSTEM32\windows.storage.dll
0x00007ffe92c50000 - 0x00007ffe92d3f000 	C:\WINDOWS\System32\SHCORE.dll
0x00007ffe92690000 - 0x00007ffe926f9000 	C:\WINDOWS\System32\shlwapi.dll
0x00007ffe90760000 - 0x00007ffe9078f000 	C:\WINDOWS\SYSTEM32\profapi.dll
0x00007ffe5c370000 - 0x00007ffe5c388000 	C:\Program Files\Java\jdk-17\bin\zip.dll
0x00007ffe5da30000 - 0x00007ffe5da49000 	C:\Program Files\Java\jdk-17\bin\net.dll
0x00007ffe7fd00000 - 0x00007ffe7fe1e000 	C:\WINDOWS\SYSTEM32\WINHTTP.dll
0x00007ffe8fca0000 - 0x00007ffe8fd0a000 	C:\WINDOWS\system32\mswsock.dll
0x00007ffe5da10000 - 0x00007ffe5da26000 	C:\Program Files\Java\jdk-17\bin\nio.dll
0x00007ffe543b0000 - 0x00007ffe543c0000 	C:\Program Files\Java\jdk-17\bin\verify.dll
0x00007ffe4a310000 - 0x00007ffe4a337000 	C:\Users\hp\.gradle\native\c067742578af261105cb4f569cf0c3c89f3d7b1fecec35dd04571415982c5e48\windows-amd64\native-platform.dll
0x00007ffdb2f40000 - 0x00007ffdb3084000 	C:\Users\hp\.gradle\native\38dada09dfb8b06ba9b0570ebf7e218e3eb74d4ef43ca46872605cf95ebc2f47\windows-amd64\native-platform-file-events.dll
0x00007ffe4c710000 - 0x00007ffe4c71a000 	C:\Program Files\Java\jdk-17\bin\management.dll
0x00007ffe4c700000 - 0x00007ffe4c70b000 	C:\Program Files\Java\jdk-17\bin\management_ext.dll
0x00007ffe8ff40000 - 0x00007ffe8ff5c000 	C:\WINDOWS\SYSTEM32\CRYPTSP.dll
0x00007ffe8f600000 - 0x00007ffe8f63a000 	C:\WINDOWS\system32\rsaenh.dll
0x00007ffe8fd40000 - 0x00007ffe8fd6b000 	C:\WINDOWS\SYSTEM32\USERENV.dll
0x00007ffe90730000 - 0x00007ffe90756000 	C:\WINDOWS\SYSTEM32\bcrypt.dll
0x00007ffe8ff60000 - 0x00007ffe8ff6c000 	C:\WINDOWS\SYSTEM32\CRYPTBASE.dll
0x00007ffe8f020000 - 0x00007ffe8f053000 	C:\WINDOWS\SYSTEM32\IPHLPAPI.DLL
0x00007ffe935c0000 - 0x00007ffe935ca000 	C:\WINDOWS\System32\NSI.dll
0x00007ffe877e0000 - 0x00007ffe877ff000 	C:\WINDOWS\SYSTEM32\dhcpcsvc6.DLL
0x00007ffe872f0000 - 0x00007ffe87315000 	C:\WINDOWS\SYSTEM32\dhcpcsvc.DLL
0x00007ffe8f0b0000 - 0x00007ffe8f1d7000 	C:\WINDOWS\SYSTEM32\DNSAPI.dll
0x00007ffe48800000 - 0x00007ffe4880e000 	C:\Program Files\Java\jdk-17\bin\sunmscapi.dll
0x00007ffe90ed0000 - 0x00007ffe91047000 	C:\WINDOWS\System32\CRYPT32.dll
0x00007ffe900d0000 - 0x00007ffe90100000 	C:\WINDOWS\SYSTEM32\ncrypt.dll
0x00007ffe90080000 - 0x00007ffe900bf000 	C:\WINDOWS\SYSTEM32\NTASN1.dll
0x00007ffe654c0000 - 0x00007ffe654c8000 	C:\WINDOWS\system32\wshunix.dll
0x00007ffe85120000 - 0x00007ffe8512b000 	C:\Windows\System32\rasadhlp.dll
0x00007ffe87b60000 - 0x00007ffe87be6000 	C:\WINDOWS\System32\fwpuclnt.dll
0x00007ffe62390000 - 0x00007ffe623a8000 	C:\WINDOWS\system32\napinsp.dll
0x00007ffe62370000 - 0x00007ffe62382000 	C:\WINDOWS\System32\winrnr.dll
0x00007ffe62330000 - 0x00007ffe62360000 	C:\WINDOWS\system32\nlansp_c.dll
0x00007ffe62300000 - 0x00007ffe62320000 	C:\WINDOWS\system32\wshbth.dll
0x00007ffe8aae0000 - 0x00007ffe8ab7e000 	C:\WINDOWS\system32\apphelp.dll

dbghelp: loaded successfully - version: 4.0.5 - missing functions: none
symbol engine: initialized successfully - sym options: 0x614 - pdb path: .;C:\Program Files\Java\jdk-17\bin;C:\WINDOWS\SYSTEM32;C:\WINDOWS\WinSxS\amd64_microsoft.windows.common-controls_6595b64144ccf1df_6.0.26100.3912_none_3e07963ce335137e;C:\Program Files\Java\jdk-17\bin\server;C:\Users\hp\.gradle\native\c067742578af261105cb4f569cf0c3c89f3d7b1fecec35dd04571415982c5e48\windows-amd64;C:\Users\hp\.gradle\native\38dada09dfb8b06ba9b0570ebf7e218e3eb74d4ef43ca46872605cf95ebc2f47\windows-amd64

VM Arguments:
jvm_args: -XX:MaxMetaspaceSize=512m --add-opens=java.base/java.util=ALL-UNNAMED --add-opens=java.base/java.lang=ALL-UNNAMED --add-opens=java.base/java.lang.invoke=ALL-UNNAMED --add-opens=java.prefs/java.util.prefs=ALL-UNNAMED --add-opens=java.base/java.nio.charset=ALL-UNNAMED --add-opens=java.base/java.net=ALL-UNNAMED --add-opens=java.base/java.util.concurrent.atomic=ALL-UNNAMED -Xmx2048m -Dfile.encoding=windows-1252 -Duser.country=AE -Duser.language=en -Duser.variant -javaagent:C:\Users\hp\.gradle\wrapper\dists\gradle-8.7-all\aan3ydargesu18aqyqjwhr3pc\gradle-8.7\lib\agents\gradle-instrumentation-agent-8.7.jar 
java_command: org.gradle.launcher.daemon.bootstrap.GradleDaemon 8.7
java_class_path (initial): C:\Users\hp\.gradle\wrapper\dists\gradle-8.7-all\aan3ydargesu18aqyqjwhr3pc\gradle-8.7\lib\gradle-launcher-8.7.jar
Launcher Type: SUN_STANDARD

[Global flags]
     intx CICompilerCount                          = 4                                         {product} {ergonomic}
   size_t CompressedClassSpaceSize                 = 436207616                                 {product} {ergonomic}
     uint ConcGCThreads                            = 3                                         {product} {ergonomic}
     uint G1ConcRefinementThreads                  = 10                                        {product} {ergonomic}
   size_t G1HeapRegionSize                         = 1048576                                   {product} {ergonomic}
    uintx GCDrainStackTargetSize                   = 64                                        {product} {ergonomic}
   size_t InitialHeapSize                          = 130023424                                 {product} {ergonomic}
   size_t MarkStackSize                            = 4194304                                   {product} {ergonomic}
   size_t MaxHeapSize                              = 2147483648                                {product} {command line}
   size_t MaxMetaspaceSize                         = 536870912                                 {product} {command line}
   size_t MaxNewSize                               = 1287651328                                {product} {ergonomic}
   size_t MinHeapDeltaBytes                        = 1048576                                   {product} {ergonomic}
   size_t MinHeapSize                              = 8388608                                   {product} {ergonomic}
    uintx NonNMethodCodeHeapSize                   = 5839372                                {pd product} {ergonomic}
    uintx NonProfiledCodeHeapSize                  = 122909434                              {pd product} {ergonomic}
    uintx ProfiledCodeHeapSize                     = 122909434                              {pd product} {ergonomic}
    uintx ReservedCodeCacheSize                    = 251658240                              {pd product} {ergonomic}
     bool SegmentedCodeCache                       = true                                      {product} {ergonomic}
   size_t SoftMaxHeapSize                          = 2147483648                             {manageable} {ergonomic}
     bool UseCompressedClassPointers               = true                           {product lp64_product} {ergonomic}
     bool UseCompressedOops                        = true                           {product lp64_product} {ergonomic}
     bool UseG1GC                                  = true                                      {product} {ergonomic}
     bool UseLargePagesIndividualAllocation        = false                                  {pd product} {ergonomic}

Logging:
Log output configuration:
 #0: stdout all=warning uptime,level,tags
 #1: stderr all=off uptime,level,tags

Environment Variables:
CLASSPATH=C:\Users\hp\Desktop\Projects\Wakala\wakala\wakala_app\android\\gradle\wrapper\gradle-wrapper.jar
PATH=C:\Users\hp\Desktop\Projects\Wakala\wakala\wakala_app\node_modules\.bin;C:\Users\hp\Desktop\Projects\Wakala\wakala\wakala_app\node_modules\.bin;C:\Users\hp\Desktop\Projects\Wakala\wakala\node_modules\.bin;C:\Users\hp\Desktop\Projects\Wakala\node_modules\.bin;C:\Users\hp\Desktop\Projects\node_modules\.bin;C:\Users\hp\Desktop\node_modules\.bin;C:\Users\hp\node_modules\.bin;C:\Users\node_modules\.bin;C:\node_modules\.bin;C:\Users\hp\AppData\Roaming\npm\node_modules\npm\node_modules\@npmcli\run-script\lib\node-gyp-bin;C:\Users\hp\Desktop\Projects\Wakala\wakala\wakala_app\node_modules\.bin;C:\Users\hp\Desktop\Projects\Wakala\wakala\node_modules\.bin;C:\Users\hp\Desktop\Projects\Wakala\node_modules\.bin;C:\Users\hp\Desktop\Projects\node_modules\.bin;C:\Users\hp\Desktop\node_modules\.bin;C:\Users\hp\node_modules\.bin;C:\Users\node_modules\.bin;C:\node_modules\.bin;C:\Users\hp\AppData\Roaming\npm\node_modules\npm\node_modules\@npmcli\run-script\lib\node-gyp-bin;C:\Program Files\Common Files\Oracle\Java\javapath;C:\Program Files (x86)\Common Files\Oracle\Java\java8path;C:\Program Files (x86)\Common Files\Oracle\Java\javapath;C:\Program Files\ImageMagick-7.1.1-Q16-HDRI;C:\WINDOWS\system32;C:\WINDOWS;C:\WINDOWS\System32\Wbem;C:\WINDOWS\System32\WindowsPowerShell\v1.0\;C:\WINDOWS\System32\OpenSSH\;C:\Program Files\nodejs\;C:\ProgramData\chocolatey\bin;C:\xampp\php;C:\ProgramData\ComposerSetup\bin;C:\Program Files\Git\cmd;C:\Program Files\Docker\Docker\resources\bin;C:\Program Files (x86)\Google\Cloud SDK\google-cloud-sdk\bin;C:\Program Files\PuTTY\;C:\Users\hp\Downloads\ngrok-v3-stable-windows-amd64;C:\Program Files\Java\jdk-17\bin;C:\Users\hp\AppData\Local\Packages\PythonSoftwareFoundation.Python.3.12_qbz5n2kfra8p0\LocalCache\local-packages\Python312\Scripts;C:\Users\hp\AppData\Local\Android\Sdk\platform-tools;C:\Users\hp\AppData\Local\Android\Sdk\tools;C:\Users\hp\AppData\Local\Programs\Python\Launcher\;C:\Users\hp\AppData\Local\Microsoft\WindowsApps;C:\Program Files\JetBra
USERNAME=hp
OS=Windows_NT
PROCESSOR_IDENTIFIER=Intel64 Family 6 Model 154 Stepping 4, GenuineIntel



---------------  S Y S T E M  ---------------

OS:
 Windows 11 , 64 bit Build 26100 (10.0.26100.3912)
OS uptime: 2 days 20:25 hours
Hyper-V role detected

CPU: total 12 (initial active 12) (6 cores per cpu, 2 threads per core) family 6 model 154 stepping 4 microcode 0x42c, cx8, cmov, fxsr, ht, mmx, 3dnowpref, sse, sse2, sse3, ssse3, sse4.1, sse4.2, popcnt, lzcnt, tsc, tscinvbit, avx, avx2, aes, erms, clmul, bmi1, bmi2, adx, sha, fma, vzeroupper, clflush, clflushopt, clwb, hv

Memory: 4k page, system-wide physical 7860M (6M free)
TotalPageFile size 32436M (AvailPageFile size 171M)
current process WorkingSet (physical memory assigned to process): 21M, peak: 259M
current process commit charge ("private bytes"): 408M, peak: 640M

vm_info: Java HotSpot(TM) 64-Bit Server VM (17.0.12+8-LTS-286) for windows-amd64 JRE (17.0.12+8-LTS-286), built on Jun  5 2024 06:46:59 by "mach5one" with MS VC++ 17.6 (VS2022)

END.
