#
# There is insufficient memory for the Java Runtime Environment to continue.
# Native memory allocation (malloc) failed to allocate 2104016 bytes for Chunk::new
# Possible reasons:
#   The system is out of physical RAM or swap space
#   The process is running with CompressedOops enabled, and the Java Heap may be blocking the growth of the native heap
# Possible solutions:
#   Reduce memory load on the system
#   Increase physical memory or swap space
#   Check if swap backing store is full
#   Decrease Java heap size (-Xmx/-Xms)
#   Decrease number of Java threads
#   Decrease Java thread stack sizes (-Xss)
#   Set larger code cache with -XX:ReservedCodeCacheSize=
#   JVM is running with Unscaled Compressed Oops mode in which the Java heap is
#     placed in the first 4GB address space. The Java Heap base address is the
#     maximum limit for the native heap growth. Please use -XX:HeapBaseMinAddress
#     to set the Java Heap base and to place the Java Heap above 4GB virtual address.
# This output file may be truncated or incomplete.
#
#  Out of Memory Error (arena.cpp:189), pid=33852, tid=29224
#
# JRE version: Java(TM) SE Runtime Environment (17.0.12+8) (build 17.0.12+8-LTS-286)
# Java VM: Java HotSpot(TM) 64-Bit Server VM (17.0.12+8-LTS-286, mixed mode, sharing, tiered, compressed oops, compressed class ptrs, g1 gc, windows-amd64)
# No core dump will be written. Minidumps are not enabled by default on client versions of Windows
#

---------------  S U M M A R Y ------------

Command Line: org.jetbrains.kotlin.cli.jvm.K2JVMCompiler @C:\Users\hp\Desktop\Projects\Wakala\wakala\wakala_app\node_modules\react-native-gesture-handler\android\build\20250611_13615894603829563507.compiler.options

Host: 12th Gen Intel(R) Core(TM) i7-1255U, 12 cores, 7G,  Windows 11 , 64 bit Build 26100 (10.0.26100.3912)
Time: Wed Jun 11 16:27:43 2025 E. Africa Standard Time elapsed time: 89.925436 seconds (0d 0h 1m 29s)

---------------  T H R E A D  ---------------

Current thread (0x000001d3bad96ec0):  JavaThread "C2 CompilerThread0" daemon [_thread_in_native, id=29224, stack(0x0000005975e00000,0x0000005975f00000)]


Current CompileTask:
C2:  89926 9782   !   4       org.jetbrains.kotlin.metadata.ProtoBuf$Function::<init> (1410 bytes)

Stack: [0x0000005975e00000,0x0000005975f00000]
Native frames: (J=compiled Java code, j=interpreted, Vv=VM code, C=native code)
V  [jvm.dll+0x67a04a]
V  [jvm.dll+0x7da4ed]
V  [jvm.dll+0x7dbe33]
V  [jvm.dll+0x7dc4a3]
V  [jvm.dll+0x24508f]
V  [jvm.dll+0xab773]
V  [jvm.dll+0xabd3c]
V  [jvm.dll+0x361b9f]
V  [jvm.dll+0x32c431]
V  [jvm.dll+0x32b8ca]
V  [jvm.dll+0x21683f]
V  [jvm.dll+0x215c6f]
V  [jvm.dll+0x1a2960]
V  [jvm.dll+0x22610b]
V  [jvm.dll+0x2242ab]
V  [jvm.dll+0x79075c]
V  [jvm.dll+0x78abea]
V  [jvm.dll+0x678f35]
C  [ucrtbase.dll+0x37b0]
C  [KERNEL32.DLL+0x2e8d7]
C  [ntdll.dll+0x9c5dc]


---------------  P R O C E S S  ---------------

Threads class SMR info:
_java_thread_list=0x000001d3800ee020, length=12, elements={
0x000001d39c235ee0, 0x000001d3bad78b50, 0x000001d3bad7a080, 0x000001d3bad91620,
0x000001d3bad91fe0, 0x000001d3bad93510, 0x000001d3bad93ed0, 0x000001d3bad96ec0,
0x000001d3bad9b9e0, 0x000001d3bad9c3e0, 0x000001d3800e29a0, 0x000001d3800f7950
}

Java Threads: ( => current thread )
  0x000001d39c235ee0 JavaThread "main" [_thread_in_vm, id=27768, stack(0x0000005975100000,0x0000005975200000)]
  0x000001d3bad78b50 JavaThread "Reference Handler" daemon [_thread_blocked, id=10264, stack(0x0000005975800000,0x0000005975900000)]
  0x000001d3bad7a080 JavaThread "Finalizer" daemon [_thread_blocked, id=33192, stack(0x0000005975900000,0x0000005975a00000)]
  0x000001d3bad91620 JavaThread "Signal Dispatcher" daemon [_thread_blocked, id=12600, stack(0x0000005975a00000,0x0000005975b00000)]
  0x000001d3bad91fe0 JavaThread "Attach Listener" daemon [_thread_blocked, id=34312, stack(0x0000005975b00000,0x0000005975c00000)]
  0x000001d3bad93510 JavaThread "Service Thread" daemon [_thread_blocked, id=1336, stack(0x0000005975c00000,0x0000005975d00000)]
  0x000001d3bad93ed0 JavaThread "Monitor Deflation Thread" daemon [_thread_blocked, id=35444, stack(0x0000005975d00000,0x0000005975e00000)]
=>0x000001d3bad96ec0 JavaThread "C2 CompilerThread0" daemon [_thread_in_native, id=29224, stack(0x0000005975e00000,0x0000005975f00000)]
  0x000001d3bad9b9e0 JavaThread "C1 CompilerThread0" daemon [_thread_in_vm, id=23668, stack(0x0000005975f00000,0x0000005976000000)]
  0x000001d3bad9c3e0 JavaThread "Sweeper thread" daemon [_thread_blocked, id=34580, stack(0x0000005976000000,0x0000005976100000)]
  0x000001d3800e29a0 JavaThread "Notification Thread" daemon [_thread_blocked, id=34888, stack(0x0000005976100000,0x0000005976200000)]
  0x000001d3800f7950 JavaThread "Common-Cleaner" daemon [_thread_blocked, id=29628, stack(0x0000005976300000,0x0000005976400000)]

Other Threads:
  0x000001d3bad74640 VMThread "VM Thread" [stack: 0x0000005975700000,0x0000005975800000] [id=4940]
  0x000001d3800eb290 WatcherThread [stack: 0x0000005976200000,0x0000005976300000] [id=29064]
  0x000001d39c28ddd0 GCTaskThread "GC Thread#0" [stack: 0x0000005975200000,0x0000005975300000] [id=30092]
  0x000001d38061ccd0 GCTaskThread "GC Thread#1" [stack: 0x0000005976400000,0x0000005976500000] [id=28292]
  0x000001d38003fd20 GCTaskThread "GC Thread#2" [stack: 0x0000005976500000,0x0000005976600000] [id=26620]
  0x000001d38003ffe0 GCTaskThread "GC Thread#3" [stack: 0x0000005976600000,0x0000005976700000] [id=20832]
  0x000001d3805b3070 GCTaskThread "GC Thread#4" [stack: 0x0000005976700000,0x0000005976800000] [id=29112]
  0x000001d3805b3540 GCTaskThread "GC Thread#5" [stack: 0x0000005976800000,0x0000005976900000] [id=24100]
  0x000001d38010b250 GCTaskThread "GC Thread#6" [stack: 0x0000005976900000,0x0000005976a00000] [id=34140]
  0x000001d380aa4650 GCTaskThread "GC Thread#7" [stack: 0x0000005976a00000,0x0000005976b00000] [id=35572]
  0x000001d38071ee60 GCTaskThread "GC Thread#8" [stack: 0x0000005976b00000,0x0000005976c00000] [id=4688]
  0x000001d3801266a0 GCTaskThread "GC Thread#9" [stack: 0x0000005976c00000,0x0000005976d00000] [id=33928]
  0x000001d39c2a2770 ConcurrentGCThread "G1 Main Marker" [stack: 0x0000005975300000,0x0000005975400000] [id=34704]
  0x000001d39c2a4190 ConcurrentGCThread "G1 Conc#0" [stack: 0x0000005975400000,0x0000005975500000] [id=35024]
  0x000001d380126c20 ConcurrentGCThread "G1 Conc#1" [stack: 0x0000005976d00000,0x0000005976e00000] [id=34212]
  0x000001d3801258e0 ConcurrentGCThread "G1 Conc#2" [stack: 0x0000005976e00000,0x0000005976f00000] [id=30564]
  0x000001d39c2fe6e0 ConcurrentGCThread "G1 Refine#0" [stack: 0x0000005975500000,0x0000005975600000] [id=13300]
  0x000001d3815383c0 ConcurrentGCThread "G1 Refine#1" [stack: 0x0000005976f00000,0x0000005977000000] [id=26304]
  0x000001d3bac1c100 ConcurrentGCThread "G1 Service" [stack: 0x0000005975600000,0x0000005975700000] [id=6228]

Threads with active compile tasks:
C2 CompilerThread0    90038 9782   !   4       org.jetbrains.kotlin.metadata.ProtoBuf$Function::<init> (1410 bytes)
C1 CompilerThread0    90038 9883       3       org.jetbrains.kotlin.load.kotlin.FileBasedKotlinClass$4$2::visitParameterAnnotation (87 bytes)

VM state: not at safepoint (normal execution)

VM Mutex/Monitor currently owned by a thread:  ([mutex/lock_event])
[0x000001d39c22ffe0] Metaspace_lock - owner thread: 0x000001d3bad9b9e0
[0x000001d39c231930] MethodData_lock - owner thread: 0x000001d3bad9b9e0

Heap address: 0x0000000085200000, size: 1966 MB, Compressed Oops mode: 32-bit

CDS archive(s) mapped at: [0x000001d3bb000000-0x000001d3bbbd0000-0x000001d3bbbd0000), size 12386304, SharedBaseAddress: 0x000001d3bb000000, ArchiveRelocationMode: 1.
Compressed class space mapped at: 0x000001d3bc000000-0x000001d3fc000000, reserved size: 1073741824
Narrow klass base: 0x000001d3bb000000, Narrow klass shift: 0, Narrow klass range: 0x100000000

GC Precious Log:
 CPUs: 12 total, 12 available
 Memory: 7860M
 Large Page Support: Disabled
 NUMA Support: Disabled
 Compressed Oops: Enabled (32-bit)
 Heap Region Size: 1M
 Heap Min Capacity: 8M
 Heap Initial Capacity: 124M
 Heap Max Capacity: 1966M
 Pre-touch: Disabled
 Parallel Workers: 10
 Concurrent Workers: 3
 Concurrent Refinement Workers: 10
 Periodic GC: Disabled

Heap:
 garbage-first heap   total 228352K, used 142272K [0x0000000085200000, 0x0000000100000000)
  region size 1024K, 93 young (95232K), 1 survivors (1024K)
 Metaspace       used 52646K, committed 52928K, reserved 1114112K
  class space    used 6114K, committed 6272K, reserved 1048576K

Heap Regions: E=young(eden), S=young(survivor), O=old, HS=humongous(starts), HC=humongous(continues), CS=collection set, F=free, OA=open archive, CA=closed archive, TAMS=top-at-mark-start (previous, next)
|   0|0x0000000085200000, 0x0000000085300000, 0x0000000085300000|100%|HS|  |TAMS 0x0000000085300000, 0x0000000085200000| Complete 
|   1|0x0000000085300000, 0x0000000085400000, 0x0000000085400000|100%|HC|  |TAMS 0x0000000085400000, 0x0000000085300000| Complete 
|   2|0x0000000085400000, 0x0000000085500000, 0x0000000085500000|100%|HC|  |TAMS 0x0000000085500000, 0x0000000085400000| Complete 
|   3|0x0000000085500000, 0x0000000085600000, 0x0000000085600000|100%|HC|  |TAMS 0x0000000085600000, 0x0000000085500000| Complete 
|   4|0x0000000085600000, 0x0000000085700000, 0x0000000085700000|100%| O|  |TAMS 0x0000000085700000, 0x0000000085600000| Untracked 
|   5|0x0000000085700000, 0x0000000085800000, 0x0000000085800000|100%| O|  |TAMS 0x0000000085800000, 0x0000000085700000| Untracked 
|   6|0x0000000085800000, 0x0000000085900000, 0x0000000085900000|100%| O|  |TAMS 0x0000000085900000, 0x0000000085800000| Untracked 
|   7|0x0000000085900000, 0x0000000085a00000, 0x0000000085a00000|100%| O|  |TAMS 0x0000000085a00000, 0x0000000085900000| Untracked 
|   8|0x0000000085a00000, 0x0000000085b00000, 0x0000000085b00000|100%| O|  |TAMS 0x0000000085b00000, 0x0000000085a00000| Untracked 
|   9|0x0000000085b00000, 0x0000000085c00000, 0x0000000085c00000|100%| O|  |TAMS 0x0000000085c00000, 0x0000000085b00000| Untracked 
|  10|0x0000000085c00000, 0x0000000085d00000, 0x0000000085d00000|100%| O|  |TAMS 0x0000000085d00000, 0x0000000085c00000| Untracked 
|  11|0x0000000085d00000, 0x0000000085e00000, 0x0000000085e00000|100%| O|  |TAMS 0x0000000085e00000, 0x0000000085d00000| Untracked 
|  12|0x0000000085e00000, 0x0000000085f00000, 0x0000000085f00000|100%| O|  |TAMS 0x0000000085f00000, 0x0000000085e00000| Untracked 
|  13|0x0000000085f00000, 0x0000000086000000, 0x0000000086000000|100%| O|  |TAMS 0x0000000086000000, 0x0000000085f00000| Untracked 
|  14|0x0000000086000000, 0x0000000086100000, 0x0000000086100000|100%| O|  |TAMS 0x0000000086100000, 0x0000000086000000| Untracked 
|  15|0x0000000086100000, 0x0000000086200000, 0x0000000086200000|100%| O|  |TAMS 0x0000000086200000, 0x0000000086100000| Untracked 
|  16|0x0000000086200000, 0x0000000086300000, 0x0000000086300000|100%| O|  |TAMS 0x0000000086300000, 0x0000000086200000| Untracked 
|  17|0x0000000086300000, 0x0000000086400000, 0x0000000086400000|100%| O|  |TAMS 0x0000000086400000, 0x0000000086300000| Untracked 
|  18|0x0000000086400000, 0x0000000086500000, 0x0000000086500000|100%|HS|  |TAMS 0x0000000086500000, 0x0000000086400000| Complete 
|  19|0x0000000086500000, 0x0000000086600000, 0x0000000086600000|100%|HC|  |TAMS 0x0000000086600000, 0x0000000086500000| Complete 
|  20|0x0000000086600000, 0x0000000086700000, 0x0000000086700000|100%| O|  |TAMS 0x0000000086700000, 0x0000000086600000| Untracked 
|  21|0x0000000086700000, 0x0000000086800000, 0x0000000086800000|100%| O|  |TAMS 0x0000000086800000, 0x0000000086700000| Untracked 
|  22|0x0000000086800000, 0x0000000086900000, 0x0000000086900000|100%| O|  |TAMS 0x0000000086900000, 0x0000000086800000| Untracked 
|  23|0x0000000086900000, 0x0000000086a00000, 0x0000000086a00000|100%| O|  |TAMS 0x0000000086a00000, 0x0000000086900000| Untracked 
|  24|0x0000000086a00000, 0x0000000086b00000, 0x0000000086b00000|100%| O|  |TAMS 0x0000000086b00000, 0x0000000086a00000| Untracked 
|  25|0x0000000086b00000, 0x0000000086c00000, 0x0000000086c00000|100%| O|  |TAMS 0x0000000086c00000, 0x0000000086b00000| Untracked 
|  26|0x0000000086c00000, 0x0000000086d00000, 0x0000000086d00000|100%| O|  |TAMS 0x0000000086d00000, 0x0000000086c00000| Untracked 
|  27|0x0000000086d00000, 0x0000000086e00000, 0x0000000086e00000|100%| O|  |TAMS 0x0000000086e00000, 0x0000000086d00000| Untracked 
|  28|0x0000000086e00000, 0x0000000086e00000, 0x0000000086f00000|  0%| F|  |TAMS 0x0000000086e00000, 0x0000000086e00000| Untracked 
|  29|0x0000000086f00000, 0x0000000087000000, 0x0000000087000000|100%| O|  |TAMS 0x0000000087000000, 0x0000000086f00000| Untracked 
|  30|0x0000000087000000, 0x0000000087100000, 0x0000000087100000|100%| O|  |TAMS 0x0000000087100000, 0x0000000087000000| Untracked 
|  31|0x0000000087100000, 0x0000000087200000, 0x0000000087200000|100%| O|  |TAMS 0x0000000087200000, 0x0000000087100000| Untracked 
|  32|0x0000000087200000, 0x0000000087300000, 0x0000000087300000|100%| O|  |TAMS 0x0000000087300000, 0x0000000087200000| Untracked 
|  33|0x0000000087300000, 0x0000000087400000, 0x0000000087400000|100%| O|  |TAMS 0x0000000087400000, 0x0000000087300000| Untracked 
|  34|0x0000000087400000, 0x0000000087500000, 0x0000000087500000|100%| O|  |TAMS 0x0000000087500000, 0x0000000087400000| Untracked 
|  35|0x0000000087500000, 0x0000000087600000, 0x0000000087600000|100%| O|  |TAMS 0x0000000087600000, 0x0000000087500000| Untracked 
|  36|0x0000000087600000, 0x0000000087700000, 0x0000000087700000|100%| O|  |TAMS 0x0000000087699400, 0x0000000087600000| Untracked 
|  37|0x0000000087700000, 0x0000000087800000, 0x0000000087800000|100%| O|  |TAMS 0x0000000087700000, 0x0000000087700000| Untracked 
|  38|0x0000000087800000, 0x0000000087900000, 0x0000000087900000|100%| O|  |TAMS 0x0000000087800000, 0x0000000087800000| Untracked 
|  39|0x0000000087900000, 0x0000000087a00000, 0x0000000087a00000|100%| O|  |TAMS 0x0000000087900000, 0x0000000087900000| Untracked 
|  40|0x0000000087a00000, 0x0000000087b00000, 0x0000000087b00000|100%| O|  |TAMS 0x0000000087a00000, 0x0000000087a00000| Untracked 
|  41|0x0000000087b00000, 0x0000000087c00000, 0x0000000087c00000|100%| O|  |TAMS 0x0000000087b00000, 0x0000000087b00000| Untracked 
|  42|0x0000000087c00000, 0x0000000087d00000, 0x0000000087d00000|100%| O|  |TAMS 0x0000000087c00000, 0x0000000087c00000| Untracked 
|  43|0x0000000087d00000, 0x0000000087e00000, 0x0000000087e00000|100%| O|  |TAMS 0x0000000087d00000, 0x0000000087d00000| Untracked 
|  44|0x0000000087e00000, 0x0000000087f00000, 0x0000000087f00000|100%| O|  |TAMS 0x0000000087e00000, 0x0000000087e00000| Untracked 
|  45|0x0000000087f00000, 0x0000000088000000, 0x0000000088000000|100%| O|  |TAMS 0x0000000087f00000, 0x0000000087f00000| Untracked 
|  46|0x0000000088000000, 0x0000000088100000, 0x0000000088100000|100%| O|  |TAMS 0x0000000088000000, 0x0000000088000000| Untracked 
|  47|0x0000000088100000, 0x0000000088200000, 0x0000000088200000|100%| O|  |TAMS 0x0000000088100000, 0x0000000088100000| Untracked 
|  48|0x0000000088200000, 0x0000000088254800, 0x0000000088300000| 33%| O|  |TAMS 0x0000000088200000, 0x0000000088200000| Untracked 
|  49|0x0000000088300000, 0x0000000088300000, 0x0000000088400000|  0%| F|  |TAMS 0x0000000088300000, 0x0000000088300000| Untracked 
|  50|0x0000000088400000, 0x0000000088400000, 0x0000000088500000|  0%| F|  |TAMS 0x0000000088400000, 0x0000000088400000| Untracked 
|  51|0x0000000088500000, 0x0000000088500000, 0x0000000088600000|  0%| F|  |TAMS 0x0000000088500000, 0x0000000088500000| Untracked 
|  52|0x0000000088600000, 0x0000000088600000, 0x0000000088700000|  0%| F|  |TAMS 0x0000000088600000, 0x0000000088600000| Untracked 
|  53|0x0000000088700000, 0x0000000088700000, 0x0000000088800000|  0%| F|  |TAMS 0x0000000088700000, 0x0000000088700000| Untracked 
|  54|0x0000000088800000, 0x0000000088800000, 0x0000000088900000|  0%| F|  |TAMS 0x0000000088800000, 0x0000000088800000| Untracked 
|  55|0x0000000088900000, 0x0000000088900000, 0x0000000088a00000|  0%| F|  |TAMS 0x0000000088900000, 0x0000000088900000| Untracked 
|  56|0x0000000088a00000, 0x0000000088a00000, 0x0000000088b00000|  0%| F|  |TAMS 0x0000000088a00000, 0x0000000088a00000| Untracked 
|  57|0x0000000088b00000, 0x0000000088b00000, 0x0000000088c00000|  0%| F|  |TAMS 0x0000000088b00000, 0x0000000088b00000| Untracked 
|  58|0x0000000088c00000, 0x0000000088c00000, 0x0000000088d00000|  0%| F|  |TAMS 0x0000000088c00000, 0x0000000088c00000| Untracked 
|  59|0x0000000088d00000, 0x0000000088d00000, 0x0000000088e00000|  0%| F|  |TAMS 0x0000000088d00000, 0x0000000088d00000| Untracked 
|  60|0x0000000088e00000, 0x0000000088e00000, 0x0000000088f00000|  0%| F|  |TAMS 0x0000000088e00000, 0x0000000088e00000| Untracked 
|  61|0x0000000088f00000, 0x0000000088f00000, 0x0000000089000000|  0%| F|  |TAMS 0x0000000088f00000, 0x0000000088f00000| Untracked 
|  62|0x0000000089000000, 0x0000000089000000, 0x0000000089100000|  0%| F|  |TAMS 0x0000000089000000, 0x0000000089000000| Untracked 
|  63|0x0000000089100000, 0x0000000089100000, 0x0000000089200000|  0%| F|  |TAMS 0x0000000089100000, 0x0000000089100000| Untracked 
|  64|0x0000000089200000, 0x0000000089200000, 0x0000000089300000|  0%| F|  |TAMS 0x0000000089200000, 0x0000000089200000| Untracked 
|  65|0x0000000089300000, 0x0000000089300000, 0x0000000089400000|  0%| F|  |TAMS 0x0000000089300000, 0x0000000089300000| Untracked 
|  66|0x0000000089400000, 0x0000000089400000, 0x0000000089500000|  0%| F|  |TAMS 0x0000000089400000, 0x0000000089400000| Untracked 
|  67|0x0000000089500000, 0x0000000089500000, 0x0000000089600000|  0%| F|  |TAMS 0x0000000089500000, 0x0000000089500000| Untracked 
|  68|0x0000000089600000, 0x0000000089600000, 0x0000000089700000|  0%| F|  |TAMS 0x0000000089600000, 0x0000000089600000| Untracked 
|  69|0x0000000089700000, 0x0000000089700000, 0x0000000089800000|  0%| F|  |TAMS 0x0000000089700000, 0x0000000089700000| Untracked 
|  70|0x0000000089800000, 0x0000000089800000, 0x0000000089900000|  0%| F|  |TAMS 0x0000000089800000, 0x0000000089800000| Untracked 
|  71|0x0000000089900000, 0x0000000089900000, 0x0000000089a00000|  0%| F|  |TAMS 0x0000000089900000, 0x0000000089900000| Untracked 
|  72|0x0000000089a00000, 0x0000000089a00000, 0x0000000089b00000|  0%| F|  |TAMS 0x0000000089a00000, 0x0000000089a00000| Untracked 
|  73|0x0000000089b00000, 0x0000000089b00000, 0x0000000089c00000|  0%| F|  |TAMS 0x0000000089b00000, 0x0000000089b00000| Untracked 
|  74|0x0000000089c00000, 0x0000000089c00000, 0x0000000089d00000|  0%| F|  |TAMS 0x0000000089c00000, 0x0000000089c00000| Untracked 
|  75|0x0000000089d00000, 0x0000000089d00000, 0x0000000089e00000|  0%| F|  |TAMS 0x0000000089d00000, 0x0000000089d00000| Untracked 
|  76|0x0000000089e00000, 0x0000000089e00000, 0x0000000089f00000|  0%| F|  |TAMS 0x0000000089e00000, 0x0000000089e00000| Untracked 
|  77|0x0000000089f00000, 0x0000000089f00000, 0x000000008a000000|  0%| F|  |TAMS 0x0000000089f00000, 0x0000000089f00000| Untracked 
|  78|0x000000008a000000, 0x000000008a000000, 0x000000008a100000|  0%| F|  |TAMS 0x000000008a000000, 0x000000008a000000| Untracked 
|  79|0x000000008a100000, 0x000000008a100000, 0x000000008a200000|  0%| F|  |TAMS 0x000000008a100000, 0x000000008a100000| Untracked 
|  80|0x000000008a200000, 0x000000008a200000, 0x000000008a300000|  0%| F|  |TAMS 0x000000008a200000, 0x000000008a200000| Untracked 
|  81|0x000000008a300000, 0x000000008a300000, 0x000000008a400000|  0%| F|  |TAMS 0x000000008a300000, 0x000000008a300000| Untracked 
|  82|0x000000008a400000, 0x000000008a400000, 0x000000008a500000|  0%| F|  |TAMS 0x000000008a400000, 0x000000008a400000| Untracked 
|  83|0x000000008a500000, 0x000000008a500000, 0x000000008a600000|  0%| F|  |TAMS 0x000000008a500000, 0x000000008a500000| Untracked 
|  84|0x000000008a600000, 0x000000008a600000, 0x000000008a700000|  0%| F|  |TAMS 0x000000008a600000, 0x000000008a600000| Untracked 
|  85|0x000000008a700000, 0x000000008a700000, 0x000000008a800000|  0%| F|  |TAMS 0x000000008a700000, 0x000000008a700000| Untracked 
|  86|0x000000008a800000, 0x000000008a800000, 0x000000008a900000|  0%| F|  |TAMS 0x000000008a800000, 0x000000008a800000| Untracked 
|  87|0x000000008a900000, 0x000000008a900000, 0x000000008aa00000|  0%| F|  |TAMS 0x000000008a900000, 0x000000008a900000| Untracked 
|  88|0x000000008aa00000, 0x000000008aa00000, 0x000000008ab00000|  0%| F|  |TAMS 0x000000008aa00000, 0x000000008aa00000| Untracked 
|  89|0x000000008ab00000, 0x000000008ab00000, 0x000000008ac00000|  0%| F|  |TAMS 0x000000008ab00000, 0x000000008ab00000| Untracked 
|  90|0x000000008ac00000, 0x000000008ac00000, 0x000000008ad00000|  0%| F|  |TAMS 0x000000008ac00000, 0x000000008ac00000| Untracked 
|  91|0x000000008ad00000, 0x000000008ad00000, 0x000000008ae00000|  0%| F|  |TAMS 0x000000008ad00000, 0x000000008ad00000| Untracked 
|  92|0x000000008ae00000, 0x000000008ae00000, 0x000000008af00000|  0%| F|  |TAMS 0x000000008ae00000, 0x000000008ae00000| Untracked 
|  93|0x000000008af00000, 0x000000008af9b980, 0x000000008b000000| 60%| S|CS|TAMS 0x000000008af00000, 0x000000008af00000| Complete 
|  94|0x000000008b000000, 0x000000008b000000, 0x000000008b100000|  0%| F|  |TAMS 0x000000008b000000, 0x000000008b000000| Untracked 
|  95|0x000000008b100000, 0x000000008b100000, 0x000000008b200000|  0%| F|  |TAMS 0x000000008b100000, 0x000000008b100000| Untracked 
|  96|0x000000008b200000, 0x000000008b200000, 0x000000008b300000|  0%| F|  |TAMS 0x000000008b200000, 0x000000008b200000| Untracked 
|  97|0x000000008b300000, 0x000000008b300000, 0x000000008b400000|  0%| F|  |TAMS 0x000000008b300000, 0x000000008b300000| Untracked 
|  98|0x000000008b400000, 0x000000008b400000, 0x000000008b500000|  0%| F|  |TAMS 0x000000008b400000, 0x000000008b400000| Untracked 
|  99|0x000000008b500000, 0x000000008b500000, 0x000000008b600000|  0%| F|  |TAMS 0x000000008b500000, 0x000000008b500000| Untracked 
| 100|0x000000008b600000, 0x000000008b600000, 0x000000008b700000|  0%| F|  |TAMS 0x000000008b600000, 0x000000008b600000| Untracked 
| 101|0x000000008b700000, 0x000000008b700000, 0x000000008b800000|  0%| F|  |TAMS 0x000000008b700000, 0x000000008b700000| Untracked 
| 102|0x000000008b800000, 0x000000008b800000, 0x000000008b900000|  0%| F|  |TAMS 0x000000008b800000, 0x000000008b800000| Untracked 
| 103|0x000000008b900000, 0x000000008b900000, 0x000000008ba00000|  0%| F|  |TAMS 0x000000008b900000, 0x000000008b900000| Untracked 
| 104|0x000000008ba00000, 0x000000008ba00000, 0x000000008bb00000|  0%| F|  |TAMS 0x000000008ba00000, 0x000000008ba00000| Untracked 
| 105|0x000000008bb00000, 0x000000008bb00000, 0x000000008bc00000|  0%| F|  |TAMS 0x000000008bb00000, 0x000000008bb00000| Untracked 
| 106|0x000000008bc00000, 0x000000008bc00000, 0x000000008bd00000|  0%| F|  |TAMS 0x000000008bc00000, 0x000000008bc00000| Untracked 
| 107|0x000000008bd00000, 0x000000008bd00000, 0x000000008be00000|  0%| F|  |TAMS 0x000000008bd00000, 0x000000008bd00000| Untracked 
| 108|0x000000008be00000, 0x000000008be00000, 0x000000008bf00000|  0%| F|  |TAMS 0x000000008be00000, 0x000000008be00000| Untracked 
| 109|0x000000008bf00000, 0x000000008bf00000, 0x000000008c000000|  0%| F|  |TAMS 0x000000008bf00000, 0x000000008bf00000| Untracked 
| 110|0x000000008c000000, 0x000000008c000000, 0x000000008c100000|  0%| F|  |TAMS 0x000000008c000000, 0x000000008c000000| Untracked 
| 111|0x000000008c100000, 0x000000008c100000, 0x000000008c200000|  0%| F|  |TAMS 0x000000008c100000, 0x000000008c100000| Untracked 
| 112|0x000000008c200000, 0x000000008c200000, 0x000000008c300000|  0%| F|  |TAMS 0x000000008c200000, 0x000000008c200000| Untracked 
| 113|0x000000008c300000, 0x000000008c300000, 0x000000008c400000|  0%| F|  |TAMS 0x000000008c300000, 0x000000008c300000| Untracked 
| 114|0x000000008c400000, 0x000000008c400000, 0x000000008c500000|  0%| F|  |TAMS 0x000000008c400000, 0x000000008c400000| Untracked 
| 115|0x000000008c500000, 0x000000008c500000, 0x000000008c600000|  0%| F|  |TAMS 0x000000008c500000, 0x000000008c500000| Untracked 
| 116|0x000000008c600000, 0x000000008c600000, 0x000000008c700000|  0%| F|  |TAMS 0x000000008c600000, 0x000000008c600000| Untracked 
| 117|0x000000008c700000, 0x000000008c700000, 0x000000008c800000|  0%| F|  |TAMS 0x000000008c700000, 0x000000008c700000| Untracked 
| 118|0x000000008c800000, 0x000000008c800000, 0x000000008c900000|  0%| F|  |TAMS 0x000000008c800000, 0x000000008c800000| Untracked 
| 119|0x000000008c900000, 0x000000008c900000, 0x000000008ca00000|  0%| F|  |TAMS 0x000000008c900000, 0x000000008c900000| Untracked 
| 120|0x000000008ca00000, 0x000000008ca00000, 0x000000008cb00000|  0%| F|  |TAMS 0x000000008ca00000, 0x000000008ca00000| Untracked 
| 121|0x000000008cb00000, 0x000000008cb00000, 0x000000008cc00000|  0%| F|  |TAMS 0x000000008cb00000, 0x000000008cb00000| Untracked 
| 122|0x000000008cc00000, 0x000000008cc00000, 0x000000008cd00000|  0%| F|  |TAMS 0x000000008cc00000, 0x000000008cc00000| Untracked 
| 123|0x000000008cd00000, 0x000000008cd00000, 0x000000008ce00000|  0%| F|  |TAMS 0x000000008cd00000, 0x000000008cd00000| Untracked 
| 124|0x000000008ce00000, 0x000000008ce00000, 0x000000008cf00000|  0%| F|  |TAMS 0x000000008ce00000, 0x000000008ce00000| Untracked 
| 125|0x000000008cf00000, 0x000000008cf00000, 0x000000008d000000|  0%| F|  |TAMS 0x000000008cf00000, 0x000000008cf00000| Untracked 
| 126|0x000000008d000000, 0x000000008d000000, 0x000000008d100000|  0%| F|  |TAMS 0x000000008d000000, 0x000000008d000000| Untracked 
| 127|0x000000008d100000, 0x000000008d100000, 0x000000008d200000|  0%| F|  |TAMS 0x000000008d100000, 0x000000008d100000| Untracked 
| 128|0x000000008d200000, 0x000000008d200000, 0x000000008d300000|  0%| F|  |TAMS 0x000000008d200000, 0x000000008d200000| Untracked 
| 129|0x000000008d300000, 0x000000008d300000, 0x000000008d400000|  0%| F|  |TAMS 0x000000008d300000, 0x000000008d300000| Untracked 
| 130|0x000000008d400000, 0x000000008d400000, 0x000000008d500000|  0%| F|  |TAMS 0x000000008d400000, 0x000000008d400000| Untracked 
| 131|0x000000008d500000, 0x000000008d600000, 0x000000008d600000|100%| E|  |TAMS 0x000000008d500000, 0x000000008d500000| Complete 
| 132|0x000000008d600000, 0x000000008d700000, 0x000000008d700000|100%| E|CS|TAMS 0x000000008d600000, 0x000000008d600000| Complete 
| 133|0x000000008d700000, 0x000000008d800000, 0x000000008d800000|100%| E|CS|TAMS 0x000000008d700000, 0x000000008d700000| Complete 
| 134|0x000000008d800000, 0x000000008d900000, 0x000000008d900000|100%| E|CS|TAMS 0x000000008d800000, 0x000000008d800000| Complete 
| 135|0x000000008d900000, 0x000000008da00000, 0x000000008da00000|100%| E|CS|TAMS 0x000000008d900000, 0x000000008d900000| Complete 
| 136|0x000000008da00000, 0x000000008db00000, 0x000000008db00000|100%| E|CS|TAMS 0x000000008da00000, 0x000000008da00000| Complete 
| 137|0x000000008db00000, 0x000000008dc00000, 0x000000008dc00000|100%| E|CS|TAMS 0x000000008db00000, 0x000000008db00000| Complete 
| 138|0x000000008dc00000, 0x000000008dd00000, 0x000000008dd00000|100%| E|CS|TAMS 0x000000008dc00000, 0x000000008dc00000| Complete 
| 139|0x000000008dd00000, 0x000000008de00000, 0x000000008de00000|100%| E|CS|TAMS 0x000000008dd00000, 0x000000008dd00000| Complete 
| 140|0x000000008de00000, 0x000000008df00000, 0x000000008df00000|100%| E|CS|TAMS 0x000000008de00000, 0x000000008de00000| Complete 
| 141|0x000000008df00000, 0x000000008e000000, 0x000000008e000000|100%| E|CS|TAMS 0x000000008df00000, 0x000000008df00000| Complete 
| 142|0x000000008e000000, 0x000000008e100000, 0x000000008e100000|100%| E|CS|TAMS 0x000000008e000000, 0x000000008e000000| Complete 
| 143|0x000000008e100000, 0x000000008e200000, 0x000000008e200000|100%| E|CS|TAMS 0x000000008e100000, 0x000000008e100000| Complete 
| 144|0x000000008e200000, 0x000000008e300000, 0x000000008e300000|100%| E|CS|TAMS 0x000000008e200000, 0x000000008e200000| Complete 
| 145|0x000000008e300000, 0x000000008e400000, 0x000000008e400000|100%| E|CS|TAMS 0x000000008e300000, 0x000000008e300000| Complete 
| 146|0x000000008e400000, 0x000000008e500000, 0x000000008e500000|100%| E|CS|TAMS 0x000000008e400000, 0x000000008e400000| Complete 
| 147|0x000000008e500000, 0x000000008e600000, 0x000000008e600000|100%| E|CS|TAMS 0x000000008e500000, 0x000000008e500000| Complete 
| 148|0x000000008e600000, 0x000000008e700000, 0x000000008e700000|100%| E|CS|TAMS 0x000000008e600000, 0x000000008e600000| Complete 
| 149|0x000000008e700000, 0x000000008e800000, 0x000000008e800000|100%| E|CS|TAMS 0x000000008e700000, 0x000000008e700000| Complete 
| 150|0x000000008e800000, 0x000000008e900000, 0x000000008e900000|100%| E|CS|TAMS 0x000000008e800000, 0x000000008e800000| Complete 
| 151|0x000000008e900000, 0x000000008ea00000, 0x000000008ea00000|100%| E|CS|TAMS 0x000000008e900000, 0x000000008e900000| Complete 
| 152|0x000000008ea00000, 0x000000008eb00000, 0x000000008eb00000|100%| E|CS|TAMS 0x000000008ea00000, 0x000000008ea00000| Complete 
| 153|0x000000008eb00000, 0x000000008ec00000, 0x000000008ec00000|100%| E|CS|TAMS 0x000000008eb00000, 0x000000008eb00000| Complete 
| 154|0x000000008ec00000, 0x000000008ed00000, 0x000000008ed00000|100%| E|CS|TAMS 0x000000008ec00000, 0x000000008ec00000| Complete 
| 155|0x000000008ed00000, 0x000000008ee00000, 0x000000008ee00000|100%| E|CS|TAMS 0x000000008ed00000, 0x000000008ed00000| Complete 
| 156|0x000000008ee00000, 0x000000008ef00000, 0x000000008ef00000|100%| E|CS|TAMS 0x000000008ee00000, 0x000000008ee00000| Complete 
| 157|0x000000008ef00000, 0x000000008f000000, 0x000000008f000000|100%| E|CS|TAMS 0x000000008ef00000, 0x000000008ef00000| Complete 
| 158|0x000000008f000000, 0x000000008f100000, 0x000000008f100000|100%| E|CS|TAMS 0x000000008f000000, 0x000000008f000000| Complete 
| 159|0x000000008f100000, 0x000000008f200000, 0x000000008f200000|100%| E|CS|TAMS 0x000000008f100000, 0x000000008f100000| Complete 
| 160|0x000000008f200000, 0x000000008f300000, 0x000000008f300000|100%| E|CS|TAMS 0x000000008f200000, 0x000000008f200000| Complete 
| 161|0x000000008f300000, 0x000000008f400000, 0x000000008f400000|100%| E|CS|TAMS 0x000000008f300000, 0x000000008f300000| Complete 
| 162|0x000000008f400000, 0x000000008f500000, 0x000000008f500000|100%| E|CS|TAMS 0x000000008f400000, 0x000000008f400000| Complete 
| 163|0x000000008f500000, 0x000000008f600000, 0x000000008f600000|100%| E|CS|TAMS 0x000000008f500000, 0x000000008f500000| Complete 
| 164|0x000000008f600000, 0x000000008f700000, 0x000000008f700000|100%| E|CS|TAMS 0x000000008f600000, 0x000000008f600000| Complete 
| 165|0x000000008f700000, 0x000000008f800000, 0x000000008f800000|100%| E|CS|TAMS 0x000000008f700000, 0x000000008f700000| Complete 
| 166|0x000000008f800000, 0x000000008f900000, 0x000000008f900000|100%| E|CS|TAMS 0x000000008f800000, 0x000000008f800000| Complete 
| 167|0x000000008f900000, 0x000000008fa00000, 0x000000008fa00000|100%| E|CS|TAMS 0x000000008f900000, 0x000000008f900000| Complete 
| 168|0x000000008fa00000, 0x000000008fb00000, 0x000000008fb00000|100%| E|CS|TAMS 0x000000008fa00000, 0x000000008fa00000| Complete 
| 169|0x000000008fb00000, 0x000000008fc00000, 0x000000008fc00000|100%| E|CS|TAMS 0x000000008fb00000, 0x000000008fb00000| Complete 
| 170|0x000000008fc00000, 0x000000008fd00000, 0x000000008fd00000|100%| E|CS|TAMS 0x000000008fc00000, 0x000000008fc00000| Complete 
| 171|0x000000008fd00000, 0x000000008fe00000, 0x000000008fe00000|100%| E|CS|TAMS 0x000000008fd00000, 0x000000008fd00000| Complete 
| 172|0x000000008fe00000, 0x000000008ff00000, 0x000000008ff00000|100%| E|CS|TAMS 0x000000008fe00000, 0x000000008fe00000| Complete 
| 173|0x000000008ff00000, 0x0000000090000000, 0x0000000090000000|100%| E|CS|TAMS 0x000000008ff00000, 0x000000008ff00000| Complete 
| 174|0x0000000090000000, 0x0000000090100000, 0x0000000090100000|100%| E|CS|TAMS 0x0000000090000000, 0x0000000090000000| Complete 
| 175|0x0000000090100000, 0x0000000090200000, 0x0000000090200000|100%| E|CS|TAMS 0x0000000090100000, 0x0000000090100000| Complete 
| 176|0x0000000090200000, 0x0000000090300000, 0x0000000090300000|100%| E|CS|TAMS 0x0000000090200000, 0x0000000090200000| Complete 
| 177|0x0000000090300000, 0x0000000090400000, 0x0000000090400000|100%| E|CS|TAMS 0x0000000090300000, 0x0000000090300000| Complete 
| 178|0x0000000090400000, 0x0000000090500000, 0x0000000090500000|100%| E|CS|TAMS 0x0000000090400000, 0x0000000090400000| Complete 
| 179|0x0000000090500000, 0x0000000090600000, 0x0000000090600000|100%| E|CS|TAMS 0x0000000090500000, 0x0000000090500000| Complete 
| 180|0x0000000090600000, 0x0000000090700000, 0x0000000090700000|100%| E|CS|TAMS 0x0000000090600000, 0x0000000090600000| Complete 
| 181|0x0000000090700000, 0x0000000090800000, 0x0000000090800000|100%| E|CS|TAMS 0x0000000090700000, 0x0000000090700000| Complete 
| 182|0x0000000090800000, 0x0000000090900000, 0x0000000090900000|100%| E|CS|TAMS 0x0000000090800000, 0x0000000090800000| Complete 
| 183|0x0000000090900000, 0x0000000090a00000, 0x0000000090a00000|100%| E|CS|TAMS 0x0000000090900000, 0x0000000090900000| Complete 
| 184|0x0000000090a00000, 0x0000000090b00000, 0x0000000090b00000|100%| E|CS|TAMS 0x0000000090a00000, 0x0000000090a00000| Complete 
| 185|0x0000000090b00000, 0x0000000090c00000, 0x0000000090c00000|100%| E|CS|TAMS 0x0000000090b00000, 0x0000000090b00000| Complete 
| 186|0x0000000090c00000, 0x0000000090d00000, 0x0000000090d00000|100%| E|CS|TAMS 0x0000000090c00000, 0x0000000090c00000| Complete 
| 187|0x0000000090d00000, 0x0000000090e00000, 0x0000000090e00000|100%| E|CS|TAMS 0x0000000090d00000, 0x0000000090d00000| Complete 
| 188|0x0000000090e00000, 0x0000000090f00000, 0x0000000090f00000|100%| E|CS|TAMS 0x0000000090e00000, 0x0000000090e00000| Complete 
| 189|0x0000000090f00000, 0x0000000091000000, 0x0000000091000000|100%| E|CS|TAMS 0x0000000090f00000, 0x0000000090f00000| Complete 
| 190|0x0000000091000000, 0x0000000091100000, 0x0000000091100000|100%| E|CS|TAMS 0x0000000091000000, 0x0000000091000000| Complete 
| 191|0x0000000091100000, 0x0000000091200000, 0x0000000091200000|100%| E|CS|TAMS 0x0000000091100000, 0x0000000091100000| Complete 
| 192|0x0000000091200000, 0x0000000091300000, 0x0000000091300000|100%| E|CS|TAMS 0x0000000091200000, 0x0000000091200000| Complete 
| 193|0x0000000091300000, 0x0000000091400000, 0x0000000091400000|100%| E|CS|TAMS 0x0000000091300000, 0x0000000091300000| Complete 
| 194|0x0000000091400000, 0x0000000091500000, 0x0000000091500000|100%| E|CS|TAMS 0x0000000091400000, 0x0000000091400000| Complete 
| 195|0x0000000091500000, 0x0000000091600000, 0x0000000091600000|100%| E|CS|TAMS 0x0000000091500000, 0x0000000091500000| Complete 
| 196|0x0000000091600000, 0x0000000091700000, 0x0000000091700000|100%| E|CS|TAMS 0x0000000091600000, 0x0000000091600000| Complete 
| 197|0x0000000091700000, 0x0000000091800000, 0x0000000091800000|100%| E|CS|TAMS 0x0000000091700000, 0x0000000091700000| Complete 
| 198|0x0000000091800000, 0x0000000091900000, 0x0000000091900000|100%| E|CS|TAMS 0x0000000091800000, 0x0000000091800000| Complete 
| 199|0x0000000091900000, 0x0000000091a00000, 0x0000000091a00000|100%| E|CS|TAMS 0x0000000091900000, 0x0000000091900000| Complete 
| 200|0x0000000091a00000, 0x0000000091b00000, 0x0000000091b00000|100%| E|CS|TAMS 0x0000000091a00000, 0x0000000091a00000| Complete 
| 201|0x0000000091b00000, 0x0000000091c00000, 0x0000000091c00000|100%| E|CS|TAMS 0x0000000091b00000, 0x0000000091b00000| Complete 
| 202|0x0000000091c00000, 0x0000000091d00000, 0x0000000091d00000|100%| E|CS|TAMS 0x0000000091c00000, 0x0000000091c00000| Complete 
| 203|0x0000000091d00000, 0x0000000091e00000, 0x0000000091e00000|100%| E|CS|TAMS 0x0000000091d00000, 0x0000000091d00000| Complete 
| 204|0x0000000091e00000, 0x0000000091f00000, 0x0000000091f00000|100%| E|CS|TAMS 0x0000000091e00000, 0x0000000091e00000| Complete 
| 205|0x0000000091f00000, 0x0000000092000000, 0x0000000092000000|100%| E|CS|TAMS 0x0000000091f00000, 0x0000000091f00000| Complete 
| 206|0x0000000092000000, 0x0000000092100000, 0x0000000092100000|100%| E|CS|TAMS 0x0000000092000000, 0x0000000092000000| Complete 
| 207|0x0000000092100000, 0x0000000092200000, 0x0000000092200000|100%| E|CS|TAMS 0x0000000092100000, 0x0000000092100000| Complete 
| 208|0x0000000092200000, 0x0000000092300000, 0x0000000092300000|100%| E|CS|TAMS 0x0000000092200000, 0x0000000092200000| Complete 
| 209|0x0000000092300000, 0x0000000092400000, 0x0000000092400000|100%| E|CS|TAMS 0x0000000092300000, 0x0000000092300000| Complete 
| 210|0x0000000092400000, 0x0000000092500000, 0x0000000092500000|100%| E|CS|TAMS 0x0000000092400000, 0x0000000092400000| Complete 
| 211|0x0000000092500000, 0x0000000092600000, 0x0000000092600000|100%| E|CS|TAMS 0x0000000092500000, 0x0000000092500000| Complete 
| 212|0x0000000092600000, 0x0000000092700000, 0x0000000092700000|100%| E|CS|TAMS 0x0000000092600000, 0x0000000092600000| Complete 
| 213|0x0000000092700000, 0x0000000092800000, 0x0000000092800000|100%| E|CS|TAMS 0x0000000092700000, 0x0000000092700000| Complete 
| 214|0x0000000092800000, 0x0000000092900000, 0x0000000092900000|100%| E|CS|TAMS 0x0000000092800000, 0x0000000092800000| Complete 
| 215|0x0000000092900000, 0x0000000092a00000, 0x0000000092a00000|100%| E|CS|TAMS 0x0000000092900000, 0x0000000092900000| Complete 
| 216|0x0000000092a00000, 0x0000000092b00000, 0x0000000092b00000|100%| E|CS|TAMS 0x0000000092a00000, 0x0000000092a00000| Complete 
| 217|0x0000000092b00000, 0x0000000092c00000, 0x0000000092c00000|100%| E|CS|TAMS 0x0000000092b00000, 0x0000000092b00000| Complete 
| 218|0x0000000092c00000, 0x0000000092d00000, 0x0000000092d00000|100%| E|CS|TAMS 0x0000000092c00000, 0x0000000092c00000| Complete 
| 219|0x0000000092d00000, 0x0000000092e00000, 0x0000000092e00000|100%| E|CS|TAMS 0x0000000092d00000, 0x0000000092d00000| Complete 
| 220|0x0000000092e00000, 0x0000000092f00000, 0x0000000092f00000|100%| E|CS|TAMS 0x0000000092e00000, 0x0000000092e00000| Complete 
| 221|0x0000000092f00000, 0x0000000093000000, 0x0000000093000000|100%| E|CS|TAMS 0x0000000092f00000, 0x0000000092f00000| Complete 
| 222|0x0000000093000000, 0x0000000093100000, 0x0000000093100000|100%| E|CS|TAMS 0x0000000093000000, 0x0000000093000000| Complete 

Card table byte_map: [0x000001d3b3c10000,0x000001d3b3ff0000] _byte_map_base: 0x000001d3b37e7000

Marking Bits (Prev, Next): (CMBitMap*) 0x000001d39c28e430, (CMBitMap*) 0x000001d39c28e3f0
 Prev Bits: [0x000001d3b6290000, 0x000001d3b8148000)
 Next Bits: [0x000001d3b43d0000, 0x000001d3b6288000)

Polling page: 0x000001d39a9a0000

Metaspace:

Usage:
  Non-class:     45.44 MB used.
      Class:      5.97 MB used.
       Both:     51.41 MB used.

Virtual space:
  Non-class space:       64.00 MB reserved,      45.56 MB ( 71%) committed,  1 nodes.
      Class space:        1.00 GB reserved,       6.12 MB ( <1%) committed,  1 nodes.
             Both:        1.06 GB reserved,      51.69 MB (  5%) committed. 

Chunk freelists:
   Non-Class:  1.23 MB
       Class:  9.91 MB
        Both:  11.14 MB

MaxMetaspaceSize: unlimited
CompressedClassSpaceSize: 1.00 GB
Initial GC threshold: 21.00 MB
Current GC threshold: 78.69 MB
CDS: on
MetaspaceReclaimPolicy: balanced
 - commit_granule_bytes: 65536.
 - commit_granule_words: 8192.
 - virtual_space_node_default_size: 8388608.
 - enlarge_chunks_in_place: 1.
 - new_chunks_are_fully_committed: 0.
 - uncommit_free_chunks: 1.
 - use_allocation_guard: 0.
 - handle_deallocations: 1.


Internal statistics:

num_allocs_failed_limit: 6.
num_arena_births: 294.
num_arena_deaths: 0.
num_vsnodes_births: 2.
num_vsnodes_deaths: 0.
num_space_committed: 825.
num_space_uncommitted: 0.
num_chunks_returned_to_freelist: 6.
num_chunks_taken_from_freelist: 2235.
num_chunk_merges: 6.
num_chunk_splits: 1752.
num_chunks_enlarged: 1526.
num_inconsistent_stats: 0.

CodeHeap 'non-profiled nmethods': size=120000Kb used=3947Kb max_used=4165Kb free=116052Kb
 bounds [0x000001d3ab680000, 0x000001d3abaa0000, 0x000001d3b2bb0000]
CodeHeap 'profiled nmethods': size=120000Kb used=22269Kb max_used=22778Kb free=97730Kb
 bounds [0x000001d3a3bb0000, 0x000001d3a5210000, 0x000001d3ab0e0000]
CodeHeap 'non-nmethods': size=5760Kb used=1296Kb max_used=1340Kb free=4463Kb
 bounds [0x000001d3ab0e0000, 0x000001d3ab350000, 0x000001d3ab680000]
 total_blobs=8693 nmethods=8089 adapters=514
 compilation: enabled
              stopped_count=0, restarted_count=0
 full_count=0

Compilation events (20 events):
Event: 69.833 Thread 0x000001d3bad9b9e0 9835       3       org.jetbrains.kotlin.resolve.scopes.LexicalScope$Base::getParent (9 bytes)
Event: 69.833 Thread 0x000001d3bad9b9e0 nmethod 9835 0x000001d3a41c4710 code [0x000001d3a41c4900, 0x000001d3a41c4e88]
Event: 69.833 Thread 0x000001d3bad9b9e0 9836       3       org.jetbrains.kotlin.resolve.calls.tower.MemberScopeTowerLevel$getVariables$1::invoke (13 bytes)
Event: 69.833 Thread 0x000001d3bad9b9e0 nmethod 9836 0x000001d3a499f490 code [0x000001d3a499f640, 0x000001d3a499f988]
Event: 69.833 Thread 0x000001d3bad9b9e0 9837       3       org.jetbrains.kotlin.resolve.calls.tower.MemberScopeTowerLevel$getVariables$1::invoke (40 bytes)
Event: 69.834 Thread 0x000001d3bad9b9e0 nmethod 9837 0x000001d3a46db210 code [0x000001d3a46db440, 0x000001d3a46dbb48]
Event: 69.877 Thread 0x000001d3bad9b9e0 9838       1       org.jetbrains.kotlin.resolve.scopes.LexicalWritableScope::getImplicitReceiver (2 bytes)
Event: 69.877 Thread 0x000001d3bad9b9e0 nmethod 9838 0x000001d3aba23a90 code [0x000001d3aba23c20, 0x000001d3aba23cf8]
Event: 69.880 Thread 0x000001d3bad9b9e0 9839       3       org.jetbrains.kotlin.descriptors.impl.VariableDescriptorWithInitializerImpl::getCompileTimeInitializer (22 bytes)
Event: 69.880 Thread 0x000001d3bad9b9e0 nmethod 9839 0x000001d3a435f910 code [0x000001d3a435fac0, 0x000001d3a435fde8]
Event: 70.092 Thread 0x000001d3bad9b9e0 9841       3       org.jetbrains.kotlin.resolve.DescriptorToSourceUtils::findTopLevelParent (51 bytes)
Event: 70.134 Thread 0x000001d3bad9b9e0 nmethod 9841 0x000001d3a434db90 code [0x000001d3a434de20, 0x000001d3a434ed58]
Event: 70.135 Thread 0x000001d3bad9b9e0 9843       3       org.jetbrains.kotlin.resolve.calls.tower.NewResolutionOldInferenceKt::transformToReceiverWithSmartCastInfo (81 bytes)
Event: 70.142 Thread 0x000001d3bad9b9e0 nmethod 9843 0x000001d3a51fd110 code [0x000001d3a51fd6c0, 0x000001d3a51fffb8]
Event: 70.142 Thread 0x000001d3bad9b9e0 9842       3       org.jetbrains.kotlin.com.intellij.psi.impl.source.PsiClassImpl::getNode (5 bytes)
Event: 70.143 Thread 0x000001d3bad9b9e0 nmethod 9842 0x000001d3a4362290 code [0x000001d3a4362460, 0x000001d3a4362778]
Event: 70.143 Thread 0x000001d3bad9b9e0 9840       3       org.jetbrains.kotlin.resolve.DescriptorToSourceUtils::getContainingFile (60 bytes)
Event: 70.145 Thread 0x000001d3bad9b9e0 nmethod 9840 0x000001d3a47e8510 code [0x000001d3a47e8780, 0x000001d3a47e9188]
Event: 70.145 Thread 0x000001d3bad9b9e0 9844       1       org.jetbrains.kotlin.resolve.TopDownAnalysisContext::getDeclaredClasses (5 bytes)
Event: 70.145 Thread 0x000001d3bad9b9e0 nmethod 9844 0x000001d3ab8a8290 code [0x000001d3ab8a8420, 0x000001d3ab8a84f8]

GC Heap History (20 events):
Event: 29.788 GC heap before
{Heap before GC invocations=7 (full 0):
 garbage-first heap   total 55296K, used 42758K [0x0000000085200000, 0x0000000100000000)
  region size 1024K, 23 young (23552K), 3 survivors (3072K)
 Metaspace       used 34637K, committed 34880K, reserved 1114112K
  class space    used 4236K, committed 4352K, reserved 1048576K
}
Event: 29.841 GC heap after
{Heap after GC invocations=8 (full 0):
 garbage-first heap   total 55296K, used 25312K [0x0000000085200000, 0x0000000100000000)
  region size 1024K, 3 young (3072K), 3 survivors (3072K)
 Metaspace       used 34637K, committed 34880K, reserved 1114112K
  class space    used 4236K, committed 4352K, reserved 1048576K
}
Event: 30.805 GC heap before
{Heap before GC invocations=8 (full 0):
 garbage-first heap   total 55296K, used 32480K [0x0000000085200000, 0x0000000100000000)
  region size 1024K, 12 young (12288K), 3 survivors (3072K)
 Metaspace       used 35772K, committed 35968K, reserved 1114112K
  class space    used 4351K, committed 4480K, reserved 1048576K
}
Event: 30.823 GC heap after
{Heap after GC invocations=9 (full 0):
 garbage-first heap   total 55296K, used 27002K [0x0000000085200000, 0x0000000100000000)
  region size 1024K, 2 young (2048K), 2 survivors (2048K)
 Metaspace       used 35772K, committed 35968K, reserved 1114112K
  class space    used 4351K, committed 4480K, reserved 1048576K
}
Event: 32.119 GC heap before
{Heap before GC invocations=10 (full 0):
 garbage-first heap   total 55296K, used 41338K [0x0000000085200000, 0x0000000100000000)
  region size 1024K, 16 young (16384K), 2 survivors (2048K)
 Metaspace       used 37106K, committed 37440K, reserved 1114112K
  class space    used 4503K, committed 4672K, reserved 1048576K
}
Event: 32.138 GC heap after
{Heap after GC invocations=11 (full 0):
 garbage-first heap   total 55296K, used 29696K [0x0000000085200000, 0x0000000100000000)
  region size 1024K, 2 young (2048K), 2 survivors (2048K)
 Metaspace       used 37106K, committed 37440K, reserved 1114112K
  class space    used 4503K, committed 4672K, reserved 1048576K
}
Event: 32.141 GC heap before
{Heap before GC invocations=11 (full 0):
 garbage-first heap   total 55296K, used 30720K [0x0000000085200000, 0x0000000100000000)
  region size 1024K, 3 young (3072K), 2 survivors (2048K)
 Metaspace       used 37106K, committed 37440K, reserved 1114112K
  class space    used 4503K, committed 4672K, reserved 1048576K
}
Event: 32.240 GC heap after
{Heap after GC invocations=12 (full 0):
 garbage-first heap   total 79872K, used 29667K [0x0000000085200000, 0x0000000100000000)
  region size 1024K, 1 young (1024K), 1 survivors (1024K)
 Metaspace       used 37106K, committed 37440K, reserved 1114112K
  class space    used 4503K, committed 4672K, reserved 1048576K
}
Event: 35.244 GC heap before
{Heap before GC invocations=12 (full 0):
 garbage-first heap   total 79872K, used 57315K [0x0000000085200000, 0x0000000100000000)
  region size 1024K, 28 young (28672K), 1 survivors (1024K)
 Metaspace       used 39113K, committed 39424K, reserved 1114112K
  class space    used 4711K, committed 4864K, reserved 1048576K
}
Event: 35.353 GC heap after
{Heap after GC invocations=13 (full 0):
 garbage-first heap   total 79872K, used 33647K [0x0000000085200000, 0x0000000100000000)
  region size 1024K, 4 young (4096K), 4 survivors (4096K)
 Metaspace       used 39113K, committed 39424K, reserved 1114112K
  class space    used 4711K, committed 4864K, reserved 1048576K
}
Event: 38.645 GC heap before
{Heap before GC invocations=13 (full 0):
 garbage-first heap   total 79872K, used 58223K [0x0000000085200000, 0x0000000100000000)
  region size 1024K, 29 young (29696K), 4 survivors (4096K)
 Metaspace       used 43628K, committed 43904K, reserved 1114112K
  class space    used 5317K, committed 5440K, reserved 1048576K
}
Event: 38.670 GC heap after
{Heap after GC invocations=14 (full 0):
 garbage-first heap   total 79872K, used 36588K [0x0000000085200000, 0x0000000100000000)
  region size 1024K, 3 young (3072K), 3 survivors (3072K)
 Metaspace       used 43628K, committed 43904K, reserved 1114112K
  class space    used 5317K, committed 5440K, reserved 1048576K
}
Event: 42.164 GC heap before
{Heap before GC invocations=14 (full 0):
 garbage-first heap   total 79872K, used 61164K [0x0000000085200000, 0x0000000100000000)
  region size 1024K, 27 young (27648K), 3 survivors (3072K)
 Metaspace       used 46162K, committed 46464K, reserved 1114112K
  class space    used 5569K, committed 5696K, reserved 1048576K
}
Event: 42.208 GC heap after
{Heap after GC invocations=15 (full 0):
 garbage-first heap   total 79872K, used 41573K [0x0000000085200000, 0x0000000100000000)
  region size 1024K, 4 young (4096K), 4 survivors (4096K)
 Metaspace       used 46162K, committed 46464K, reserved 1114112K
  class space    used 5569K, committed 5696K, reserved 1048576K
}
Event: 44.617 GC heap before
{Heap before GC invocations=15 (full 0):
 garbage-first heap   total 79872K, used 61029K [0x0000000085200000, 0x0000000100000000)
  region size 1024K, 23 young (23552K), 4 survivors (4096K)
 Metaspace       used 48030K, committed 48320K, reserved 1114112K
  class space    used 5762K, committed 5888K, reserved 1048576K
}
Event: 44.673 GC heap after
{Heap after GC invocations=16 (full 0):
 garbage-first heap   total 79872K, used 45406K [0x0000000085200000, 0x0000000100000000)
  region size 1024K, 3 young (3072K), 3 survivors (3072K)
 Metaspace       used 48030K, committed 48320K, reserved 1114112K
  class space    used 5762K, committed 5888K, reserved 1048576K
}
Event: 46.546 GC heap before
{Heap before GC invocations=17 (full 0):
 garbage-first heap   total 79872K, used 61790K [0x0000000085200000, 0x0000000100000000)
  region size 1024K, 19 young (19456K), 3 survivors (3072K)
 Metaspace       used 48300K, committed 48576K, reserved 1114112K
  class space    used 5762K, committed 5888K, reserved 1048576K
}
Event: 46.574 GC heap after
{Heap after GC invocations=18 (full 0):
 garbage-first heap   total 79872K, used 48972K [0x0000000085200000, 0x0000000100000000)
  region size 1024K, 3 young (3072K), 3 survivors (3072K)
 Metaspace       used 48300K, committed 48576K, reserved 1114112K
  class space    used 5762K, committed 5888K, reserved 1048576K
}
Event: 46.753 GC heap before
{Heap before GC invocations=18 (full 0):
 garbage-first heap   total 79872K, used 49996K [0x0000000085200000, 0x0000000100000000)
  region size 1024K, 4 young (4096K), 3 survivors (3072K)
 Metaspace       used 48303K, committed 48576K, reserved 1114112K
  class space    used 5762K, committed 5888K, reserved 1048576K
}
Event: 46.780 GC heap after
{Heap after GC invocations=19 (full 0):
 garbage-first heap   total 228352K, used 49088K [0x0000000085200000, 0x0000000100000000)
  region size 1024K, 1 young (1024K), 1 survivors (1024K)
 Metaspace       used 48303K, committed 48576K, reserved 1114112K
  class space    used 5762K, committed 5888K, reserved 1048576K
}

Deoptimization events (20 events):
Event: 66.374 Thread 0x000001d39c235ee0 DEOPT PACKING pc=0x000001d3ab986984 sp=0x00000059751fcf90
Event: 66.374 Thread 0x000001d39c235ee0 DEOPT UNPACKING pc=0x000001d3ab1323a3 sp=0x00000059751fcea8 mode 2
Event: 66.374 Thread 0x000001d39c235ee0 Uncommon trap: trap_request=0xffffffde fr.pc=0x000001d3ab9c6490 relative=0x00000000000003b0
Event: 66.374 Thread 0x000001d39c235ee0 Uncommon trap: reason=class_check action=maybe_recompile pc=0x000001d3ab9c6490 method=org.jetbrains.kotlin.storage.LockBasedLazyResolveStorageManager$LockProtectedContext$get$1.invoke()Ljava/lang/Object; @ 15 c2
Event: 66.374 Thread 0x000001d39c235ee0 DEOPT PACKING pc=0x000001d3ab9c6490 sp=0x00000059751fd680
Event: 66.374 Thread 0x000001d39c235ee0 DEOPT UNPACKING pc=0x000001d3ab1323a3 sp=0x00000059751fd588 mode 2
Event: 66.380 Thread 0x000001d39c235ee0 Uncommon trap: trap_request=0xffffffde fr.pc=0x000001d3ab986984 relative=0x0000000000004544
Event: 66.380 Thread 0x000001d39c235ee0 Uncommon trap: reason=class_check action=maybe_recompile pc=0x000001d3ab986984 method=org.jetbrains.kotlin.resolve.OverridingUtil.findMaxVisibility(Ljava/util/Collection;)Lorg/jetbrains/kotlin/descriptors/DescriptorVisibility; @ 10 c2
Event: 66.380 Thread 0x000001d39c235ee0 DEOPT PACKING pc=0x000001d3ab986984 sp=0x00000059751fcf90
Event: 66.380 Thread 0x000001d39c235ee0 DEOPT UNPACKING pc=0x000001d3ab1323a3 sp=0x00000059751fcea8 mode 2
Event: 66.380 Thread 0x000001d39c235ee0 Uncommon trap: trap_request=0xffffffde fr.pc=0x000001d3ab9c6490 relative=0x00000000000003b0
Event: 66.380 Thread 0x000001d39c235ee0 Uncommon trap: reason=class_check action=maybe_recompile pc=0x000001d3ab9c6490 method=org.jetbrains.kotlin.storage.LockBasedLazyResolveStorageManager$LockProtectedContext$get$1.invoke()Ljava/lang/Object; @ 15 c2
Event: 66.380 Thread 0x000001d39c235ee0 DEOPT PACKING pc=0x000001d3ab9c6490 sp=0x00000059751fd680
Event: 66.380 Thread 0x000001d39c235ee0 DEOPT UNPACKING pc=0x000001d3ab1323a3 sp=0x00000059751fd588 mode 2
Event: 66.449 Thread 0x000001d39c235ee0 Uncommon trap: trap_request=0xffffffde fr.pc=0x000001d3aba1db18 relative=0x00000000000002d8
Event: 66.449 Thread 0x000001d39c235ee0 Uncommon trap: reason=class_check action=maybe_recompile pc=0x000001d3aba1db18 method=org.jetbrains.kotlin.resolve.scopes.LazyScopeAdapter.getWorkerScope()Lorg/jetbrains/kotlin/resolve/scopes/MemberScope; @ 9 c2
Event: 66.449 Thread 0x000001d39c235ee0 DEOPT PACKING pc=0x000001d3aba1db18 sp=0x00000059751fadb0
Event: 66.449 Thread 0x000001d39c235ee0 DEOPT UNPACKING pc=0x000001d3ab1323a3 sp=0x00000059751facf8 mode 2
Event: 68.306 Thread 0x000001d39c235ee0 DEOPT PACKING pc=0x000001d3a435134b sp=0x00000059751f8d90
Event: 68.317 Thread 0x000001d39c235ee0 DEOPT UNPACKING pc=0x000001d3ab132b43 sp=0x00000059751f8298 mode 0

Classes unloaded (0 events):
No events

Classes redefined (0 events):
No events

Internal exceptions (20 events):
Event: 38.483 Thread 0x000001d39c235ee0 Exception <a 'java/lang/NoSuchMethodError'{0x00000000888704d0}: 'java.lang.Object java.lang.invoke.DirectMethodHandle$Holder.newInvokeSpecial(java.lang.Object, java.lang.Object, java.lang.Object, java.lang.Object, int)'> (0x00000000888704d0) 
thrown [s\open\src\hotspot\share\interpreter\linkResolver.cpp, line 759]
Event: 38.484 Thread 0x000001d39c235ee0 Exception <a 'java/lang/NoSuchMethodError'{0x0000000088874ab0}: 'java.lang.Object java.lang.invoke.DirectMethodHandle$Holder.invokeSpecial(java.lang.Object, java.lang.Object, java.lang.Object, java.lang.Object, java.lang.Object, int)'> (0x0000000088874ab0) 
thrown [s\open\src\hotspot\share\interpreter\linkResolver.cpp, line 759]
Event: 38.484 Thread 0x000001d39c235ee0 Exception <a 'java/lang/NoSuchMethodError'{0x0000000088878a40}: 'java.lang.Object java.lang.invoke.Invokers$Holder.linkToTargetMethod(java.lang.Object, java.lang.Object, java.lang.Object, int, java.lang.Object)'> (0x0000000088878a40) 
thrown [s\open\src\hotspot\share\interpreter\linkResolver.cpp, line 759]
Event: 38.601 Thread 0x000001d39c235ee0 Exception <a 'java/lang/NoSuchMethodError'{0x00000000887bdb40}: 'void java.lang.invoke.DirectMethodHandle$Holder.invokeInterface(java.lang.Object, java.lang.Object)'> (0x00000000887bdb40) 
thrown [s\open\src\hotspot\share\interpreter\linkResolver.cpp, line 759]
Event: 40.879 Thread 0x000001d39c235ee0 Exception <a 'java/lang/IncompatibleClassChangeError'{0x00000000893fcbf8}: Found class java.lang.Object, but interface was expected> (0x00000000893fcbf8) 
thrown [s\open\src\hotspot\share\interpreter\linkResolver.cpp, line 826]
Event: 41.402 Thread 0x000001d39c235ee0 Exception <a 'java/lang/NoSuchMethodError'{0x0000000088d24140}: 'java.lang.Object java.lang.invoke.DirectMethodHandle$Holder.invokeSpecial(java.lang.Object, java.lang.Object, java.lang.Object, java.lang.Object, java.lang.Object, java.lang.Object, int)'> (0x0000000088d24140) 
thrown [s\open\src\hotspot\share\interpreter\linkResolver.cpp, line 759]
Event: 42.108 Thread 0x000001d39c235ee0 Exception <a 'java/lang/NoSuchMethodError'{0x00000000888ca808}: 'java.lang.Object java.lang.invoke.DirectMethodHandle$Holder.invokeSpecial(java.lang.Object, java.lang.Object, int, java.lang.Object, java.lang.Object)'> (0x00000000888ca808) 
thrown [s\open\src\hotspot\share\interpreter\linkResolver.cpp, line 759]
Event: 42.372 Thread 0x000001d39c235ee0 Exception <a 'java/lang/NoSuchMethodError'{0x000000008cdf2f58}: 'int java.lang.invoke.DirectMethodHandle$Holder.invokeStaticInit(java.lang.Object, int)'> (0x000000008cdf2f58) 
thrown [s\open\src\hotspot\share\interpreter\linkResolver.cpp, line 759]
Event: 43.299 Thread 0x000001d39c235ee0 Exception <a 'java/lang/NoSuchMethodError'{0x000000008a5d76c8}: 'java.lang.Object java.lang.invoke.DirectMethodHandle$Holder.invokeStatic(java.lang.Object, int, java.lang.Object)'> (0x000000008a5d76c8) 
thrown [s\open\src\hotspot\share\interpreter\linkResolver.cpp, line 759]
Event: 43.791 Thread 0x000001d39c235ee0 Exception <a 'java/lang/NoSuchMethodError'{0x00000000895c2888}: 'int java.lang.invoke.DirectMethodHandle$Holder.invokeInterface(java.lang.Object, java.lang.Object)'> (0x00000000895c2888) 
thrown [s\open\src\hotspot\share\interpreter\linkResolver.cpp, line 759]
Event: 44.270 Thread 0x000001d39c235ee0 Exception <a 'java/lang/NoSuchMethodError'{0x0000000089062f70}: 'java.lang.Object java.lang.invoke.DirectMethodHandle$Holder.invokeStatic(java.lang.Object, int, java.lang.Object, java.lang.Object)'> (0x0000000089062f70) 
thrown [s\open\src\hotspot\share\interpreter\linkResolver.cpp, line 759]
Event: 44.272 Thread 0x000001d39c235ee0 Exception <a 'java/lang/NoSuchMethodError'{0x000000008906b0d0}: 'java.lang.Object java.lang.invoke.DirectMethodHandle$Holder.newInvokeSpecial(java.lang.Object, int, java.lang.Object)'> (0x000000008906b0d0) 
thrown [s\open\src\hotspot\share\interpreter\linkResolver.cpp, line 759]
Event: 52.504 Thread 0x000001d39c235ee0 Exception <a 'java/lang/NoSuchMethodError'{0x0000000090c72838}: 'java.lang.Object java.lang.invoke.DirectMethodHandle$Holder.invokeInterface(java.lang.Object, java.lang.Object, java.lang.Object)'> (0x0000000090c72838) 
thrown [s\open\src\hotspot\share\interpreter\linkResolver.cpp, line 759]
Event: 52.505 Thread 0x000001d39c235ee0 Exception <a 'java/lang/IncompatibleClassChangeError'{0x0000000090c761a8}: Found class java.lang.Object, but interface was expected> (0x0000000090c761a8) 
thrown [s\open\src\hotspot\share\interpreter\linkResolver.cpp, line 826]
Event: 52.778 Thread 0x000001d39c235ee0 Exception <a 'java/lang/NoSuchMethodError'{0x0000000090165d78}: 'java.lang.Object java.lang.invoke.DirectMethodHandle$Holder.newInvokeSpecial(java.lang.Object, java.lang.Object, java.lang.Object, java.lang.Object, java.lang.Object, java.lang.Object, java.lang.Object)'> (0x0000000090165d78) 
thrown [s\open\src\hotspot\share\interpreter\linkResolver.cpp, line 759]
Event: 52.778 Thread 0x000001d39c235ee0 Exception <a 'java/lang/NoSuchMethodError'{0x000000009016a930}: 'java.lang.Object java.lang.invoke.Invokers$Holder.linkToTargetMethod(java.lang.Object, java.lang.Object, java.lang.Object, java.lang.Object, java.lang.Object, java.lang.Object, java.lang.Object)'> (0x000000009016a930) 
thrown [s\open\src\hotspot\share\interpreter\linkResolver.cpp, line 759]
Event: 56.384 Thread 0x000001d39c235ee0 Implicit null exception at 0x000001d3aba3066b to 0x000001d3aba37330
Event: 56.387 Thread 0x000001d39c235ee0 Implicit null exception at 0x000001d3ab9e28c3 to 0x000001d3ab9e2b69
Event: 62.694 Thread 0x000001d39c235ee0 Implicit null exception at 0x000001d3ab968bc3 to 0x000001d3ab96c574
Event: 64.105 Thread 0x000001d39c235ee0 Implicit null exception at 0x000001d3aba0d62d to 0x000001d3aba0df54

VM Operations (20 events):
Event: 63.819 Executing VM operation: HandshakeAllThreads
Event: 63.820 Executing VM operation: HandshakeAllThreads done
Event: 63.829 Executing VM operation: HandshakeAllThreads
Event: 63.829 Executing VM operation: HandshakeAllThreads done
Event: 63.995 Executing VM operation: HandshakeAllThreads
Event: 63.995 Executing VM operation: HandshakeAllThreads done
Event: 64.100 Executing VM operation: HandshakeAllThreads
Event: 64.100 Executing VM operation: HandshakeAllThreads done
Event: 64.537 Executing VM operation: HandshakeAllThreads
Event: 64.537 Executing VM operation: HandshakeAllThreads done
Event: 65.548 Executing VM operation: Cleanup
Event: 65.564 Executing VM operation: Cleanup done
Event: 66.575 Executing VM operation: Cleanup
Event: 66.607 Executing VM operation: Cleanup done
Event: 67.607 Executing VM operation: Cleanup
Event: 67.752 Executing VM operation: Cleanup done
Event: 68.758 Executing VM operation: Cleanup
Event: 69.266 Executing VM operation: Cleanup done
Event: 70.273 Executing VM operation: Cleanup
Event: 70.274 Executing VM operation: Cleanup done

Events (20 events):
Event: 62.718 Thread 0x000001d3bad9c3e0 flushing nmethod 0x000001d3a4a47190
Event: 62.718 Thread 0x000001d3bad9c3e0 flushing nmethod 0x000001d3a4a96f90
Event: 62.718 Thread 0x000001d3bad9c3e0 flushing nmethod 0x000001d3a4adb190
Event: 62.718 Thread 0x000001d3bad9c3e0 flushing nmethod 0x000001d3a4ae6d90
Event: 62.718 Thread 0x000001d3bad9c3e0 flushing nmethod 0x000001d3a4ae7e90
Event: 62.719 Thread 0x000001d3bad9c3e0 flushing nmethod 0x000001d3a4b41c90
Event: 62.719 Thread 0x000001d3bad9c3e0 flushing nmethod 0x000001d3a4b42e90
Event: 62.719 Thread 0x000001d3bad9c3e0 flushing nmethod 0x000001d3a4b60b90
Event: 62.719 Thread 0x000001d3bad9c3e0 flushing nmethod 0x000001d3a4b6b790
Event: 62.719 Thread 0x000001d3bad9c3e0 flushing nmethod 0x000001d3a4b78090
Event: 62.719 Thread 0x000001d3bad9c3e0 flushing nmethod 0x000001d3a4b7a010
Event: 62.719 Thread 0x000001d3bad9c3e0 flushing nmethod 0x000001d3a4b85b90
Event: 62.719 Thread 0x000001d3bad9c3e0 flushing nmethod 0x000001d3a4b88f90
Event: 62.719 Thread 0x000001d3bad9c3e0 flushing nmethod 0x000001d3a4bb6490
Event: 62.719 Thread 0x000001d3bad9c3e0 flushing nmethod 0x000001d3a4bcdb90
Event: 62.721 Thread 0x000001d3bad9c3e0 flushing nmethod 0x000001d3a4c94690
Event: 62.722 Thread 0x000001d3bad9c3e0 flushing nmethod 0x000001d3a4cca610
Event: 62.723 Thread 0x000001d3bad9c3e0 flushing nmethod 0x000001d3a4ebb290
Event: 62.723 Thread 0x000001d3bad9c3e0 flushing nmethod 0x000001d3a4fb7310
Event: 62.724 Thread 0x000001d3bad9c3e0 flushing nmethod 0x000001d3a50ce210


Dynamic libraries:
0x00007ff772b20000 - 0x00007ff772b30000 	C:\Program Files\Java\jdk-17\bin\java.exe
0x00007ffecf180000 - 0x00007ffecf3e6000 	C:\WINDOWS\SYSTEM32\ntdll.dll
0x00007ffece3b0000 - 0x00007ffece479000 	C:\WINDOWS\System32\KERNEL32.DLL
0x00007ffecc540000 - 0x00007ffecc90c000 	C:\WINDOWS\System32\KERNELBASE.dll
0x00007ffecc340000 - 0x00007ffecc48b000 	C:\WINDOWS\System32\ucrtbase.dll
0x00007ffe9cec0000 - 0x00007ffe9cedb000 	C:\Program Files\Java\jdk-17\bin\VCRUNTIME140.dll
0x00007ffea0ed0000 - 0x00007ffea0ee9000 	C:\Program Files\Java\jdk-17\bin\jli.dll
0x00007ffecefd0000 - 0x00007ffecf082000 	C:\WINDOWS\System32\ADVAPI32.dll
0x00007ffecf090000 - 0x00007ffecf139000 	C:\WINDOWS\System32\msvcrt.dll
0x00007ffece5e0000 - 0x00007ffece686000 	C:\WINDOWS\System32\sechost.dll
0x00007ffece720000 - 0x00007ffece836000 	C:\WINDOWS\System32\RPCRT4.dll
0x00007ffece0e0000 - 0x00007ffece2aa000 	C:\WINDOWS\System32\USER32.dll
0x00007ffecc310000 - 0x00007ffecc337000 	C:\WINDOWS\System32\win32u.dll
0x00007ffece080000 - 0x00007ffece0ab000 	C:\WINDOWS\System32\GDI32.dll
0x00007ffeccb20000 - 0x00007ffeccc52000 	C:\WINDOWS\System32\gdi32full.dll
0x00007ffecc490000 - 0x00007ffecc533000 	C:\WINDOWS\System32\msvcp_win.dll
0x00007ffeae390000 - 0x00007ffeae62a000 	C:\WINDOWS\WinSxS\amd64_microsoft.windows.common-controls_6595b64144ccf1df_6.0.26100.3912_none_3e07963ce335137e\COMCTL32.dll
0x00007ffeba5a0000 - 0x00007ffeba5ab000 	C:\WINDOWS\SYSTEM32\VERSION.dll
0x00007ffecd040000 - 0x00007ffecd070000 	C:\WINDOWS\System32\IMM32.DLL
0x00007ffea0ec0000 - 0x00007ffea0ecc000 	C:\Program Files\Java\jdk-17\bin\vcruntime140_1.dll
0x00007ffe9b710000 - 0x00007ffe9b79e000 	C:\Program Files\Java\jdk-17\bin\msvcp140.dll
0x00007ffe9ab30000 - 0x00007ffe9b710000 	C:\Program Files\Java\jdk-17\bin\server\jvm.dll
0x00007ffecd030000 - 0x00007ffecd038000 	C:\WINDOWS\System32\PSAPI.DLL
0x00007ffec6b90000 - 0x00007ffec6bc6000 	C:\WINDOWS\SYSTEM32\WINMM.dll
0x00007ffe9ceb0000 - 0x00007ffe9ceba000 	C:\WINDOWS\SYSTEM32\WSOCK32.dll
0x00007ffece000000 - 0x00007ffece074000 	C:\WINDOWS\System32\WS2_32.dll
0x00007ffecb1f0000 - 0x00007ffecb20a000 	C:\WINDOWS\SYSTEM32\kernel.appcore.dll
0x00007ffe9c970000 - 0x00007ffe9c97a000 	C:\Program Files\Java\jdk-17\bin\jimage.dll
0x00007ffec99f0000 - 0x00007ffec9c31000 	C:\WINDOWS\SYSTEM32\DBGHELP.DLL
0x00007ffecec40000 - 0x00007ffecefc4000 	C:\WINDOWS\System32\combase.dll
0x00007ffeccf40000 - 0x00007ffecd020000 	C:\WINDOWS\System32\OLEAUT32.dll
0x00007ffea2480000 - 0x00007ffea24b9000 	C:\WINDOWS\SYSTEM32\dbgcore.DLL
0x00007ffeccea0000 - 0x00007ffeccf39000 	C:\WINDOWS\System32\bcryptPrimitives.dll
0x00007ffe9a8d0000 - 0x00007ffe9a8f5000 	C:\Program Files\Java\jdk-17\bin\java.dll
0x00007ffe9a7c0000 - 0x00007ffe9a897000 	C:\Program Files\Java\jdk-17\bin\jsvml.dll
0x00007ffecd090000 - 0x00007ffecd7bd000 	C:\WINDOWS\System32\SHELL32.dll
0x00007ffecc910000 - 0x00007ffecca84000 	C:\WINDOWS\System32\wintypes.dll
0x00007ffec9ee0000 - 0x00007ffeca736000 	C:\WINDOWS\SYSTEM32\windows.storage.dll
0x00007ffece2b0000 - 0x00007ffece39f000 	C:\WINDOWS\System32\SHCORE.dll
0x00007ffecdce0000 - 0x00007ffecdd49000 	C:\WINDOWS\System32\shlwapi.dll
0x00007ffecc220000 - 0x00007ffecc24f000 	C:\WINDOWS\SYSTEM32\profapi.dll
0x00007ffe99130000 - 0x00007ffe99149000 	C:\Program Files\Java\jdk-17\bin\net.dll
0x00007ffec0280000 - 0x00007ffec039e000 	C:\WINDOWS\SYSTEM32\WINHTTP.dll
0x00007ffecb760000 - 0x00007ffecb7ca000 	C:\WINDOWS\system32\mswsock.dll
0x00007ffe99110000 - 0x00007ffe99126000 	C:\Program Files\Java\jdk-17\bin\nio.dll
0x00007ffe990f0000 - 0x00007ffe99108000 	C:\Program Files\Java\jdk-17\bin\zip.dll
0x00007ffe96400000 - 0x00007ffe96410000 	C:\Program Files\Java\jdk-17\bin\verify.dll

dbghelp: loaded successfully - version: 4.0.5 - missing functions: none
symbol engine: initialized successfully - sym options: 0x614 - pdb path: .;C:\Program Files\Java\jdk-17\bin;C:\WINDOWS\SYSTEM32;C:\WINDOWS\WinSxS\amd64_microsoft.windows.common-controls_6595b64144ccf1df_6.0.26100.3912_none_3e07963ce335137e;C:\Program Files\Java\jdk-17\bin\server

VM Arguments:
java_command: org.jetbrains.kotlin.cli.jvm.K2JVMCompiler @C:\Users\hp\Desktop\Projects\Wakala\wakala\wakala_app\node_modules\react-native-gesture-handler\android\build\20250611_13615894603829563507.compiler.options
java_class_path (initial): C:\Users\hp\.gradle\caches\modules-2\files-2.1\org.jetbrains.kotlin\kotlin-compiler-embeddable\1.9.24\78dab849090e6c5e2eadb6e59a11cdc28fb67a08\kotlin-compiler-embeddable-1.9.24.jar;C:\Users\hp\.gradle\caches\modules-2\files-2.1\org.jetbrains.kotlin\kotlin-stdlib\1.9.24\9928532f12c66ad816a625b3f9984f8368ca6d2b\kotlin-stdlib-1.9.24.jar;C:\Users\hp\.gradle\caches\modules-2\files-2.1\org.jetbrains.kotlin\kotlin-script-runtime\1.9.24\96771497da90fbc5af1c90fce148db2595a62502\kotlin-script-runtime-1.9.24.jar;C:\Users\hp\.gradle\caches\modules-2\files-2.1\org.jetbrains.kotlin\kotlin-reflect\1.6.10\1cbe9c92c12a94eea200d23c2bbaedaf3daf5132\kotlin-reflect-1.6.10.jar;C:\Users\hp\.gradle\caches\modules-2\files-2.1\org.jetbrains.kotlin\kotlin-daemon-embeddable\1.9.24\86685b9c5e8d170925bd9ddbdc263374a6a73281\kotlin-daemon-embeddable-1.9.24.jar;C:\Users\hp\.gradle\caches\modules-2\files-2.1\org.jetbrains.intellij.deps\trove4j\1.0.20200330\3afb14d5f9ceb459d724e907a21145e8ff394f02\trove4j-1.0.20200330.jar;C:\Users\hp\.gradle\caches\modules-2\files-2.1\org.jetbrains\annotations\13.0\919f0dfe192fb4e063e7dacadee7f8bb9a2672a9\annotations-13.0.jar
Launcher Type: SUN_STANDARD

[Global flags]
     intx CICompilerCount                          = 4                                         {product} {ergonomic}
     uint ConcGCThreads                            = 3                                         {product} {ergonomic}
     uint G1ConcRefinementThreads                  = 10                                        {product} {ergonomic}
   size_t G1HeapRegionSize                         = 1048576                                   {product} {ergonomic}
    uintx GCDrainStackTargetSize                   = 64                                        {product} {ergonomic}
   size_t InitialHeapSize                          = 130023424                                 {product} {ergonomic}
   size_t MarkStackSize                            = 4194304                                   {product} {ergonomic}
   size_t MaxHeapSize                              = 2061500416                                {product} {ergonomic}
   size_t MaxNewSize                               = 1236271104                                {product} {ergonomic}
   size_t MinHeapDeltaBytes                        = 1048576                                   {product} {ergonomic}
   size_t MinHeapSize                              = 8388608                                   {product} {ergonomic}
    uintx NonNMethodCodeHeapSize                   = 5839372                                {pd product} {ergonomic}
    uintx NonProfiledCodeHeapSize                  = 122909434                              {pd product} {ergonomic}
    uintx ProfiledCodeHeapSize                     = 122909434                              {pd product} {ergonomic}
    uintx ReservedCodeCacheSize                    = 251658240                              {pd product} {ergonomic}
     bool SegmentedCodeCache                       = true                                      {product} {ergonomic}
   size_t SoftMaxHeapSize                          = 2061500416                             {manageable} {ergonomic}
     bool UseCompressedClassPointers               = true                           {product lp64_product} {ergonomic}
     bool UseCompressedOops                        = true                           {product lp64_product} {ergonomic}
     bool UseG1GC                                  = true                                      {product} {ergonomic}
     bool UseLargePagesIndividualAllocation        = false                                  {pd product} {ergonomic}

Logging:
Log output configuration:
 #0: stdout all=warning uptime,level,tags
 #1: stderr all=off uptime,level,tags

Environment Variables:
CLASSPATH=C:\Users\hp\Desktop\Projects\Wakala\wakala\wakala_app\android\\gradle\wrapper\gradle-wrapper.jar
PATH=C:\Users\hp\Desktop\Projects\Wakala\wakala\wakala_app\node_modules\.bin;C:\Users\hp\Desktop\Projects\Wakala\wakala\wakala_app\node_modules\.bin;C:\Users\hp\Desktop\Projects\Wakala\wakala\node_modules\.bin;C:\Users\hp\Desktop\Projects\Wakala\node_modules\.bin;C:\Users\hp\Desktop\Projects\node_modules\.bin;C:\Users\hp\Desktop\node_modules\.bin;C:\Users\hp\node_modules\.bin;C:\Users\node_modules\.bin;C:\node_modules\.bin;C:\Users\hp\AppData\Roaming\npm\node_modules\npm\node_modules\@npmcli\run-script\lib\node-gyp-bin;C:\Program Files\Common Files\Oracle\Java\javapath;C:\Program Files (x86)\Common Files\Oracle\Java\java8path;C:\Program Files (x86)\Common Files\Oracle\Java\javapath;C:\Program Files\ImageMagick-7.1.1-Q16-HDRI;C:\WINDOWS\system32;C:\WINDOWS;C:\WINDOWS\System32\Wbem;C:\WINDOWS\System32\WindowsPowerShell\v1.0\;C:\WINDOWS\System32\OpenSSH\;C:\Program Files\nodejs\;C:\ProgramData\chocolatey\bin;C:\xampp\php;C:\ProgramData\ComposerSetup\bin;C:\Program Files\Git\cmd;C:\Program Files\Docker\Docker\resources\bin;C:\Program Files (x86)\Google\Cloud SDK\google-cloud-sdk\bin;C:\Program Files\PuTTY\;C:\Users\hp\Downloads\ngrok-v3-stable-windows-amd64;C:\Program Files\Java\jdk-17\bin;C:\Users\hp\AppData\Local\Packages\PythonSoftwareFoundation.Python.3.12_qbz5n2kfra8p0\LocalCache\local-packages\Python312\Scripts;C:\Users\hp\AppData\Local\Android\Sdk\platform-tools;C:\Users\hp\AppData\Local\Android\Sdk\tools;C:\Users\hp\AppData\Local\Programs\Python\Launcher\;C:\Users\hp\AppData\Local\Microsoft\WindowsApps;C:\Program Files\JetBrains\IntelliJ IDEA Community Edition 2024.1.1\bin;;C:\Users\hp\AppData\Local\atom\bin;C:\Users\hp\AppData\Roaming\npm;C:\Users\hp\AppData\Roaming\Composer\vendor\bin;C:\Users\hp\AppData\Local\Programs\Microsoft VS Code\bin;C:\Program Files\JetBrains\PyCharm 2024.1.4\bin;;C:\Program Files\JetBrains\PyCharm Community Edition 2024.1.4\bin;;C:\Users\hp\AppData\Local\Programs\mongosh\;C:\Users\hp\AppData\Local\Yarn\bin;C:\Users\hp\AppData\Local\Micro
USERNAME=hp
OS=Windows_NT
PROCESSOR_IDENTIFIER=Intel64 Family 6 Model 154 Stepping 4, GenuineIntel



---------------  S Y S T E M  ---------------

OS:
 Windows 11 , 64 bit Build 26100 (10.0.26100.3912)
OS uptime: 0 days 20:30 hours
Hyper-V role detected

CPU: total 12 (initial active 12) (6 cores per cpu, 2 threads per core) family 6 model 154 stepping 4 microcode 0x42c, cx8, cmov, fxsr, ht, mmx, 3dnowpref, sse, sse2, sse3, ssse3, sse4.1, sse4.2, popcnt, lzcnt, tsc, tscinvbit, avx, avx2, aes, erms, clmul, bmi1, bmi2, adx, sha, fma, vzeroupper, clflush, clflushopt, clwb, hv

Memory: 4k page, system-wide physical 7860M (65M free)
TotalPageFile size 32436M (AvailPageFile size 0M)
current process WorkingSet (physical memory assigned to process): 22M, peak: 187M
current process commit charge ("private bytes"): 428M, peak: 430M

vm_info: Java HotSpot(TM) 64-Bit Server VM (17.0.12+8-LTS-286) for windows-amd64 JRE (17.0.12+8-LTS-286), built on Jun  5 2024 06:46:59 by "mach5one" with MS VC++ 17.6 (VS2022)

END.
