#
# There is insufficient memory for the Java Runtime Environment to continue.
# Native memory allocation (mmap) failed to map 140509184 bytes for G1 virtual space
# Possible reasons:
#   The system is out of physical RAM or swap space
#   The process is running with CompressedOops enabled, and the Java Heap may be blocking the growth of the native heap
# Possible solutions:
#   Reduce memory load on the system
#   Increase physical memory or swap space
#   Check if swap backing store is full
#   Decrease Java heap size (-Xmx/-Xms)
#   Decrease number of Java threads
#   Decrease Java thread stack sizes (-Xss)
#   Set larger code cache with -XX:ReservedCodeCacheSize=
#   JVM is running with Unscaled Compressed Oops mode in which the Java heap is
#     placed in the first 4GB address space. The Java Heap base address is the
#     maximum limit for the native heap growth. Please use -XX:HeapBaseMinAddress
#     to set the Java Heap base and to place the Java Heap above 4GB virtual address.
# This output file may be truncated or incomplete.
#
#  Out of Memory Error (os_windows.cpp:3548), pid=37972, tid=21960
#
# JRE version: Java(TM) SE Runtime Environment (17.0.12+8) (build 17.0.12+8-LTS-286)
# Java VM: Java HotSpot(TM) 64-Bit Server VM (17.0.12+8-LTS-286, mixed mode, sharing, tiered, compressed oops, compressed class ptrs, g1 gc, windows-amd64)
# No core dump will be written. Minidumps are not enabled by default on client versions of Windows
#

---------------  S U M M A R Y ------------

Command Line: -XX:MaxMetaspaceSize=512m --add-opens=java.base/java.util=ALL-UNNAMED --add-opens=java.base/java.lang=ALL-UNNAMED --add-opens=java.base/java.lang.invoke=ALL-UNNAMED --add-opens=java.prefs/java.util.prefs=ALL-UNNAMED --add-opens=java.base/java.nio.charset=ALL-UNNAMED --add-opens=java.base/java.net=ALL-UNNAMED --add-opens=java.base/java.util.concurrent.atomic=ALL-UNNAMED -Xmx2048m -Dfile.encoding=windows-1252 -Duser.country=AE -Duser.language=en -Duser.variant -javaagent:C:\Users\hp\.gradle\wrapper\dists\gradle-8.7-all\aan3ydargesu18aqyqjwhr3pc\gradle-8.7\lib\agents\gradle-instrumentation-agent-8.7.jar org.gradle.launcher.daemon.bootstrap.GradleDaemon 8.7

Host: 12th Gen Intel(R) Core(TM) i7-1255U, 12 cores, 7G,  Windows 11 , 64 bit Build 26100 (10.0.26100.3912)
Time: Tue Jul  1 23:16:59 2025 E. Africa Standard Time elapsed time: 70.443071 seconds (0d 0h 1m 10s)

---------------  T H R E A D  ---------------

Current thread (0x000002de23969670):  VMThread "VM Thread" [stack: 0x000000f8b7300000,0x000000f8b7400000] [id=21960]

Stack: [0x000000f8b7300000,0x000000f8b7400000]
Native frames: (J=compiled Java code, j=interpreted, Vv=VM code, C=native code)
V  [jvm.dll+0x67a04a]
V  [jvm.dll+0x7da4ed]
V  [jvm.dll+0x7dbe33]
V  [jvm.dll+0x7dc4a3]
V  [jvm.dll+0x24508f]
V  [jvm.dll+0x677089]
V  [jvm.dll+0x66bd32]
V  [jvm.dll+0x301fa6]
V  [jvm.dll+0x309546]
V  [jvm.dll+0x359d2e]
V  [jvm.dll+0x359f5f]
V  [jvm.dll+0x2d9078]
V  [jvm.dll+0x2d74ad]
V  [jvm.dll+0x2d6afc]
V  [jvm.dll+0x31a65b]
V  [jvm.dll+0x7e0d9b]
V  [jvm.dll+0x7e1ad4]
V  [jvm.dll+0x7e1fed]
V  [jvm.dll+0x7e23c4]
V  [jvm.dll+0x7e2490]
V  [jvm.dll+0x78abea]
V  [jvm.dll+0x678f35]
C  [ucrtbase.dll+0x37b0]
C  [KERNEL32.DLL+0x2e8d7]
C  [ntdll.dll+0x9c5dc]

VM_Operation (0x000000f8b8af0be0): G1CollectForAllocation, mode: safepoint, requested by thread 0x000002de44486df0


---------------  P R O C E S S  ---------------

Threads class SMR info:
_java_thread_list=0x000002de469eec30, length=189, elements={
0x000002de0531ae50, 0x000002de2396e470, 0x000002de2396ef40, 0x000002de239895d0,
0x000002de2398beb0, 0x000002de2398c780, 0x000002de2398d050, 0x000002de2398dc50,
0x000002de2398e560, 0x000002de2398ee70, 0x000002de2395c9e0, 0x000002de23cf81d0,
0x000002de445cfe30, 0x000002de44660980, 0x000002de23cade80, 0x000002de23b45be0,
0x000002de43200da0, 0x000002de444868e0, 0x000002de44486df0, 0x000002de44485ec0,
0x000002de44487810, 0x000002de44484570, 0x000002de44484f90, 0x000002de44487300,
0x000002de444854a0, 0x000002de444863d0, 0x000002de44484a80, 0x000002de444859b0,
0x000002de4500d3a0, 0x000002de4500c470, 0x000002de4500e2d0, 0x000002de4500c980,
0x000002de4500e7e0, 0x000002de4500ce90, 0x000002de4500b030, 0x000002de4500bf60,
0x000002de4500ba50, 0x000002de4500ecf0, 0x000002de4500d8b0, 0x000002de4500b540,
0x000002de4500f200, 0x000002de4500f710, 0x000002de450129b0, 0x000002de4500fc20,
0x000002de45010b50, 0x000002de45010130, 0x000002de45010640, 0x000002de45011060,
0x000002de45011a80, 0x000002de45011570, 0x000002de45011f90, 0x000002de450124a0,
0x000002de44cc4ec0, 0x000002de44cc7c50, 0x000002de44cc6300, 0x000002de44cc58e0,
0x000002de44cc6d20, 0x000002de44cc7740, 0x000002de44cc44a0, 0x000002de44cc53d0,
0x000002de44cc8160, 0x000002de44cc6810, 0x000002de44cc49b0, 0x000002de44cca4d0,
0x000002de44cc95a0, 0x000002de44ccaef0, 0x000002de44cca9e0, 0x000002de44cc9ab0,
0x000002de44cc9090, 0x000002de44cc8670, 0x000002de44cc9fc0, 0x000002de44ccb400,
0x000002de44ccb910, 0x000002de44ccbe20, 0x000002de44cc8b80, 0x000002de46fc0f10,
0x000002de46fc1e40, 0x000002de46fc1420, 0x000002de46fc2350, 0x000002de46fc0a00,
0x000002de46fc1930, 0x000002de46fc2860, 0x000002de46fc2d70, 0x000002de46fc3790,
0x000002de46fc3280, 0x000002de46fbffe0, 0x000002de46fc3ca0, 0x000002de46fc04f0,
0x000002de46fc4bd0, 0x000002de46fc5b00, 0x000002de46fc6520, 0x000002de46fc55f0,
0x000002de46fc46c0, 0x000002de46fc6a30, 0x000002de46fc6f40, 0x000002de46fc7450,
0x000002de46fc50e0, 0x000002de46fc6010, 0x000002de46fc7960, 0x000002de46fc41b0,
0x000002de46ea1c70, 0x000002de46ea2690, 0x000002de46ea1250, 0x000002de46e9fe10,
0x000002de46ea0830, 0x000002de46ea1760, 0x000002de46ea0d40, 0x000002de46ea2ba0,
0x000002de46ea2180, 0x000002de46ea30b0, 0x000002de46e9f900, 0x000002de46ea3ad0,
0x000002de46ea35c0, 0x000002de46ea0320, 0x000002de46ea7280, 0x000002de46ea5e40,
0x000002de46ea44f0, 0x000002de46ea4a00, 0x000002de46ea3fe0, 0x000002de46ea4f10,
0x000002de46ea5420, 0x000002de46ea6350, 0x000002de46ea5930, 0x000002de46ea6860,
0x000002de46ea6d70, 0x000002de46624fb0, 0x000002de46624080, 0x000002de46621800,
0x000002de46622220, 0x000002de46624590, 0x000002de46623b70, 0x000002de46624aa0,
0x000002de46622c40, 0x000002de46621d10, 0x000002de46622730, 0x000002de46623150,
0x000002de46623660, 0x000002de46931880, 0x000002de4692f000, 0x000002de4692f510,
0x000002de46930e60, 0x000002de4692fa20, 0x000002de46931370, 0x000002de469327b0,
0x000002de469331d0, 0x000002de46930950, 0x000002de46931d90, 0x000002de469322a0,
0x000002de46932cc0, 0x000002de469336e0, 0x000002de4692ff30, 0x000002de46933bf0,
0x000002de46930440, 0x000002de46936980, 0x000002de46934610, 0x000002de46934100,
0x000002de46935540, 0x000002de46934b20, 0x000002de46935030, 0x000002de46935a50,
0x000002de46935f60, 0x000002de46936470, 0x000002de46d05510, 0x000002de46d05a20,
0x000002de46d05f30, 0x000002de46d087b0, 0x000002de46d082a0, 0x000002de46d06950,
0x000002de46d06440, 0x000002de46d06e60, 0x000002de46d07370, 0x000002de46d07880,
0x000002de46d07d90, 0x000002de46d05000, 0x000002de46d0a610, 0x000002de46d0b030,
0x000002de46d0ab20, 0x000002de46d0b540, 0x000002de46d08cc0, 0x000002de46d09bf0,
0x000002de46d0ba50, 0x000002de46d0c470, 0x000002de46d096e0, 0x000002de46d0bf60,
0x000002de46d0c980, 0x000002de46d091d0, 0x000002de46d0a100, 0x000002de483ea820,
0x000002de483e7580
}

Java Threads: ( => current thread )
  0x000002de0531ae50 JavaThread "main" [_thread_blocked, id=41068, stack(0x000000f8b6d00000,0x000000f8b6e00000)]
  0x000002de2396e470 JavaThread "Reference Handler" daemon [_thread_blocked, id=44348, stack(0x000000f8b7400000,0x000000f8b7500000)]
  0x000002de2396ef40 JavaThread "Finalizer" daemon [_thread_blocked, id=5820, stack(0x000000f8b7500000,0x000000f8b7600000)]
  0x000002de239895d0 JavaThread "Signal Dispatcher" daemon [_thread_blocked, id=23776, stack(0x000000f8b7600000,0x000000f8b7700000)]
  0x000002de2398beb0 JavaThread "Attach Listener" daemon [_thread_blocked, id=15056, stack(0x000000f8b7700000,0x000000f8b7800000)]
  0x000002de2398c780 JavaThread "Service Thread" daemon [_thread_blocked, id=26528, stack(0x000000f8b7800000,0x000000f8b7900000)]
  0x000002de2398d050 JavaThread "Monitor Deflation Thread" daemon [_thread_blocked, id=30044, stack(0x000000f8b7900000,0x000000f8b7a00000)]
  0x000002de2398dc50 JavaThread "C2 CompilerThread0" daemon [_thread_blocked, id=37928, stack(0x000000f8b7a00000,0x000000f8b7b00000)]
  0x000002de2398e560 JavaThread "C1 CompilerThread0" daemon [_thread_blocked, id=16648, stack(0x000000f8b7b00000,0x000000f8b7c00000)]
  0x000002de2398ee70 JavaThread "Sweeper thread" daemon [_thread_blocked, id=34560, stack(0x000000f8b7c00000,0x000000f8b7d00000)]
  0x000002de2395c9e0 JavaThread "Common-Cleaner" daemon [_thread_blocked, id=9980, stack(0x000000f8b7d00000,0x000000f8b7e00000)]
  0x000002de23cf81d0 JavaThread "Notification Thread" daemon [_thread_blocked, id=27440, stack(0x000000f8b7e00000,0x000000f8b7f00000)]
  0x000002de445cfe30 JavaThread "Daemon health stats" [_thread_blocked, id=9404, stack(0x000000f8b8400000,0x000000f8b8500000)]
  0x000002de44660980 JavaThread "Incoming local TCP Connector on port 51869" [_thread_in_native, id=44520, stack(0x000000f8b8500000,0x000000f8b8600000)]
  0x000002de23cade80 JavaThread "Daemon periodic checks" [_thread_blocked, id=19364, stack(0x000000f8b8600000,0x000000f8b8700000)]
  0x000002de23b45be0 JavaThread "Daemon" [_thread_blocked, id=29744, stack(0x000000f8b8700000,0x000000f8b8800000)]
  0x000002de43200da0 JavaThread "Handler for socket connection from /127.0.0.1:51869 to /127.0.0.1:51870" [_thread_in_native, id=2040, stack(0x000000f8b8800000,0x000000f8b8900000)]
  0x000002de444868e0 JavaThread "Cancel handler" [_thread_blocked, id=32344, stack(0x000000f8b8900000,0x000000f8b8a00000)]
  0x000002de44486df0 JavaThread "Daemon worker" [_thread_blocked, id=2252, stack(0x000000f8b8a00000,0x000000f8b8b00000)]
  0x000002de44485ec0 JavaThread "Asynchronous log dispatcher for DefaultDaemonConnection: socket connection from /127.0.0.1:51869 to /127.0.0.1:51870" [_thread_blocked, id=9664, stack(0x000000f8b8b00000,0x000000f8b8c00000)]
  0x000002de44487810 JavaThread "Stdin handler" [_thread_blocked, id=37228, stack(0x000000f8b8c00000,0x000000f8b8d00000)]
  0x000002de44484570 JavaThread "Daemon client event forwarder" [_thread_blocked, id=30352, stack(0x000000f8b8d00000,0x000000f8b8e00000)]
  0x000002de44484f90 JavaThread "Cache worker for journal cache (C:\Users\hp\.gradle\caches\journal-1)" [_thread_blocked, id=33484, stack(0x000000f8b9300000,0x000000f8b9400000)]
  0x000002de44487300 JavaThread "File lock request listener" [_thread_in_native, id=9824, stack(0x000000f8b9400000,0x000000f8b9500000)]
  0x000002de444854a0 JavaThread "Cache worker for file hash cache (C:\Users\hp\.gradle\caches\8.7\fileHashes)" [_thread_blocked, id=20940, stack(0x000000f8b9500000,0x000000f8b9600000)]
  0x000002de444863d0 JavaThread "Cache worker for file hash cache (C:\Users\hp\Desktop\Projects\Wakala\wakala\wakala_app\android\.gradle\8.7\fileHashes)" [_thread_blocked, id=14504, stack(0x000000f8b9600000,0x000000f8b9700000)]
  0x000002de44484a80 JavaThread "File watcher server" daemon [_thread_blocked, id=7304, stack(0x000000f8b9700000,0x000000f8b9800000)]
  0x000002de444859b0 JavaThread "File watcher consumer" daemon [_thread_blocked, id=44308, stack(0x000000f8b9800000,0x000000f8b9900000)]
  0x000002de4500d3a0 JavaThread "Cache worker for checksums cache (C:\Users\hp\Desktop\Projects\Wakala\wakala\wakala_app\android\.gradle\8.7\checksums)" [_thread_blocked, id=27252, stack(0x000000f8b9b00000,0x000000f8b9c00000)]
  0x000002de4500c470 JavaThread "Cache worker for cache directory md-supplier (C:\Users\hp\.gradle\caches\8.7\md-supplier)" [_thread_blocked, id=2760, stack(0x000000f8b9c00000,0x000000f8b9d00000)]
  0x000002de4500e2d0 JavaThread "Cache worker for cache directory md-rule (C:\Users\hp\.gradle\caches\8.7\md-rule)" [_thread_blocked, id=14616, stack(0x000000f8b9d00000,0x000000f8b9e00000)]
  0x000002de4500c980 JavaThread "Cache worker for file content cache (C:\Users\hp\.gradle\caches\8.7\fileContent)" [_thread_blocked, id=41848, stack(0x000000f8b9e00000,0x000000f8b9f00000)]
  0x000002de4500e7e0 JavaThread "jar transforms" [_thread_blocked, id=21816, stack(0x000000f8b9f00000,0x000000f8ba000000)]
  0x000002de4500ce90 JavaThread "Unconstrained build operations" [_thread_blocked, id=29272, stack(0x000000f8ba000000,0x000000f8ba100000)]
  0x000002de4500b030 JavaThread "Unconstrained build operations Thread 2" [_thread_blocked, id=2424, stack(0x000000f8ba100000,0x000000f8ba200000)]
  0x000002de4500bf60 JavaThread "Unconstrained build operations Thread 3" [_thread_blocked, id=35060, stack(0x000000f8ba200000,0x000000f8ba300000)]
  0x000002de4500ba50 JavaThread "Unconstrained build operations Thread 4" [_thread_blocked, id=41340, stack(0x000000f8ba300000,0x000000f8ba400000)]
  0x000002de4500ecf0 JavaThread "Cache worker for Build Output Cleanup Cache (C:\Users\hp\Desktop\Projects\Wakala\wakala\wakala_app\node_modules\@react-native\gradle-plugin\.gradle\buildOutputCleanup)" [_thread_blocked, id=26732, stack(0x000000f8ba400000,0x000000f8ba500000)]
  0x000002de4500d8b0 JavaThread "Unconstrained build operations Thread 5" [_thread_blocked, id=42432, stack(0x000000f8ba500000,0x000000f8ba600000)]
  0x000002de4500b540 JavaThread "Unconstrained build operations Thread 6" [_thread_blocked, id=36632, stack(0x000000f8ba600000,0x000000f8ba700000)]
  0x000002de4500f200 JavaThread "Unconstrained build operations Thread 7" [_thread_blocked, id=36644, stack(0x000000f8ba700000,0x000000f8ba800000)]
  0x000002de4500f710 JavaThread "Unconstrained build operations Thread 8" [_thread_blocked, id=32124, stack(0x000000f8ba800000,0x000000f8ba900000)]
  0x000002de450129b0 JavaThread "Unconstrained build operations Thread 9" [_thread_blocked, id=15712, stack(0x000000f8ba900000,0x000000f8baa00000)]
  0x000002de4500fc20 JavaThread "Unconstrained build operations Thread 10" [_thread_blocked, id=41420, stack(0x000000f8baa00000,0x000000f8bab00000)]
  0x000002de45010b50 JavaThread "Unconstrained build operations Thread 11" [_thread_blocked, id=24188, stack(0x000000f8bab00000,0x000000f8bac00000)]
  0x000002de45010130 JavaThread "Unconstrained build operations Thread 12" [_thread_blocked, id=44732, stack(0x000000f8bac00000,0x000000f8bad00000)]
  0x000002de45010640 JavaThread "Unconstrained build operations Thread 13" [_thread_blocked, id=45128, stack(0x000000f8bad00000,0x000000f8bae00000)]
  0x000002de45011060 JavaThread "Unconstrained build operations Thread 14" [_thread_blocked, id=10672, stack(0x000000f8bae00000,0x000000f8baf00000)]
  0x000002de45011a80 JavaThread "Unconstrained build operations Thread 15" [_thread_blocked, id=27864, stack(0x000000f8baf00000,0x000000f8bb000000)]
  0x000002de45011570 JavaThread "Unconstrained build operations Thread 16" [_thread_blocked, id=17692, stack(0x000000f8bb000000,0x000000f8bb100000)]
  0x000002de45011f90 JavaThread "Unconstrained build operations Thread 17" [_thread_blocked, id=31228, stack(0x000000f8bb100000,0x000000f8bb200000)]
  0x000002de450124a0 JavaThread "Unconstrained build operations Thread 18" [_thread_blocked, id=25524, stack(0x000000f8bb200000,0x000000f8bb300000)]
  0x000002de44cc4ec0 JavaThread "Unconstrained build operations Thread 19" [_thread_blocked, id=34540, stack(0x000000f8bb300000,0x000000f8bb400000)]
  0x000002de44cc7c50 JavaThread "Unconstrained build operations Thread 20" [_thread_blocked, id=5364, stack(0x000000f8bb400000,0x000000f8bb500000)]
  0x000002de44cc6300 JavaThread "Unconstrained build operations Thread 21" [_thread_blocked, id=20656, stack(0x000000f8bb500000,0x000000f8bb600000)]
  0x000002de44cc58e0 JavaThread "Unconstrained build operations Thread 22" [_thread_blocked, id=39896, stack(0x000000f8bb600000,0x000000f8bb700000)]
  0x000002de44cc6d20 JavaThread "Unconstrained build operations Thread 23" [_thread_blocked, id=33508, stack(0x000000f8bb700000,0x000000f8bb800000)]
  0x000002de44cc7740 JavaThread "Unconstrained build operations Thread 24" [_thread_blocked, id=24816, stack(0x000000f8bb800000,0x000000f8bb900000)]
  0x000002de44cc44a0 JavaThread "Unconstrained build operations Thread 25" [_thread_blocked, id=13336, stack(0x000000f8bb900000,0x000000f8bba00000)]
  0x000002de44cc53d0 JavaThread "Unconstrained build operations Thread 26" [_thread_blocked, id=46588, stack(0x000000f8bba00000,0x000000f8bbb00000)]
  0x000002de44cc8160 JavaThread "Memory manager" [_thread_blocked, id=34904, stack(0x000000f8bbb00000,0x000000f8bbc00000)]
  0x000002de44cc6810 JavaThread "build event listener" [_thread_blocked, id=40228, stack(0x000000f8bbc00000,0x000000f8bbd00000)]
  0x000002de44cc49b0 JavaThread "ForkJoinPool.commonPool-worker-1" daemon [_thread_blocked, id=32544, stack(0x000000f8bbf00000,0x000000f8bc000000)]
  0x000002de44cca4d0 JavaThread "ForkJoinPool.commonPool-worker-2" daemon [_thread_blocked, id=25220, stack(0x000000f8bc000000,0x000000f8bc100000)]
  0x000002de44cc95a0 JavaThread "ForkJoinPool.commonPool-worker-3" daemon [_thread_blocked, id=24880, stack(0x000000f8bc100000,0x000000f8bc200000)]
  0x000002de44ccaef0 JavaThread "ForkJoinPool.commonPool-worker-4" daemon [_thread_blocked, id=35676, stack(0x000000f8bc200000,0x000000f8bc300000)]
  0x000002de44cca9e0 JavaThread "ForkJoinPool.commonPool-worker-5" daemon [_thread_blocked, id=42716, stack(0x000000f8bc300000,0x000000f8bc400000)]
  0x000002de44cc9ab0 JavaThread "ForkJoinPool.commonPool-worker-6" daemon [_thread_blocked, id=27216, stack(0x000000f8bc400000,0x000000f8bc500000)]
  0x000002de44cc9090 JavaThread "ForkJoinPool.commonPool-worker-7" daemon [_thread_blocked, id=31444, stack(0x000000f8bc500000,0x000000f8bc600000)]
  0x000002de44cc8670 JavaThread "ForkJoinPool.commonPool-worker-8" daemon [_thread_blocked, id=36196, stack(0x000000f8bc600000,0x000000f8bc700000)]
  0x000002de44cc9fc0 JavaThread "Exec process" [_thread_blocked, id=42784, stack(0x000000f8bc700000,0x000000f8bc800000)]
  0x000002de44ccb400 JavaThread "Exec process Thread 2" [_thread_blocked, id=37848, stack(0x000000f8bc800000,0x000000f8bc900000)]
  0x000002de44ccb910 JavaThread "Exec process Thread 3" [_thread_blocked, id=6436, stack(0x000000f8bc900000,0x000000f8bca00000)]
  0x000002de44ccbe20 JavaThread "ForkJoinPool.commonPool-worker-9" daemon [_thread_blocked, id=6256, stack(0x000000f8bca00000,0x000000f8bcb00000)]
  0x000002de44cc8b80 JavaThread "ForkJoinPool.commonPool-worker-10" daemon [_thread_blocked, id=39292, stack(0x000000f8bcb00000,0x000000f8bcc00000)]
  0x000002de46fc0f10 JavaThread "ForkJoinPool.commonPool-worker-11" daemon [_thread_blocked, id=13364, stack(0x000000f8bcc00000,0x000000f8bcd00000)]
  0x000002de46fc1e40 JavaThread "included builds" [_thread_blocked, id=1004, stack(0x000000f8bcd00000,0x000000f8bce00000)]
  0x000002de46fc1420 JavaThread "Execution worker" [_thread_blocked, id=26476, stack(0x000000f8bce00000,0x000000f8bcf00000)]
  0x000002de46fc2350 JavaThread "Execution worker Thread 2" [_thread_blocked, id=44012, stack(0x000000f8bcf00000,0x000000f8bd000000)]
  0x000002de46fc0a00 JavaThread "Execution worker Thread 3" [_thread_blocked, id=44184, stack(0x000000f8bd000000,0x000000f8bd100000)]
  0x000002de46fc1930 JavaThread "Execution worker Thread 4" [_thread_blocked, id=34788, stack(0x000000f8bd100000,0x000000f8bd200000)]
  0x000002de46fc2860 JavaThread "Execution worker Thread 5" [_thread_blocked, id=34556, stack(0x000000f8bd200000,0x000000f8bd300000)]
  0x000002de46fc2d70 JavaThread "Execution worker Thread 6" [_thread_blocked, id=15000, stack(0x000000f8bd300000,0x000000f8bd400000)]
  0x000002de46fc3790 JavaThread "Execution worker Thread 7" [_thread_blocked, id=43748, stack(0x000000f8bd400000,0x000000f8bd500000)]
  0x000002de46fc3280 JavaThread "Execution worker Thread 8" [_thread_blocked, id=17112, stack(0x000000f8bd500000,0x000000f8bd600000)]
  0x000002de46fbffe0 JavaThread "Execution worker Thread 9" [_thread_blocked, id=35336, stack(0x000000f8bd600000,0x000000f8bd700000)]
  0x000002de46fc3ca0 JavaThread "Execution worker Thread 10" [_thread_blocked, id=7836, stack(0x000000f8bd700000,0x000000f8bd800000)]
  0x000002de46fc04f0 JavaThread "Execution worker Thread 11" [_thread_blocked, id=37208, stack(0x000000f8bd800000,0x000000f8bd900000)]
  0x000002de46fc4bd0 JavaThread "Cache worker for execution history cache (C:\Users\hp\Desktop\Projects\Wakala\wakala\wakala_app\node_modules\@react-native\gradle-plugin\.gradle\8.7\executionHistory)" [_thread_blocked, id=37496, stack(0x000000f8bd900000,0x000000f8bda00000)]
  0x000002de46fc5b00 JavaThread "Unconstrained build operations Thread 27" [_thread_blocked, id=24348, stack(0x000000f8bda00000,0x000000f8bdb00000)]
  0x000002de46fc6520 JavaThread "Unconstrained build operations Thread 28" [_thread_blocked, id=16912, stack(0x000000f8bdb00000,0x000000f8bdc00000)]
  0x000002de46fc55f0 JavaThread "Unconstrained build operations Thread 29" [_thread_blocked, id=33296, stack(0x000000f8bdc00000,0x000000f8bdd00000)]
  0x000002de46fc46c0 JavaThread "Unconstrained build operations Thread 30" [_thread_blocked, id=2444, stack(0x000000f8bdd00000,0x000000f8bde00000)]
  0x000002de46fc6a30 JavaThread "Unconstrained build operations Thread 31" [_thread_blocked, id=15656, stack(0x000000f8bde00000,0x000000f8bdf00000)]
  0x000002de46fc6f40 JavaThread "Unconstrained build operations Thread 32" [_thread_blocked, id=21220, stack(0x000000f8bdf00000,0x000000f8be000000)]
  0x000002de46fc7450 JavaThread "Unconstrained build operations Thread 33" [_thread_blocked, id=4968, stack(0x000000f8be000000,0x000000f8be100000)]
  0x000002de46fc50e0 JavaThread "Unconstrained build operations Thread 34" [_thread_blocked, id=32588, stack(0x000000f8be100000,0x000000f8be200000)]
  0x000002de46fc6010 JavaThread "Unconstrained build operations Thread 35" [_thread_blocked, id=36640, stack(0x000000f8be200000,0x000000f8be300000)]
  0x000002de46fc7960 JavaThread "Unconstrained build operations Thread 36" [_thread_blocked, id=44432, stack(0x000000f8be300000,0x000000f8be400000)]
  0x000002de46fc41b0 JavaThread "Unconstrained build operations Thread 37" [_thread_blocked, id=32288, stack(0x000000f8be400000,0x000000f8be500000)]
  0x000002de46ea1c70 JavaThread "Unconstrained build operations Thread 38" [_thread_blocked, id=6988, stack(0x000000f8be500000,0x000000f8be600000)]
  0x000002de46ea2690 JavaThread "Unconstrained build operations Thread 39" [_thread_blocked, id=37892, stack(0x000000f8be600000,0x000000f8be700000)]
  0x000002de46ea1250 JavaThread "Unconstrained build operations Thread 40" [_thread_blocked, id=16888, stack(0x000000f8be700000,0x000000f8be800000)]
  0x000002de46e9fe10 JavaThread "Unconstrained build operations Thread 41" [_thread_blocked, id=44140, stack(0x000000f8be800000,0x000000f8be900000)]
  0x000002de46ea0830 JavaThread "Unconstrained build operations Thread 42" [_thread_blocked, id=46140, stack(0x000000f8be900000,0x000000f8bea00000)]
  0x000002de46ea1760 JavaThread "Unconstrained build operations Thread 43" [_thread_blocked, id=31488, stack(0x000000f8bea00000,0x000000f8beb00000)]
  0x000002de46ea0d40 JavaThread "Unconstrained build operations Thread 44" [_thread_blocked, id=18752, stack(0x000000f8beb00000,0x000000f8bec00000)]
  0x000002de46ea2ba0 JavaThread "Unconstrained build operations Thread 45" [_thread_blocked, id=35120, stack(0x000000f8bec00000,0x000000f8bed00000)]
  0x000002de46ea2180 JavaThread "Unconstrained build operations Thread 46" [_thread_blocked, id=6776, stack(0x000000f8bed00000,0x000000f8bee00000)]
  0x000002de46ea30b0 JavaThread "Unconstrained build operations Thread 47" [_thread_blocked, id=20952, stack(0x000000f8bee00000,0x000000f8bef00000)]
  0x000002de46e9f900 JavaThread "Unconstrained build operations Thread 48" [_thread_blocked, id=14480, stack(0x000000f8bef00000,0x000000f8bf000000)]
  0x000002de46ea3ad0 JavaThread "Unconstrained build operations Thread 49" [_thread_blocked, id=40752, stack(0x000000f8b6a00000,0x000000f8b6b00000)]
  0x000002de46ea35c0 JavaThread "Unconstrained build operations Thread 50" [_thread_blocked, id=7376, stack(0x000000f8b6b00000,0x000000f8b6c00000)]
  0x000002de46ea0320 JavaThread "Unconstrained build operations Thread 51" [_thread_blocked, id=23756, stack(0x000000f8b6c00000,0x000000f8b6d00000)]
  0x000002de46ea7280 JavaThread "Unconstrained build operations Thread 52" [_thread_blocked, id=35888, stack(0x000000f8bf000000,0x000000f8bf100000)]
  0x000002de46ea5e40 JavaThread "Unconstrained build operations Thread 53" [_thread_blocked, id=42160, stack(0x000000f8bf100000,0x000000f8bf200000)]
  0x000002de46ea44f0 JavaThread "Unconstrained build operations Thread 54" [_thread_blocked, id=33056, stack(0x000000f8bf200000,0x000000f8bf300000)]
  0x000002de46ea4a00 JavaThread "Unconstrained build operations Thread 55" [_thread_blocked, id=15396, stack(0x000000f8bf300000,0x000000f8bf400000)]
  0x000002de46ea3fe0 JavaThread "Unconstrained build operations Thread 56" [_thread_blocked, id=45428, stack(0x000000f8bf400000,0x000000f8bf500000)]
  0x000002de46ea4f10 JavaThread "Unconstrained build operations Thread 57" [_thread_blocked, id=18248, stack(0x000000f8bf500000,0x000000f8bf600000)]
  0x000002de46ea5420 JavaThread "Unconstrained build operations Thread 58" [_thread_blocked, id=8740, stack(0x000000f8bf600000,0x000000f8bf700000)]
  0x000002de46ea6350 JavaThread "Unconstrained build operations Thread 59" [_thread_blocked, id=6156, stack(0x000000f8bf700000,0x000000f8bf800000)]
  0x000002de46ea5930 JavaThread "Unconstrained build operations Thread 60" [_thread_blocked, id=15096, stack(0x000000f8bf800000,0x000000f8bf900000)]
  0x000002de46ea6860 JavaThread "Unconstrained build operations Thread 61" [_thread_blocked, id=44796, stack(0x000000f8bf900000,0x000000f8bfa00000)]
  0x000002de46ea6d70 JavaThread "Unconstrained build operations Thread 62" [_thread_blocked, id=14260, stack(0x000000f8bfa00000,0x000000f8bfb00000)]
  0x000002de46624fb0 JavaThread "Unconstrained build operations Thread 63" [_thread_blocked, id=12524, stack(0x000000f8bfb00000,0x000000f8bfc00000)]
  0x000002de46624080 JavaThread "Unconstrained build operations Thread 64" [_thread_blocked, id=44420, stack(0x000000f8bfc00000,0x000000f8bfd00000)]
  0x000002de46621800 JavaThread "Unconstrained build operations Thread 65" [_thread_blocked, id=22856, stack(0x000000f8bfd00000,0x000000f8bfe00000)]
  0x000002de46622220 JavaThread "Unconstrained build operations Thread 66" [_thread_blocked, id=2732, stack(0x000000f8bfe00000,0x000000f8bff00000)]
  0x000002de46624590 JavaThread "Unconstrained build operations Thread 67" [_thread_blocked, id=33032, stack(0x000000f8bff00000,0x000000f8c0000000)]
  0x000002de46623b70 JavaThread "Unconstrained build operations Thread 68" [_thread_blocked, id=31432, stack(0x000000f8c0000000,0x000000f8c0100000)]
  0x000002de46624aa0 JavaThread "Unconstrained build operations Thread 69" [_thread_blocked, id=10520, stack(0x000000f8c0100000,0x000000f8c0200000)]
  0x000002de46622c40 JavaThread "Unconstrained build operations Thread 70" [_thread_blocked, id=35184, stack(0x000000f8c0200000,0x000000f8c0300000)]
  0x000002de46621d10 JavaThread "Unconstrained build operations Thread 71" [_thread_blocked, id=38812, stack(0x000000f8c0300000,0x000000f8c0400000)]
  0x000002de46622730 JavaThread "Unconstrained build operations Thread 72" [_thread_blocked, id=25936, stack(0x000000f8c0400000,0x000000f8c0500000)]
  0x000002de46623150 JavaThread "Unconstrained build operations Thread 73" [_thread_blocked, id=22808, stack(0x000000f8c0500000,0x000000f8c0600000)]
  0x000002de46623660 JavaThread "Unconstrained build operations Thread 74" [_thread_blocked, id=36476, stack(0x000000f8c0600000,0x000000f8c0700000)]
  0x000002de46931880 JavaThread "Unconstrained build operations Thread 75" [_thread_blocked, id=28024, stack(0x000000f8c0700000,0x000000f8c0800000)]
  0x000002de4692f000 JavaThread "Unconstrained build operations Thread 76" [_thread_blocked, id=38876, stack(0x000000f8c0800000,0x000000f8c0900000)]
  0x000002de4692f510 JavaThread "Unconstrained build operations Thread 77" [_thread_blocked, id=46104, stack(0x000000f8c0900000,0x000000f8c0a00000)]
  0x000002de46930e60 JavaThread "Unconstrained build operations Thread 78" [_thread_blocked, id=25980, stack(0x000000f8c0a00000,0x000000f8c0b00000)]
  0x000002de4692fa20 JavaThread "Unconstrained build operations Thread 79" [_thread_blocked, id=15108, stack(0x000000f8c0b00000,0x000000f8c0c00000)]
  0x000002de46931370 JavaThread "Unconstrained build operations Thread 80" [_thread_blocked, id=34596, stack(0x000000f8c0c00000,0x000000f8c0d00000)]
  0x000002de469327b0 JavaThread "Unconstrained build operations Thread 81" [_thread_blocked, id=12544, stack(0x000000f8c0d00000,0x000000f8c0e00000)]
  0x000002de469331d0 JavaThread "Unconstrained build operations Thread 82" [_thread_blocked, id=45164, stack(0x000000f8c0e00000,0x000000f8c0f00000)]
  0x000002de46930950 JavaThread "jar transforms Thread 2" [_thread_blocked, id=42736, stack(0x000000f8c0f00000,0x000000f8c1000000)]
  0x000002de46931d90 JavaThread "Cache worker for Build Output Cleanup Cache (C:\Users\hp\Desktop\Projects\Wakala\wakala\wakala_app\android\.gradle\buildOutputCleanup)" [_thread_blocked, id=14572, stack(0x000000f8c1000000,0x000000f8c1100000)]
  0x000002de469322a0 JavaThread "jar transforms Thread 3" [_thread_blocked, id=28684, stack(0x000000f8c1100000,0x000000f8c1200000)]
  0x000002de46932cc0 JavaThread "Unconstrained build operations Thread 83" [_thread_blocked, id=32312, stack(0x000000f8c1200000,0x000000f8c1300000)]
  0x000002de469336e0 JavaThread "Unconstrained build operations Thread 84" [_thread_blocked, id=39348, stack(0x000000f8c1300000,0x000000f8c1400000)]
  0x000002de4692ff30 JavaThread "Unconstrained build operations Thread 85" [_thread_blocked, id=44192, stack(0x000000f8c1400000,0x000000f8c1500000)]
  0x000002de46933bf0 JavaThread "Unconstrained build operations Thread 86" [_thread_blocked, id=29524, stack(0x000000f8c1500000,0x000000f8c1600000)]
  0x000002de46930440 JavaThread "Unconstrained build operations Thread 87" [_thread_blocked, id=41168, stack(0x000000f8c1600000,0x000000f8c1700000)]
  0x000002de46936980 JavaThread "Unconstrained build operations Thread 88" [_thread_blocked, id=32320, stack(0x000000f8c1700000,0x000000f8c1800000)]
  0x000002de46934610 JavaThread "Unconstrained build operations Thread 89" [_thread_blocked, id=16840, stack(0x000000f8c1800000,0x000000f8c1900000)]
  0x000002de46934100 JavaThread "Unconstrained build operations Thread 90" [_thread_blocked, id=13296, stack(0x000000f8c1900000,0x000000f8c1a00000)]
  0x000002de46935540 JavaThread "Unconstrained build operations Thread 91" [_thread_blocked, id=41704, stack(0x000000f8c1a00000,0x000000f8c1b00000)]
  0x000002de46934b20 JavaThread "Unconstrained build operations Thread 92" [_thread_blocked, id=34684, stack(0x000000f8c1b00000,0x000000f8c1c00000)]
  0x000002de46935030 JavaThread "Unconstrained build operations Thread 93" [_thread_blocked, id=46648, stack(0x000000f8c1c00000,0x000000f8c1d00000)]
  0x000002de46935a50 JavaThread "Unconstrained build operations Thread 94" [_thread_blocked, id=29292, stack(0x000000f8c1d00000,0x000000f8c1e00000)]
  0x000002de46935f60 JavaThread "Unconstrained build operations Thread 95" [_thread_blocked, id=39524, stack(0x000000f8c1e00000,0x000000f8c1f00000)]
  0x000002de46936470 JavaThread "Unconstrained build operations Thread 96" [_thread_blocked, id=29748, stack(0x000000f8c1f00000,0x000000f8c2000000)]
  0x000002de46d05510 JavaThread "Unconstrained build operations Thread 97" [_thread_blocked, id=36148, stack(0x000000f8c2000000,0x000000f8c2100000)]
  0x000002de46d05a20 JavaThread "Unconstrained build operations Thread 98" [_thread_blocked, id=13280, stack(0x000000f8c2100000,0x000000f8c2200000)]
  0x000002de46d05f30 JavaThread "Unconstrained build operations Thread 99" [_thread_blocked, id=42592, stack(0x000000f8c2200000,0x000000f8c2300000)]
  0x000002de46d087b0 JavaThread "Unconstrained build operations Thread 100" [_thread_blocked, id=17424, stack(0x000000f8c2300000,0x000000f8c2400000)]
  0x000002de46d082a0 JavaThread "Unconstrained build operations Thread 101" [_thread_blocked, id=31080, stack(0x000000f8c2400000,0x000000f8c2500000)]
  0x000002de46d06950 JavaThread "Unconstrained build operations Thread 102" [_thread_blocked, id=41512, stack(0x000000f8c2500000,0x000000f8c2600000)]
  0x000002de46d06440 JavaThread "Unconstrained build operations Thread 103" [_thread_blocked, id=16020, stack(0x000000f8c2600000,0x000000f8c2700000)]
  0x000002de46d06e60 JavaThread "Unconstrained build operations Thread 104" [_thread_blocked, id=37392, stack(0x000000f8c2700000,0x000000f8c2800000)]
  0x000002de46d07370 JavaThread "Unconstrained build operations Thread 105" [_thread_blocked, id=15084, stack(0x000000f8c2800000,0x000000f8c2900000)]
  0x000002de46d07880 JavaThread "Unconstrained build operations Thread 106" [_thread_blocked, id=43824, stack(0x000000f8c2900000,0x000000f8c2a00000)]
  0x000002de46d07d90 JavaThread "Unconstrained build operations Thread 107" [_thread_blocked, id=38192, stack(0x000000f8c2a00000,0x000000f8c2b00000)]
  0x000002de46d05000 JavaThread "Unconstrained build operations Thread 108" [_thread_blocked, id=33220, stack(0x000000f8c2b00000,0x000000f8c2c00000)]
  0x000002de46d0a610 JavaThread "Unconstrained build operations Thread 109" [_thread_blocked, id=19656, stack(0x000000f8c2c00000,0x000000f8c2d00000)]
  0x000002de46d0b030 JavaThread "Unconstrained build operations Thread 110" [_thread_blocked, id=12608, stack(0x000000f8c2d00000,0x000000f8c2e00000)]
  0x000002de46d0ab20 JavaThread "Unconstrained build operations Thread 111" [_thread_blocked, id=34388, stack(0x000000f8c2e00000,0x000000f8c2f00000)]
  0x000002de46d0b540 JavaThread "Unconstrained build operations Thread 112" [_thread_blocked, id=20872, stack(0x000000f8c2f00000,0x000000f8c3000000)]
  0x000002de46d08cc0 JavaThread "Unconstrained build operations Thread 113" [_thread_blocked, id=30616, stack(0x000000f8c3000000,0x000000f8c3100000)]
  0x000002de46d09bf0 JavaThread "Unconstrained build operations Thread 114" [_thread_blocked, id=23356, stack(0x000000f8c3100000,0x000000f8c3200000)]
  0x000002de46d0ba50 JavaThread "Unconstrained build operations Thread 115" [_thread_blocked, id=12680, stack(0x000000f8c3200000,0x000000f8c3300000)]
  0x000002de46d0c470 JavaThread "Unconstrained build operations Thread 116" [_thread_blocked, id=5044, stack(0x000000f8c3300000,0x000000f8c3400000)]
  0x000002de46d096e0 JavaThread "Unconstrained build operations Thread 117" [_thread_blocked, id=852, stack(0x000000f8c3400000,0x000000f8c3500000)]
  0x000002de46d0bf60 JavaThread "Unconstrained build operations Thread 118" [_thread_blocked, id=35116, stack(0x000000f8c3500000,0x000000f8c3600000)]
  0x000002de46d0c980 JavaThread "Unconstrained build operations Thread 119" [_thread_blocked, id=31308, stack(0x000000f8c3600000,0x000000f8c3700000)]
  0x000002de46d091d0 JavaThread "Unconstrained build operations Thread 120" [_thread_blocked, id=41968, stack(0x000000f8c3700000,0x000000f8c3800000)]
  0x000002de46d0a100 JavaThread "jar transforms Thread 4" [_thread_blocked, id=16788, stack(0x000000f8c3800000,0x000000f8c3900000)]
  0x000002de483ea820 JavaThread "jar transforms Thread 5" [_thread_blocked, id=20436, stack(0x000000f8c3900000,0x000000f8c3a00000)]
  0x000002de483e7580 JavaThread "jar transforms Thread 6" [_thread_blocked, id=28944, stack(0x000000f8c3a00000,0x000000f8c3b00000)]

Other Threads:
=>0x000002de23969670 VMThread "VM Thread" [stack: 0x000000f8b7300000,0x000000f8b7400000] [id=21960]
  0x000002de23d25790 WatcherThread [stack: 0x000000f8b7f00000,0x000000f8b8000000] [id=3380]
  0x000002de05378020 GCTaskThread "GC Thread#0" [stack: 0x000000f8b6e00000,0x000000f8b6f00000] [id=42044]
  0x000002de4386e380 GCTaskThread "GC Thread#1" [stack: 0x000000f8b8000000,0x000000f8b8100000] [id=39840]
  0x000002de4386e640 GCTaskThread "GC Thread#2" [stack: 0x000000f8b8100000,0x000000f8b8200000] [id=43960]
  0x000002de4386e0c0 GCTaskThread "GC Thread#3" [stack: 0x000000f8b8200000,0x000000f8b8300000] [id=37716]
  0x000002de4386d300 GCTaskThread "GC Thread#4" [stack: 0x000000f8b8300000,0x000000f8b8400000] [id=36672]
  0x000002de4386ebc0 GCTaskThread "GC Thread#5" [stack: 0x000000f8b8e00000,0x000000f8b8f00000] [id=39488]
  0x000002de4386de00 GCTaskThread "GC Thread#6" [stack: 0x000000f8b8f00000,0x000000f8b9000000] [id=46708]
  0x000002de4386d040 GCTaskThread "GC Thread#7" [stack: 0x000000f8b9000000,0x000000f8b9100000] [id=30928]
  0x000002de4386d5c0 GCTaskThread "GC Thread#8" [stack: 0x000000f8b9100000,0x000000f8b9200000] [id=42724]
  0x000002de4386d880 GCTaskThread "GC Thread#9" [stack: 0x000000f8b9200000,0x000000f8b9300000] [id=46376]
  0x000002de05388e80 ConcurrentGCThread "G1 Main Marker" [stack: 0x000000f8b6f00000,0x000000f8b7000000] [id=42212]
  0x000002de053897a0 ConcurrentGCThread "G1 Conc#0" [stack: 0x000000f8b7000000,0x000000f8b7100000] [id=12104]
  0x000002de4386db40 ConcurrentGCThread "G1 Conc#1" [stack: 0x000000f8b9900000,0x000000f8b9a00000] [id=23320]
  0x000002de4620a660 ConcurrentGCThread "G1 Conc#2" [stack: 0x000000f8b9a00000,0x000000f8b9b00000] [id=43508]
  0x000002de053dead0 ConcurrentGCThread "G1 Refine#0" [stack: 0x000000f8b7100000,0x000000f8b7200000] [id=20716]
  0x000002de238244d0 ConcurrentGCThread "G1 Service" [stack: 0x000000f8b7200000,0x000000f8b7300000] [id=21968]

Threads with active compile tasks:
C2 CompilerThread0    70808 10284 %     4       java.util.Properties$LineReader::readLine @ 224 (584 bytes)

VM state: at safepoint (normal execution)

VM Mutex/Monitor currently owned by a thread:  ([mutex/lock_event])
[0x000002de0304d260] Threads_lock - owner thread: 0x000002de23969670
[0x000002de053161a0] Heap_lock - owner thread: 0x000002de44486df0

Heap address: 0x0000000080000000, size: 2048 MB, Compressed Oops mode: 32-bit

CDS archive(s) mapped at: [0x000002de24000000-0x000002de24bd0000-0x000002de24bd0000), size 12386304, SharedBaseAddress: 0x000002de24000000, ArchiveRelocationMode: 1.
Compressed class space mapped at: 0x000002de25000000-0x000002de3f000000, reserved size: 436207616
Narrow klass base: 0x000002de24000000, Narrow klass shift: 0, Narrow klass range: 0x100000000

GC Precious Log:
 CPUs: 12 total, 12 available
 Memory: 7860M
 Large Page Support: Disabled
 NUMA Support: Disabled
 Compressed Oops: Enabled (32-bit)
 Heap Region Size: 1M
 Heap Min Capacity: 8M
 Heap Initial Capacity: 124M
 Heap Max Capacity: 2G
 Pre-touch: Disabled
 Parallel Workers: 10
 Concurrent Workers: 3
 Concurrent Refinement Workers: 10
 Periodic GC: Disabled

Heap:
 garbage-first heap   total 137216K, used 95079K [0x0000000080000000, 0x0000000100000000)
  region size 1024K, 4 young (4096K), 4 survivors (4096K)
 Metaspace       used 70419K, committed 71296K, reserved 491520K
  class space    used 9981K, committed 10368K, reserved 425984K

Heap Regions: E=young(eden), S=young(survivor), O=old, HS=humongous(starts), HC=humongous(continues), CS=collection set, F=free, OA=open archive, CA=closed archive, TAMS=top-at-mark-start (previous, next)
|   0|0x0000000080000000, 0x0000000080100000, 0x0000000080100000|100%|HS|  |TAMS 0x0000000080100000, 0x0000000080000000| Complete 
|   1|0x0000000080100000, 0x0000000080200000, 0x0000000080200000|100%|HC|  |TAMS 0x0000000080200000, 0x0000000080100000| Complete 
|   2|0x0000000080200000, 0x0000000080300000, 0x0000000080300000|100%|HC|  |TAMS 0x0000000080300000, 0x0000000080200000| Complete 
|   3|0x0000000080300000, 0x0000000080400000, 0x0000000080400000|100%|HC|  |TAMS 0x0000000080400000, 0x0000000080300000| Complete 
|   4|0x0000000080400000, 0x0000000080500000, 0x0000000080500000|100%| O|  |TAMS 0x0000000080500000, 0x0000000080400000| Untracked 
|   5|0x0000000080500000, 0x0000000080600000, 0x0000000080600000|100%| O|  |TAMS 0x0000000080600000, 0x0000000080500000| Untracked 
|   6|0x0000000080600000, 0x0000000080700000, 0x0000000080700000|100%| O|  |TAMS 0x0000000080700000, 0x0000000080600000| Untracked 
|   7|0x0000000080700000, 0x0000000080800000, 0x0000000080800000|100%| O|  |TAMS 0x0000000080800000, 0x0000000080700000| Untracked 
|   8|0x0000000080800000, 0x0000000080900000, 0x0000000080900000|100%| O|  |TAMS 0x0000000080900000, 0x0000000080800000| Untracked 
|   9|0x0000000080900000, 0x0000000080a00000, 0x0000000080a00000|100%| O|  |TAMS 0x0000000080a00000, 0x0000000080900000| Untracked 
|  10|0x0000000080a00000, 0x0000000080b00000, 0x0000000080b00000|100%| O|  |TAMS 0x0000000080b00000, 0x0000000080a00000| Untracked 
|  11|0x0000000080b00000, 0x0000000080c00000, 0x0000000080c00000|100%| O|  |TAMS 0x0000000080c00000, 0x0000000080b00000| Untracked 
|  12|0x0000000080c00000, 0x0000000080d00000, 0x0000000080d00000|100%| O|  |TAMS 0x0000000080d00000, 0x0000000080c00000| Untracked 
|  13|0x0000000080d00000, 0x0000000080e00000, 0x0000000080e00000|100%| O|  |TAMS 0x0000000080e00000, 0x0000000080d00000| Untracked 
|  14|0x0000000080e00000, 0x0000000080f00000, 0x0000000080f00000|100%| O|  |TAMS 0x0000000080f00000, 0x0000000080e00000| Untracked 
|  15|0x0000000080f00000, 0x0000000081000000, 0x0000000081000000|100%| O|  |TAMS 0x0000000081000000, 0x0000000080f00000| Untracked 
|  16|0x0000000081000000, 0x0000000081100000, 0x0000000081100000|100%| O|  |TAMS 0x0000000081100000, 0x0000000081000000| Untracked 
|  17|0x0000000081100000, 0x0000000081200000, 0x0000000081200000|100%| O|  |TAMS 0x0000000081200000, 0x0000000081100000| Untracked 
|  18|0x0000000081200000, 0x0000000081300000, 0x0000000081300000|100%| O|  |TAMS 0x0000000081300000, 0x0000000081200000| Untracked 
|  19|0x0000000081300000, 0x0000000081400000, 0x0000000081400000|100%| O|  |TAMS 0x0000000081400000, 0x0000000081300000| Untracked 
|  20|0x0000000081400000, 0x0000000081500000, 0x0000000081500000|100%| O|  |TAMS 0x0000000081500000, 0x0000000081400000| Untracked 
|  21|0x0000000081500000, 0x0000000081600000, 0x0000000081600000|100%| O|  |TAMS 0x0000000081600000, 0x0000000081500000| Untracked 
|  22|0x0000000081600000, 0x0000000081700000, 0x0000000081700000|100%| O|  |TAMS 0x0000000081700000, 0x0000000081600000| Untracked 
|  23|0x0000000081700000, 0x0000000081800000, 0x0000000081800000|100%| O|  |TAMS 0x0000000081800000, 0x0000000081700000| Untracked 
|  24|0x0000000081800000, 0x0000000081900000, 0x0000000081900000|100%| O|  |TAMS 0x0000000081900000, 0x0000000081800000| Untracked 
|  25|0x0000000081900000, 0x0000000081a00000, 0x0000000081a00000|100%| O|  |TAMS 0x0000000081a00000, 0x0000000081900000| Untracked 
|  26|0x0000000081a00000, 0x0000000081b00000, 0x0000000081b00000|100%| O|  |TAMS 0x0000000081b00000, 0x0000000081a00000| Untracked 
|  27|0x0000000081b00000, 0x0000000081c00000, 0x0000000081c00000|100%| O|  |TAMS 0x0000000081c00000, 0x0000000081b00000| Untracked 
|  28|0x0000000081c00000, 0x0000000081d00000, 0x0000000081d00000|100%| O|  |TAMS 0x0000000081d00000, 0x0000000081c00000| Untracked 
|  29|0x0000000081d00000, 0x0000000081e00000, 0x0000000081e00000|100%| O|  |TAMS 0x0000000081d00000, 0x0000000081d00000| Untracked 
|  30|0x0000000081e00000, 0x0000000081f00000, 0x0000000081f00000|100%| O|  |TAMS 0x0000000081f00000, 0x0000000081e00000| Untracked 
|  31|0x0000000081f00000, 0x0000000082000000, 0x0000000082000000|100%| O|  |TAMS 0x0000000082000000, 0x0000000081f00000| Untracked 
|  32|0x0000000082000000, 0x0000000082100000, 0x0000000082100000|100%| O|  |TAMS 0x0000000082100000, 0x0000000082000000| Untracked 
|  33|0x0000000082100000, 0x0000000082200000, 0x0000000082200000|100%| O|  |TAMS 0x0000000082200000, 0x0000000082100000| Untracked 
|  34|0x0000000082200000, 0x0000000082300000, 0x0000000082300000|100%| O|  |TAMS 0x0000000082300000, 0x0000000082200000| Untracked 
|  35|0x0000000082300000, 0x0000000082400000, 0x0000000082400000|100%| O|  |TAMS 0x0000000082400000, 0x0000000082300000| Untracked 
|  36|0x0000000082400000, 0x0000000082500000, 0x0000000082500000|100%|HS|  |TAMS 0x0000000082400000, 0x0000000082400000| Complete 
|  37|0x0000000082500000, 0x0000000082600000, 0x0000000082600000|100%| O|  |TAMS 0x0000000082600000, 0x0000000082500000| Untracked 
|  38|0x0000000082600000, 0x0000000082700000, 0x0000000082700000|100%| O|  |TAMS 0x0000000082700000, 0x0000000082600000| Untracked 
|  39|0x0000000082700000, 0x0000000082800000, 0x0000000082800000|100%| O|  |TAMS 0x0000000082800000, 0x0000000082700000| Untracked 
|  40|0x0000000082800000, 0x0000000082900000, 0x0000000082900000|100%|HS|  |TAMS 0x0000000082900000, 0x0000000082800000| Complete 
|  41|0x0000000082900000, 0x0000000082a00000, 0x0000000082a00000|100%|HC|  |TAMS 0x0000000082a00000, 0x0000000082900000| Complete 
|  42|0x0000000082a00000, 0x0000000082b00000, 0x0000000082b00000|100%|HS|  |TAMS 0x0000000082b00000, 0x0000000082a00000| Complete 
|  43|0x0000000082b00000, 0x0000000082c00000, 0x0000000082c00000|100%|HC|  |TAMS 0x0000000082c00000, 0x0000000082b00000| Complete 
|  44|0x0000000082c00000, 0x0000000082d00000, 0x0000000082d00000|100%|HS|  |TAMS 0x0000000082d00000, 0x0000000082c00000| Complete 
|  45|0x0000000082d00000, 0x0000000082e00000, 0x0000000082e00000|100%|HC|  |TAMS 0x0000000082e00000, 0x0000000082d00000| Complete 
|  46|0x0000000082e00000, 0x0000000082f00000, 0x0000000082f00000|100%|HC|  |TAMS 0x0000000082f00000, 0x0000000082e00000| Complete 
|  47|0x0000000082f00000, 0x0000000083000000, 0x0000000083000000|100%|HC|  |TAMS 0x0000000083000000, 0x0000000082f00000| Complete 
|  48|0x0000000083000000, 0x0000000083100000, 0x0000000083100000|100%| O|  |TAMS 0x0000000083100000, 0x0000000083000000| Untracked 
|  49|0x0000000083100000, 0x0000000083200000, 0x0000000083200000|100%|HS|  |TAMS 0x0000000083200000, 0x0000000083100000| Complete 
|  50|0x0000000083200000, 0x0000000083300000, 0x0000000083300000|100%|HC|  |TAMS 0x0000000083300000, 0x0000000083200000| Complete 
|  51|0x0000000083300000, 0x0000000083400000, 0x0000000083400000|100%|HC|  |TAMS 0x0000000083400000, 0x0000000083300000| Complete 
|  52|0x0000000083400000, 0x0000000083500000, 0x0000000083500000|100%|HC|  |TAMS 0x0000000083500000, 0x0000000083400000| Complete 
|  53|0x0000000083500000, 0x0000000083600000, 0x0000000083600000|100%| O|  |TAMS 0x0000000083600000, 0x0000000083500000| Untracked 
|  54|0x0000000083600000, 0x0000000083700000, 0x0000000083700000|100%| O|  |TAMS 0x0000000083700000, 0x0000000083600000| Untracked 
|  55|0x0000000083700000, 0x0000000083800000, 0x0000000083800000|100%| O|  |TAMS 0x0000000083800000, 0x0000000083700000| Untracked 
|  56|0x0000000083800000, 0x0000000083900000, 0x0000000083900000|100%| O|  |TAMS 0x0000000083900000, 0x0000000083800000| Untracked 
|  57|0x0000000083900000, 0x0000000083a00000, 0x0000000083a00000|100%| O|  |TAMS 0x0000000083a00000, 0x0000000083900000| Untracked 
|  58|0x0000000083a00000, 0x0000000083b00000, 0x0000000083b00000|100%| O|  |TAMS 0x0000000083b00000, 0x0000000083a00000| Untracked 
|  59|0x0000000083b00000, 0x0000000083c00000, 0x0000000083c00000|100%| O|  |TAMS 0x0000000083c00000, 0x0000000083b00000| Untracked 
|  60|0x0000000083c00000, 0x0000000083d00000, 0x0000000083d00000|100%| O|  |TAMS 0x0000000083d00000, 0x0000000083c00000| Untracked 
|  61|0x0000000083d00000, 0x0000000083e00000, 0x0000000083e00000|100%| O|  |TAMS 0x0000000083e00000, 0x0000000083d00000| Untracked 
|  62|0x0000000083e00000, 0x0000000083f00000, 0x0000000083f00000|100%| O|  |TAMS 0x0000000083f00000, 0x0000000083e00000| Untracked 
|  63|0x0000000083f00000, 0x0000000084000000, 0x0000000084000000|100%| O|  |TAMS 0x0000000084000000, 0x0000000083f00000| Untracked 
|  64|0x0000000084000000, 0x0000000084100000, 0x0000000084100000|100%|HS|  |TAMS 0x0000000084000000, 0x0000000084000000| Complete 
|  65|0x0000000084100000, 0x0000000084200000, 0x0000000084200000|100%| O|  |TAMS 0x0000000084200000, 0x0000000084100000| Untracked 
|  66|0x0000000084200000, 0x0000000084300000, 0x0000000084300000|100%| O|  |TAMS 0x0000000084300000, 0x0000000084200000| Untracked 
|  67|0x0000000084300000, 0x0000000084400000, 0x0000000084400000|100%| O|  |TAMS 0x0000000084400000, 0x0000000084300000| Untracked 
|  68|0x0000000084400000, 0x0000000084500000, 0x0000000084500000|100%| O|  |TAMS 0x0000000084500000, 0x0000000084400000| Untracked 
|  69|0x0000000084500000, 0x0000000084600000, 0x0000000084600000|100%| O|  |TAMS 0x0000000084600000, 0x0000000084500000| Untracked 
|  70|0x0000000084600000, 0x0000000084700000, 0x0000000084700000|100%| O|  |TAMS 0x0000000084700000, 0x0000000084600000| Untracked 
|  71|0x0000000084700000, 0x0000000084800000, 0x0000000084800000|100%| O|  |TAMS 0x0000000084800000, 0x0000000084700000| Untracked 
|  72|0x0000000084800000, 0x0000000084900000, 0x0000000084900000|100%| O|  |TAMS 0x0000000084900000, 0x0000000084800000| Untracked 
|  73|0x0000000084900000, 0x0000000084a00000, 0x0000000084a00000|100%| O|  |TAMS 0x0000000084a00000, 0x0000000084900000| Untracked 
|  74|0x0000000084a00000, 0x0000000084b00000, 0x0000000084b00000|100%| O|  |TAMS 0x0000000084b00000, 0x0000000084a00000| Untracked 
|  75|0x0000000084b00000, 0x0000000084c00000, 0x0000000084c00000|100%| O|  |TAMS 0x0000000084b00000, 0x0000000084b00000| Untracked 
|  76|0x0000000084c00000, 0x0000000084d00000, 0x0000000084d00000|100%| O|  |TAMS 0x0000000084c00000, 0x0000000084c00000| Untracked 
|  77|0x0000000084d00000, 0x0000000084e00000, 0x0000000084e00000|100%| O|  |TAMS 0x0000000084d00000, 0x0000000084d00000| Untracked 
|  78|0x0000000084e00000, 0x0000000084f00000, 0x0000000084f00000|100%| O|  |TAMS 0x0000000084e00000, 0x0000000084e00000| Untracked 
|  79|0x0000000084f00000, 0x0000000085000000, 0x0000000085000000|100%| O|  |TAMS 0x0000000084f00000, 0x0000000084f00000| Untracked 
|  80|0x0000000085000000, 0x0000000085100000, 0x0000000085100000|100%| O|  |TAMS 0x0000000085000000, 0x0000000085000000| Untracked 
|  81|0x0000000085100000, 0x0000000085200000, 0x0000000085200000|100%| O|  |TAMS 0x0000000085100000, 0x0000000085100000| Untracked 
|  82|0x0000000085200000, 0x0000000085300000, 0x0000000085300000|100%| O|  |TAMS 0x0000000085200000, 0x0000000085200000| Untracked 
|  83|0x0000000085300000, 0x0000000085400000, 0x0000000085400000|100%|HS|  |TAMS 0x0000000085300000, 0x0000000085300000| Complete 
|  84|0x0000000085400000, 0x0000000085500000, 0x0000000085500000|100%|HS|  |TAMS 0x0000000085400000, 0x0000000085400000| Complete 
|  85|0x0000000085500000, 0x0000000085500000, 0x0000000085600000|  0%| F|  |TAMS 0x0000000085500000, 0x0000000085500000| Untracked 
|  86|0x0000000085600000, 0x0000000085700000, 0x0000000085700000|100%|HS|  |TAMS 0x0000000085600000, 0x0000000085600000| Complete 
|  87|0x0000000085700000, 0x0000000085800000, 0x0000000085800000|100%| O|  |TAMS 0x0000000085700000, 0x0000000085700000| Untracked 
|  88|0x0000000085800000, 0x0000000085900000, 0x0000000085900000|100%| O|  |TAMS 0x0000000085800000, 0x0000000085800000| Untracked 
|  89|0x0000000085900000, 0x00000000859d9c00, 0x0000000085a00000| 85%| O|  |TAMS 0x0000000085900000, 0x0000000085900000| Untracked 
|  90|0x0000000085a00000, 0x0000000085a00000, 0x0000000085b00000|  0%| F|  |TAMS 0x0000000085a00000, 0x0000000085a00000| Untracked 
|  91|0x0000000085b00000, 0x0000000085b00000, 0x0000000085c00000|  0%| F|  |TAMS 0x0000000085b00000, 0x0000000085b00000| Untracked 
|  92|0x0000000085c00000, 0x0000000085c00000, 0x0000000085d00000|  0%| F|  |TAMS 0x0000000085c00000, 0x0000000085c00000| Untracked 
|  93|0x0000000085d00000, 0x0000000085d00000, 0x0000000085e00000|  0%| F|  |TAMS 0x0000000085d00000, 0x0000000085d00000| Untracked 
|  94|0x0000000085e00000, 0x0000000085e00000, 0x0000000085f00000|  0%| F|  |TAMS 0x0000000085e00000, 0x0000000085e00000| Untracked 
|  95|0x0000000085f00000, 0x0000000085f00000, 0x0000000086000000|  0%| F|  |TAMS 0x0000000085f00000, 0x0000000085f00000| Untracked 
|  96|0x0000000086000000, 0x0000000086000000, 0x0000000086100000|  0%| F|  |TAMS 0x0000000086000000, 0x0000000086000000| Untracked 
|  97|0x0000000086100000, 0x0000000086100000, 0x0000000086200000|  0%| F|  |TAMS 0x0000000086100000, 0x0000000086100000| Untracked 
|  98|0x0000000086200000, 0x0000000086200000, 0x0000000086300000|  0%| F|  |TAMS 0x0000000086200000, 0x0000000086200000| Untracked 
|  99|0x0000000086300000, 0x0000000086300000, 0x0000000086400000|  0%| F|  |TAMS 0x0000000086300000, 0x0000000086300000| Untracked 
| 100|0x0000000086400000, 0x0000000086400000, 0x0000000086500000|  0%| F|  |TAMS 0x0000000086400000, 0x0000000086400000| Untracked 
| 101|0x0000000086500000, 0x0000000086500000, 0x0000000086600000|  0%| F|  |TAMS 0x0000000086500000, 0x0000000086500000| Untracked 
| 102|0x0000000086600000, 0x0000000086700000, 0x0000000086700000|100%| S|CS|TAMS 0x0000000086600000, 0x0000000086600000| Complete 
| 103|0x0000000086700000, 0x0000000086800000, 0x0000000086800000|100%| S|CS|TAMS 0x0000000086700000, 0x0000000086700000| Complete 
| 104|0x0000000086800000, 0x0000000086900000, 0x0000000086900000|100%| S|CS|TAMS 0x0000000086800000, 0x0000000086800000| Complete 
| 105|0x0000000086900000, 0x0000000086a00000, 0x0000000086a00000|100%| S|CS|TAMS 0x0000000086900000, 0x0000000086900000| Complete 
| 106|0x0000000086a00000, 0x0000000086a00000, 0x0000000086b00000|  0%| F|  |TAMS 0x0000000086a00000, 0x0000000086a00000| Untracked 
| 107|0x0000000086b00000, 0x0000000086b00000, 0x0000000086c00000|  0%| F|  |TAMS 0x0000000086b00000, 0x0000000086b00000| Untracked 
| 108|0x0000000086c00000, 0x0000000086c00000, 0x0000000086d00000|  0%| F|  |TAMS 0x0000000086c00000, 0x0000000086c00000| Untracked 
| 109|0x0000000086d00000, 0x0000000086d00000, 0x0000000086e00000|  0%| F|  |TAMS 0x0000000086d00000, 0x0000000086d00000| Untracked 
| 110|0x0000000086e00000, 0x0000000086e00000, 0x0000000086f00000|  0%| F|  |TAMS 0x0000000086e00000, 0x0000000086e00000| Untracked 
| 111|0x0000000086f00000, 0x0000000086f00000, 0x0000000087000000|  0%| F|  |TAMS 0x0000000086f00000, 0x0000000086f00000| Untracked 
| 112|0x0000000087000000, 0x0000000087000000, 0x0000000087100000|  0%| F|  |TAMS 0x0000000087000000, 0x0000000087000000| Untracked 
| 113|0x0000000087100000, 0x0000000087100000, 0x0000000087200000|  0%| F|  |TAMS 0x0000000087100000, 0x0000000087100000| Untracked 
| 114|0x0000000087200000, 0x0000000087200000, 0x0000000087300000|  0%| F|  |TAMS 0x0000000087200000, 0x0000000087200000| Untracked 
| 115|0x0000000087300000, 0x0000000087300000, 0x0000000087400000|  0%| F|  |TAMS 0x0000000087300000, 0x0000000087300000| Untracked 
| 116|0x0000000087400000, 0x0000000087400000, 0x0000000087500000|  0%| F|  |TAMS 0x0000000087400000, 0x0000000087400000| Untracked 
| 117|0x0000000087500000, 0x0000000087500000, 0x0000000087600000|  0%| F|  |TAMS 0x0000000087500000, 0x0000000087500000| Untracked 
| 118|0x0000000087600000, 0x0000000087600000, 0x0000000087700000|  0%| F|  |TAMS 0x0000000087600000, 0x0000000087600000| Untracked 
| 119|0x0000000087700000, 0x0000000087700000, 0x0000000087800000|  0%| F|  |TAMS 0x0000000087700000, 0x0000000087700000| Untracked 
| 120|0x0000000087800000, 0x0000000087800000, 0x0000000087900000|  0%| F|  |TAMS 0x0000000087800000, 0x0000000087800000| Untracked 
| 121|0x0000000087900000, 0x0000000087900000, 0x0000000087a00000|  0%| F|  |TAMS 0x0000000087900000, 0x0000000087900000| Untracked 
| 122|0x0000000087a00000, 0x0000000087a00000, 0x0000000087b00000|  0%| F|  |TAMS 0x0000000087a00000, 0x0000000087a00000| Untracked 
| 123|0x0000000087b00000, 0x0000000087b00000, 0x0000000087c00000|  0%| F|  |TAMS 0x0000000087b00000, 0x0000000087b00000| Untracked 
| 124|0x0000000087c00000, 0x0000000087c00000, 0x0000000087d00000|  0%| F|  |TAMS 0x0000000087c00000, 0x0000000087c00000| Untracked 
| 125|0x0000000087d00000, 0x0000000087d00000, 0x0000000087e00000|  0%| F|  |TAMS 0x0000000087d00000, 0x0000000087d00000| Untracked 
| 126|0x0000000087e00000, 0x0000000087e00000, 0x0000000087f00000|  0%| F|  |TAMS 0x0000000087e00000, 0x0000000087e00000| Untracked 
| 127|0x0000000087f00000, 0x0000000087f00000, 0x0000000088000000|  0%| F|  |TAMS 0x0000000087f00000, 0x0000000087f00000| Untracked 
| 128|0x0000000088000000, 0x0000000088000000, 0x0000000088100000|  0%| F|  |TAMS 0x0000000088000000, 0x0000000088000000| Untracked 
| 129|0x0000000088100000, 0x0000000088100000, 0x0000000088200000|  0%| F|  |TAMS 0x0000000088100000, 0x0000000088100000| Untracked 
| 130|0x0000000088200000, 0x0000000088200000, 0x0000000088300000|  0%| F|  |TAMS 0x0000000088200000, 0x0000000088200000| Untracked 
| 131|0x0000000088300000, 0x0000000088300000, 0x0000000088400000|  0%| F|  |TAMS 0x0000000088300000, 0x0000000088300000| Untracked 
| 132|0x0000000088400000, 0x0000000088400000, 0x0000000088500000|  0%| F|  |TAMS 0x0000000088400000, 0x0000000088400000| Untracked 
| 133|0x0000000088500000, 0x0000000088500000, 0x0000000088600000|  0%| F|  |TAMS 0x0000000088500000, 0x0000000088500000| Untracked 

Card table byte_map: [0x000002de1c530000,0x000002de1c930000] _byte_map_base: 0x000002de1c130000

Marking Bits (Prev, Next): (CMBitMap*) 0x000002de05378590, (CMBitMap*) 0x000002de05378550
 Prev Bits: [0x000002de1ed30000, 0x000002de20d30000)
 Next Bits: [0x000002de1cd30000, 0x000002de1ed30000)

Polling page: 0x000002de03260000

Metaspace:

Usage:
  Non-class:     59.02 MB used.
      Class:      9.75 MB used.
       Both:     68.77 MB used.

Virtual space:
  Non-class space:       64.00 MB reserved,      59.50 MB ( 93%) committed,  1 nodes.
      Class space:      416.00 MB reserved,      10.12 MB (  2%) committed,  1 nodes.
             Both:      480.00 MB reserved,      69.62 MB ( 15%) committed. 

Chunk freelists:
   Non-Class:  3.67 MB
       Class:  5.91 MB
        Both:  9.58 MB

MaxMetaspaceSize: 512.00 MB
CompressedClassSpaceSize: 416.00 MB
Initial GC threshold: 21.00 MB
Current GC threshold: 114.62 MB
CDS: on
MetaspaceReclaimPolicy: balanced
 - commit_granule_bytes: 65536.
 - commit_granule_words: 8192.
 - virtual_space_node_default_size: 8388608.
 - enlarge_chunks_in_place: 1.
 - new_chunks_are_fully_committed: 0.
 - uncommit_free_chunks: 1.
 - use_allocation_guard: 0.
 - handle_deallocations: 1.


Internal statistics:

num_allocs_failed_limit: 6.
num_arena_births: 1054.
num_arena_deaths: 0.
num_vsnodes_births: 2.
num_vsnodes_deaths: 0.
num_space_committed: 1114.
num_space_uncommitted: 0.
num_chunks_returned_to_freelist: 6.
num_chunks_taken_from_freelist: 4141.
num_chunk_merges: 6.
num_chunk_splits: 2655.
num_chunks_enlarged: 1640.
num_inconsistent_stats: 0.

CodeHeap 'non-profiled nmethods': size=120000Kb used=5029Kb max_used=5029Kb free=114970Kb
 bounds [0x000002de146a0000, 0x000002de14b90000, 0x000002de1bbd0000]
CodeHeap 'profiled nmethods': size=120000Kb used=18595Kb max_used=18595Kb free=101404Kb
 bounds [0x000002de0cbd0000, 0x000002de0de00000, 0x000002de14100000]
CodeHeap 'non-nmethods': size=5760Kb used=2368Kb max_used=2428Kb free=3392Kb
 bounds [0x000002de14100000, 0x000002de14370000, 0x000002de146a0000]
 total_blobs=10403 nmethods=9507 adapters=808
 compilation: enabled
              stopped_count=0, restarted_count=0
 full_count=0

Compilation events (20 events):
Event: 67.922 Thread 0x000002de2398e560 10277       1       org.codehaus.groovy.runtime.metaclass.NewInstanceMetaMethod::getModifiers (2 bytes)
Event: 67.923 Thread 0x000002de2398e560 nmethod 10277 0x000002de14b86f90 code [0x000002de14b87120, 0x000002de14b871f8]
Event: 67.925 Thread 0x000002de2398dc50 nmethod 10269 0x000002de14b87290 code [0x000002de14b87440, 0x000002de14b87b38]
Event: 67.925 Thread 0x000002de2398dc50 10270       4       com.google.common.collect.ImmutableList::iterator (5 bytes)
Event: 67.930 Thread 0x000002de2398dc50 nmethod 10270 0x000002de14b87f10 code [0x000002de14b880a0, 0x000002de14b88258]
Event: 67.931 Thread 0x000002de2398dc50 10268       4       java.util.zip.ZipFile$ZipFileInputStream::<init> (96 bytes)
Event: 67.962 Thread 0x000002de2398dc50 nmethod 10268 0x000002de14b88410 code [0x000002de14b885a0, 0x000002de14b88938]
Event: 67.971 Thread 0x000002de2398e560 10278       1       com.google.common.cache.LocalCache$WeakEntry::getValueReference (5 bytes)
Event: 67.971 Thread 0x000002de2398e560 nmethod 10278 0x000002de14b88b90 code [0x000002de14b88d20, 0x000002de14b88df8]
Event: 68.145 Thread 0x000002de2398e560 10279       3       java.security.Permission::<init> (10 bytes)
Event: 68.145 Thread 0x000002de2398e560 nmethod 10279 0x000002de0ddf4810 code [0x000002de0ddf49a0, 0x000002de0ddf4b58]
Event: 68.182 Thread 0x000002de2398e560 10280       3       java.lang.reflect.ProxyGenerator::addProxyMethod (190 bytes)
Event: 68.184 Thread 0x000002de2398e560 nmethod 10280 0x000002de0ddf4c10 code [0x000002de0ddf4fa0, 0x000002de0ddf6868]
Event: 68.341 Thread 0x000002de2398e560 10281       3       com.google.common.reflect.TypeResolver$TypeTable::resolveInternal (105 bytes)
Event: 68.344 Thread 0x000002de2398e560 nmethod 10281 0x000002de0ddf7110 code [0x000002de0ddf73e0, 0x000002de0ddf8388]
Event: 68.344 Thread 0x000002de2398e560 10282       3       com.google.common.reflect.TypeResolver::<init> (6 bytes)
Event: 68.344 Thread 0x000002de2398e560 nmethod 10282 0x000002de0ddf8890 code [0x000002de0ddf8a40, 0x000002de0ddf8c58]
Event: 68.348 Thread 0x000002de2398dc50 10283       4       org.gradle.internal.util.Trie::find (135 bytes)
Event: 68.358 Thread 0x000002de2398dc50 nmethod 10283 0x000002de14b88e90 code [0x000002de14b89040, 0x000002de14b89308]
Event: 68.368 Thread 0x000002de2398dc50 10284 %     4       java.util.Properties$LineReader::readLine @ 224 (584 bytes)

GC Heap History (20 events):
Event: 43.640 GC heap after
{Heap after GC invocations=33 (full 0):
 garbage-first heap   total 111616K, used 66560K [0x0000000080000000, 0x0000000100000000)
  region size 1024K, 1 young (1024K), 1 survivors (1024K)
 Metaspace       used 62127K, committed 62848K, reserved 491520K
  class space    used 8801K, committed 9152K, reserved 425984K
}
Event: 45.428 GC heap before
{Heap before GC invocations=33 (full 0):
 garbage-first heap   total 111616K, used 90112K [0x0000000080000000, 0x0000000100000000)
  region size 1024K, 25 young (25600K), 1 survivors (1024K)
 Metaspace       used 63793K, committed 64512K, reserved 491520K
  class space    used 9040K, committed 9408K, reserved 425984K
}
Event: 45.433 GC heap after
{Heap after GC invocations=34 (full 0):
 garbage-first heap   total 111616K, used 68852K [0x0000000080000000, 0x0000000100000000)
  region size 1024K, 4 young (4096K), 4 survivors (4096K)
 Metaspace       used 63793K, committed 64512K, reserved 491520K
  class space    used 9040K, committed 9408K, reserved 425984K
}
Event: 46.818 GC heap before
{Heap before GC invocations=35 (full 0):
 garbage-first heap   total 119808K, used 90356K [0x0000000080000000, 0x0000000100000000)
  region size 1024K, 25 young (25600K), 4 survivors (4096K)
 Metaspace       used 65398K, committed 66112K, reserved 491520K
  class space    used 9256K, committed 9600K, reserved 425984K
}
Event: 46.824 GC heap after
{Heap after GC invocations=36 (full 0):
 garbage-first heap   total 119808K, used 70494K [0x0000000080000000, 0x0000000100000000)
  region size 1024K, 2 young (2048K), 2 survivors (2048K)
 Metaspace       used 65398K, committed 66112K, reserved 491520K
  class space    used 9256K, committed 9600K, reserved 425984K
}
Event: 56.314 GC heap before
{Heap before GC invocations=36 (full 0):
 garbage-first heap   total 119808K, used 72542K [0x0000000080000000, 0x0000000100000000)
  region size 1024K, 5 young (5120K), 2 survivors (2048K)
 Metaspace       used 65695K, committed 66432K, reserved 491520K
  class space    used 9301K, committed 9664K, reserved 425984K
}
Event: 56.327 GC heap after
{Heap after GC invocations=37 (full 0):
 garbage-first heap   total 119808K, used 70340K [0x0000000080000000, 0x0000000100000000)
  region size 1024K, 1 young (1024K), 1 survivors (1024K)
 Metaspace       used 65695K, committed 66432K, reserved 491520K
  class space    used 9301K, committed 9664K, reserved 425984K
}
Event: 59.884 GC heap before
{Heap before GC invocations=37 (full 0):
 garbage-first heap   total 119808K, used 95940K [0x0000000080000000, 0x0000000100000000)
  region size 1024K, 27 young (27648K), 1 survivors (1024K)
 Metaspace       used 67748K, committed 68480K, reserved 491520K
  class space    used 9686K, committed 10048K, reserved 425984K
}
Event: 59.892 GC heap after
{Heap after GC invocations=38 (full 0):
 garbage-first heap   total 119808K, used 73147K [0x0000000080000000, 0x0000000100000000)
  region size 1024K, 4 young (4096K), 4 survivors (4096K)
 Metaspace       used 67748K, committed 68480K, reserved 491520K
  class space    used 9686K, committed 10048K, reserved 425984K
}
Event: 62.422 GC heap before
{Heap before GC invocations=39 (full 0):
 garbage-first heap   total 126976K, used 96699K [0x0000000080000000, 0x0000000100000000)
  region size 1024K, 27 young (27648K), 4 survivors (4096K)
 Metaspace       used 68898K, committed 69632K, reserved 491520K
  class space    used 9842K, committed 10176K, reserved 425984K
}
Event: 62.464 GC heap after
{Heap after GC invocations=40 (full 0):
 garbage-first heap   total 126976K, used 76380K [0x0000000080000000, 0x0000000100000000)
  region size 1024K, 4 young (4096K), 4 survivors (4096K)
 Metaspace       used 68898K, committed 69632K, reserved 491520K
  class space    used 9842K, committed 10176K, reserved 425984K
}
Event: 62.671 GC heap before
{Heap before GC invocations=40 (full 0):
 garbage-first heap   total 126976K, used 78428K [0x0000000080000000, 0x0000000100000000)
  region size 1024K, 6 young (6144K), 4 survivors (4096K)
 Metaspace       used 68987K, committed 69696K, reserved 491520K
  class space    used 9856K, committed 10176K, reserved 425984K
}
Event: 62.689 GC heap after
{Heap after GC invocations=41 (full 0):
 garbage-first heap   total 126976K, used 76800K [0x0000000080000000, 0x0000000100000000)
  region size 1024K, 1 young (1024K), 1 survivors (1024K)
 Metaspace       used 68987K, committed 69696K, reserved 491520K
  class space    used 9856K, committed 10176K, reserved 425984K
}
Event: 64.135 GC heap before
{Heap before GC invocations=41 (full 0):
 garbage-first heap   total 126976K, used 103424K [0x0000000080000000, 0x0000000100000000)
  region size 1024K, 27 young (27648K), 1 survivors (1024K)
 Metaspace       used 69646K, committed 70400K, reserved 491520K
  class space    used 9901K, committed 10304K, reserved 425984K
}
Event: 64.147 GC heap after
{Heap after GC invocations=42 (full 0):
 garbage-first heap   total 126976K, used 80516K [0x0000000080000000, 0x0000000100000000)
  region size 1024K, 4 young (4096K), 4 survivors (4096K)
 Metaspace       used 69646K, committed 70400K, reserved 491520K
  class space    used 9901K, committed 10304K, reserved 425984K
}
Event: 64.994 GC heap before
{Heap before GC invocations=43 (full 0):
 garbage-first heap   total 137216K, used 102020K [0x0000000080000000, 0x0000000100000000)
  region size 1024K, 26 young (26624K), 4 survivors (4096K)
 Metaspace       used 69814K, committed 70592K, reserved 491520K
  class space    used 9902K, committed 10304K, reserved 425984K
}
Event: 65.004 GC heap after
{Heap after GC invocations=44 (full 0):
 garbage-first heap   total 137216K, used 83641K [0x0000000080000000, 0x0000000100000000)
  region size 1024K, 4 young (4096K), 4 survivors (4096K)
 Metaspace       used 69814K, committed 70592K, reserved 491520K
  class space    used 9902K, committed 10304K, reserved 425984K
}
Event: 65.080 GC heap before
{Heap before GC invocations=44 (full 0):
 garbage-first heap   total 137216K, used 85689K [0x0000000080000000, 0x0000000100000000)
  region size 1024K, 6 young (6144K), 4 survivors (4096K)
 Metaspace       used 69822K, committed 70656K, reserved 491520K
  class space    used 9902K, committed 10304K, reserved 425984K
}
Event: 65.106 GC heap after
{Heap after GC invocations=45 (full 0):
 garbage-first heap   total 137216K, used 83061K [0x0000000080000000, 0x0000000100000000)
  region size 1024K, 1 young (1024K), 1 survivors (1024K)
 Metaspace       used 69822K, committed 70656K, reserved 491520K
  class space    used 9902K, committed 10304K, reserved 425984K
}
Event: 68.392 GC heap before
{Heap before GC invocations=45 (full 0):
 garbage-first heap   total 137216K, used 115829K [0x0000000080000000, 0x0000000100000000)
  region size 1024K, 28 young (28672K), 1 survivors (1024K)
 Metaspace       used 70419K, committed 71296K, reserved 491520K
  class space    used 9981K, committed 10368K, reserved 425984K
}

Deoptimization events (20 events):
Event: 65.318 Thread 0x000002de44486df0 Uncommon trap: trap_request=0xffffffc6 fr.pc=0x000002de14abdf08 relative=0x0000000000000268
Event: 65.318 Thread 0x000002de44486df0 Uncommon trap: reason=bimorphic_or_optimized_type_check action=maybe_recompile pc=0x000002de14abdf08 method=com.google.common.collect.ImmutableList.iterator()Ljava/util/Iterator; @ 1 c2
Event: 65.318 Thread 0x000002de44486df0 DEOPT PACKING pc=0x000002de14abdf08 sp=0x000000f8b8af90e0
Event: 65.318 Thread 0x000002de44486df0 DEOPT UNPACKING pc=0x000002de141523a3 sp=0x000000f8b8af90a0 mode 2
Event: 65.318 Thread 0x000002de44486df0 Uncommon trap: trap_request=0xffffffc6 fr.pc=0x000002de14abdf08 relative=0x0000000000000268
Event: 65.318 Thread 0x000002de44486df0 Uncommon trap: reason=bimorphic_or_optimized_type_check action=maybe_recompile pc=0x000002de14abdf08 method=com.google.common.collect.ImmutableList.iterator()Ljava/util/Iterator; @ 1 c2
Event: 65.319 Thread 0x000002de44486df0 DEOPT PACKING pc=0x000002de14abdf08 sp=0x000000f8b8af90e0
Event: 65.319 Thread 0x000002de44486df0 DEOPT UNPACKING pc=0x000002de141523a3 sp=0x000000f8b8af90a0 mode 2
Event: 68.143 Thread 0x000002de44486df0 Uncommon trap: trap_request=0xffffffde fr.pc=0x000002de148dda3c relative=0x0000000000005fdc
Event: 68.143 Thread 0x000002de44486df0 Uncommon trap: reason=class_check action=maybe_recompile pc=0x000002de148dda3c method=java.util.jar.JarFile.getManifestFromReference()Ljava/util/jar/Manifest; @ 152 c2
Event: 68.144 Thread 0x000002de44486df0 DEOPT PACKING pc=0x000002de148dda3c sp=0x000000f8b8af39b0
Event: 68.144 Thread 0x000002de44486df0 DEOPT UNPACKING pc=0x000002de141523a3 sp=0x000000f8b8af37a8 mode 2
Event: 68.184 Thread 0x000002de44486df0 Uncommon trap: trap_request=0xffffff45 fr.pc=0x000002de14994480 relative=0x0000000000000ae0
Event: 68.184 Thread 0x000002de44486df0 Uncommon trap: reason=unstable_if action=reinterpret pc=0x000002de14994480 method=java.util.regex.Pattern.escape(ZZZ)I @ 916 c2
Event: 68.184 Thread 0x000002de44486df0 DEOPT PACKING pc=0x000002de14994480 sp=0x000000f8b8af3330
Event: 68.184 Thread 0x000002de44486df0 DEOPT UNPACKING pc=0x000002de141523a3 sp=0x000000f8b8af32d0 mode 2
Event: 68.349 Thread 0x000002de44486df0 Uncommon trap: trap_request=0xffffffde fr.pc=0x000002de148dda3c relative=0x0000000000005fdc
Event: 68.349 Thread 0x000002de44486df0 Uncommon trap: reason=class_check action=maybe_recompile pc=0x000002de148dda3c method=java.util.jar.JarFile.getManifestFromReference()Ljava/util/jar/Manifest; @ 152 c2
Event: 68.349 Thread 0x000002de44486df0 DEOPT PACKING pc=0x000002de148dda3c sp=0x000000f8b8af3fc0
Event: 68.349 Thread 0x000002de44486df0 DEOPT UNPACKING pc=0x000002de141523a3 sp=0x000000f8b8af3db8 mode 2

Classes unloaded (0 events):
No events

Classes redefined (0 events):
No events

Internal exceptions (20 events):
Event: 62.871 Thread 0x000002de44486df0 Exception <a 'java/lang/ClassNotFoundException'{0x0000000087376730}: org/gradle/api/internal/DefaultDomainObjectCollectionCustomizer> (0x0000000087376730) 
thrown [s\open\src\hotspot\share\classfile\systemDictionary.cpp, line 256]
Event: 62.877 Thread 0x000002de44486df0 Exception <a 'java/lang/ClassNotFoundException'{0x00000000873ac8b8}: org/gradle/api/internal/DefaultNamedDomainObjectCollectionCustomizer> (0x00000000873ac8b8) 
thrown [s\open\src\hotspot\share\classfile\systemDictionary.cpp, line 256]
Event: 62.882 Thread 0x000002de44486df0 Exception <a 'java/lang/ClassNotFoundException'{0x00000000873eb7b0}: org/gradle/api/internal/DefaultNamedDomainObjectListCustomizer> (0x00000000873eb7b0) 
thrown [s\open\src\hotspot\share\classfile\systemDictionary.cpp, line 256]
Event: 62.886 Thread 0x000002de44486df0 Exception <a 'java/lang/ClassNotFoundException'{0x00000000872222d8}: org/gradle/api/internal/artifacts/DefaultArtifactRepositoryContainerCustomizer> (0x00000000872222d8) 
thrown [s\open\src\hotspot\share\classfile\systemDictionary.cpp, line 256]
Event: 62.888 Thread 0x000002de44486df0 Exception <a 'java/lang/ClassNotFoundException'{0x000000008724dc20}: org/gradle/api/internal/artifacts/dsl/DefaultRepositoryHandlerCustomizer> (0x000000008724dc20) 
thrown [s\open\src\hotspot\share\classfile\systemDictionary.cpp, line 256]
Event: 62.892 Thread 0x000002de44486df0 Exception <a 'java/lang/ClassNotFoundException'{0x0000000087286c18}: org/gradle/api/internal/artifacts/dsl/DefaultRepositoryHandler_DecoratedCustomizer> (0x0000000087286c18) 
thrown [s\open\src\hotspot\share\classfile\systemDictionary.cpp, line 256]
Event: 62.914 Thread 0x000002de44486df0 Exception <a 'java/lang/ClassNotFoundException'{0x000000008712fb80}: org/gradle/api/internal/artifacts/dsl/dependencies/DefaultDependencyHandler_DecoratedBeanInfo> (0x000000008712fb80) 
thrown [s\open\src\hotspot\share\classfile\systemDictionary.cpp, line 256]
Event: 62.915 Thread 0x000002de44486df0 Exception <a 'java/lang/ClassNotFoundException'{0x0000000087148f00}: org/gradle/api/internal/artifacts/dsl/dependencies/DefaultDependencyHandlerBeanInfo> (0x0000000087148f00) 
thrown [s\open\src\hotspot\share\classfile\systemDictionary.cpp, line 256]
Event: 62.916 Thread 0x000002de44486df0 Exception <a 'java/lang/ClassNotFoundException'{0x0000000087161750}: org/gradle/api/internal/artifacts/dsl/dependencies/DefaultDependencyHandlerCustomizer> (0x0000000087161750) 
thrown [s\open\src\hotspot\share\classfile\systemDictionary.cpp, line 256]
Event: 62.919 Thread 0x000002de44486df0 Exception <a 'java/lang/ClassNotFoundException'{0x00000000871a1780}: org/gradle/api/internal/artifacts/dsl/dependencies/DefaultDependencyHandler_DecoratedCustomizer> (0x00000000871a1780) 
thrown [s\open\src\hotspot\share\classfile\systemDictionary.cpp, line 256]
Event: 64.482 Thread 0x000002de46fc1e40 Exception <a 'sun/nio/fs/WindowsException'{0x0000000088057f20}> (0x0000000088057f20) 
thrown [s\open\src\hotspot\share\prims\jni.cpp, line 516]
Event: 64.487 Thread 0x000002de46fc1e40 Exception <a 'sun/nio/fs/WindowsException'{0x000000008805b100}> (0x000000008805b100) 
thrown [s\open\src\hotspot\share\prims\jni.cpp, line 516]
Event: 64.489 Thread 0x000002de46fc1e40 Exception <a 'sun/nio/fs/WindowsException'{0x0000000088065500}> (0x0000000088065500) 
thrown [s\open\src\hotspot\share\prims\jni.cpp, line 516]
Event: 64.493 Thread 0x000002de46fc1e40 Exception <a 'sun/nio/fs/WindowsException'{0x0000000088067df8}> (0x0000000088067df8) 
thrown [s\open\src\hotspot\share\prims\jni.cpp, line 516]
Event: 65.452 Thread 0x000002de44486df0 Exception <a 'java/lang/ClassNotFoundException'{0x00000000879cba88}: build_8qqenvgj7n4knidagucodtuhsBeanInfo> (0x00000000879cba88) 
thrown [s\open\src\hotspot\share\classfile\systemDictionary.cpp, line 256]
Event: 65.452 Thread 0x000002de44486df0 Exception <a 'java/lang/ClassNotFoundException'{0x00000000879d26a8}: build_8qqenvgj7n4knidagucodtuhsCustomizer> (0x00000000879d26a8) 
thrown [s\open\src\hotspot\share\classfile\systemDictionary.cpp, line 256]
Event: 67.378 Thread 0x000002de44486df0 Exception <a 'java/lang/ClassNotFoundException'{0x000000008715a478}: org/gradle/api/internal/plugins/DefaultObjectConfigurationActionBeanInfo> (0x000000008715a478) 
thrown [s\open\src\hotspot\share\classfile\systemDictionary.cpp, line 256]
Event: 67.380 Thread 0x000002de44486df0 Exception <a 'java/lang/ClassNotFoundException'{0x000000008716e690}: org/gradle/api/internal/plugins/DefaultObjectConfigurationActionCustomizer> (0x000000008716e690) 
thrown [s\open\src\hotspot\share\classfile\systemDictionary.cpp, line 256]
Event: 67.924 Thread 0x000002de44486df0 Exception <a 'java/lang/ClassNotFoundException'{0x00000000870cf3a0}: build_7no3prc6ssen3ftl2n0devuc0BeanInfo> (0x00000000870cf3a0) 
thrown [s\open\src\hotspot\share\classfile\systemDictionary.cpp, line 256]
Event: 67.925 Thread 0x000002de44486df0 Exception <a 'java/lang/ClassNotFoundException'{0x00000000870dca08}: build_7no3prc6ssen3ftl2n0devuc0Customizer> (0x00000000870dca08) 
thrown [s\open\src\hotspot\share\classfile\systemDictionary.cpp, line 256]

VM Operations (20 events):
Event: 63.582 Executing VM operation: ICBufferFull done
Event: 63.998 Executing VM operation: ICBufferFull
Event: 63.998 Executing VM operation: ICBufferFull done
Event: 64.134 Executing VM operation: G1CollectForAllocation
Event: 64.148 Executing VM operation: G1CollectForAllocation done
Event: 64.207 Executing VM operation: G1Concurrent
Event: 64.217 Executing VM operation: G1Concurrent done
Event: 64.246 Executing VM operation: G1Concurrent
Event: 64.258 Executing VM operation: G1Concurrent done
Event: 64.993 Executing VM operation: G1CollectForAllocation
Event: 65.006 Executing VM operation: G1CollectForAllocation done
Event: 65.079 Executing VM operation: G1CollectForAllocation
Event: 65.107 Executing VM operation: G1CollectForAllocation done
Event: 66.109 Executing VM operation: Cleanup
Event: 66.109 Executing VM operation: Cleanup done
Event: 67.121 Executing VM operation: Cleanup
Event: 67.121 Executing VM operation: Cleanup done
Event: 68.127 Executing VM operation: Cleanup
Event: 68.127 Executing VM operation: Cleanup done
Event: 68.392 Executing VM operation: G1CollectForAllocation

Events (20 events):
Event: 64.562 Thread 0x000002de46d06e60 Thread added: 0x000002de46d06e60
Event: 64.563 Thread 0x000002de46d07370 Thread added: 0x000002de46d07370
Event: 64.563 Thread 0x000002de46d07880 Thread added: 0x000002de46d07880
Event: 64.564 Thread 0x000002de46d07d90 Thread added: 0x000002de46d07d90
Event: 64.564 Thread 0x000002de46d05000 Thread added: 0x000002de46d05000
Event: 64.564 Thread 0x000002de46d0a610 Thread added: 0x000002de46d0a610
Event: 64.564 Thread 0x000002de46d0b030 Thread added: 0x000002de46d0b030
Event: 64.565 Thread 0x000002de46d0ab20 Thread added: 0x000002de46d0ab20
Event: 64.565 Thread 0x000002de46d0b540 Thread added: 0x000002de46d0b540
Event: 64.565 Thread 0x000002de46d08cc0 Thread added: 0x000002de46d08cc0
Event: 64.565 Thread 0x000002de46d09bf0 Thread added: 0x000002de46d09bf0
Event: 64.761 Thread 0x000002de46d0ba50 Thread added: 0x000002de46d0ba50
Event: 64.768 Thread 0x000002de46d0c470 Thread added: 0x000002de46d0c470
Event: 64.771 Thread 0x000002de46d096e0 Thread added: 0x000002de46d096e0
Event: 64.772 Thread 0x000002de46d0bf60 Thread added: 0x000002de46d0bf60
Event: 64.773 Thread 0x000002de46d0c980 Thread added: 0x000002de46d0c980
Event: 64.777 Thread 0x000002de46d091d0 Thread added: 0x000002de46d091d0
Event: 65.426 Thread 0x000002de46d0a100 Thread added: 0x000002de46d0a100
Event: 67.414 Thread 0x000002de483ea820 Thread added: 0x000002de483ea820
Event: 67.866 Thread 0x000002de483e7580 Thread added: 0x000002de483e7580


Dynamic libraries:
0x00007ff632a90000 - 0x00007ff632aa0000 	C:\Program Files\Java\jdk-17\bin\java.exe
0x00007ffe9a920000 - 0x00007ffe9ab86000 	C:\WINDOWS\SYSTEM32\ntdll.dll
0x00007ffe9a7c0000 - 0x00007ffe9a889000 	C:\WINDOWS\System32\KERNEL32.DLL
0x00007ffe97d60000 - 0x00007ffe9812c000 	C:\WINDOWS\System32\KERNELBASE.dll
0x00007ffe97c10000 - 0x00007ffe97d5b000 	C:\WINDOWS\System32\ucrtbase.dll
0x00007ffe65940000 - 0x00007ffe65959000 	C:\Program Files\Java\jdk-17\bin\jli.dll
0x00007ffe9a2c0000 - 0x00007ffe9a372000 	C:\WINDOWS\System32\ADVAPI32.dll
0x00007ffe65920000 - 0x00007ffe6593b000 	C:\Program Files\Java\jdk-17\bin\VCRUNTIME140.dll
0x00007ffe9a210000 - 0x00007ffe9a2b9000 	C:\WINDOWS\System32\msvcrt.dll
0x00007ffe99710000 - 0x00007ffe997b6000 	C:\WINDOWS\System32\sechost.dll
0x00007ffe98b00000 - 0x00007ffe98c16000 	C:\WINDOWS\System32\RPCRT4.dll
0x00007ffe9a380000 - 0x00007ffe9a54a000 	C:\WINDOWS\System32\USER32.dll
0x00007ffe74440000 - 0x00007ffe746da000 	C:\WINDOWS\WinSxS\amd64_microsoft.windows.common-controls_6595b64144ccf1df_6.0.26100.3912_none_3e07963ce335137e\COMCTL32.dll
0x00007ffe97ab0000 - 0x00007ffe97ad7000 	C:\WINDOWS\System32\win32u.dll
0x00007ffe987d0000 - 0x00007ffe987fb000 	C:\WINDOWS\System32\GDI32.dll
0x00007ffe984f0000 - 0x00007ffe98622000 	C:\WINDOWS\System32\gdi32full.dll
0x00007ffe98630000 - 0x00007ffe986d3000 	C:\WINDOWS\System32\msvcp_win.dll
0x00007ffe85390000 - 0x00007ffe8539b000 	C:\WINDOWS\SYSTEM32\VERSION.dll
0x00007ffe98ac0000 - 0x00007ffe98af0000 	C:\WINDOWS\System32\IMM32.DLL
0x00007ffe693f0000 - 0x00007ffe693fc000 	C:\Program Files\Java\jdk-17\bin\vcruntime140_1.dll
0x00007ffe65860000 - 0x00007ffe658ee000 	C:\Program Files\Java\jdk-17\bin\msvcp140.dll
0x00007ffe64c80000 - 0x00007ffe65860000 	C:\Program Files\Java\jdk-17\bin\server\jvm.dll
0x00007ffe99c50000 - 0x00007ffe99c58000 	C:\WINDOWS\System32\PSAPI.DLL
0x00007ffe6e310000 - 0x00007ffe6e31a000 	C:\WINDOWS\SYSTEM32\WSOCK32.dll
0x00007ffe8f8b0000 - 0x00007ffe8f8e6000 	C:\WINDOWS\SYSTEM32\WINMM.dll
0x00007ffe98990000 - 0x00007ffe98a04000 	C:\WINDOWS\System32\WS2_32.dll
0x00007ffe96990000 - 0x00007ffe969aa000 	C:\WINDOWS\SYSTEM32\kernel.appcore.dll
0x00007ffe65f70000 - 0x00007ffe65f7a000 	C:\Program Files\Java\jdk-17\bin\jimage.dll
0x00007ffe95220000 - 0x00007ffe95461000 	C:\WINDOWS\SYSTEM32\DBGHELP.DLL
0x00007ffe99cc0000 - 0x00007ffe9a044000 	C:\WINDOWS\System32\combase.dll
0x00007ffe986e0000 - 0x00007ffe987c0000 	C:\WINDOWS\System32\OLEAUT32.dll
0x00007ffe6d890000 - 0x00007ffe6d8c9000 	C:\WINDOWS\SYSTEM32\dbgcore.DLL
0x00007ffe97ae0000 - 0x00007ffe97b79000 	C:\WINDOWS\System32\bcryptPrimitives.dll
0x00007ffe58850000 - 0x00007ffe5885e000 	C:\Program Files\Java\jdk-17\bin\instrument.dll
0x00007ffe65f00000 - 0x00007ffe65f25000 	C:\Program Files\Java\jdk-17\bin\java.dll
0x00007ffe65db0000 - 0x00007ffe65e87000 	C:\Program Files\Java\jdk-17\bin\jsvml.dll
0x00007ffe98e30000 - 0x00007ffe9955d000 	C:\WINDOWS\System32\SHELL32.dll
0x00007ffe98370000 - 0x00007ffe984e4000 	C:\WINDOWS\System32\wintypes.dll
0x00007ffe956f0000 - 0x00007ffe95f46000 	C:\WINDOWS\SYSTEM32\windows.storage.dll
0x00007ffe9a050000 - 0x00007ffe9a13f000 	C:\WINDOWS\System32\SHCORE.dll
0x00007ffe9a750000 - 0x00007ffe9a7b9000 	C:\WINDOWS\System32\shlwapi.dll
0x00007ffe979c0000 - 0x00007ffe979ef000 	C:\WINDOWS\SYSTEM32\profapi.dll
0x00007ffe65a80000 - 0x00007ffe65a98000 	C:\Program Files\Java\jdk-17\bin\zip.dll
0x00007ffe65ac0000 - 0x00007ffe65ad9000 	C:\Program Files\Java\jdk-17\bin\net.dll
0x00007ffe86160000 - 0x00007ffe8627e000 	C:\WINDOWS\SYSTEM32\WINHTTP.dll
0x00007ffe96f00000 - 0x00007ffe96f6a000 	C:\WINDOWS\system32\mswsock.dll
0x00007ffe65aa0000 - 0x00007ffe65ab6000 	C:\Program Files\Java\jdk-17\bin\nio.dll
0x00007ffe577c0000 - 0x00007ffe577d0000 	C:\Program Files\Java\jdk-17\bin\verify.dll
0x00007ffe70c00000 - 0x00007ffe70c27000 	C:\Users\hp\.gradle\native\c067742578af261105cb4f569cf0c3c89f3d7b1fecec35dd04571415982c5e48\windows-amd64\native-platform.dll
0x00007ffdedc00000 - 0x00007ffdedd44000 	C:\Users\hp\.gradle\native\38dada09dfb8b06ba9b0570ebf7e218e3eb74d4ef43ca46872605cf95ebc2f47\windows-amd64\native-platform-file-events.dll
0x00007ffe450d0000 - 0x00007ffe450da000 	C:\Program Files\Java\jdk-17\bin\management.dll
0x00007ffe450c0000 - 0x00007ffe450cb000 	C:\Program Files\Java\jdk-17\bin\management_ext.dll
0x00007ffe971a0000 - 0x00007ffe971bc000 	C:\WINDOWS\SYSTEM32\CRYPTSP.dll
0x00007ffe96880000 - 0x00007ffe968ba000 	C:\WINDOWS\system32\rsaenh.dll
0x00007ffe96fa0000 - 0x00007ffe96fcb000 	C:\WINDOWS\SYSTEM32\USERENV.dll
0x00007ffe97990000 - 0x00007ffe979b6000 	C:\WINDOWS\SYSTEM32\bcrypt.dll
0x00007ffe971c0000 - 0x00007ffe971cc000 	C:\WINDOWS\SYSTEM32\CRYPTBASE.dll
0x00007ffe96270000 - 0x00007ffe962a3000 	C:\WINDOWS\SYSTEM32\IPHLPAPI.DLL
0x00007ffe98800000 - 0x00007ffe9880a000 	C:\WINDOWS\System32\NSI.dll
0x00007ffe8c5c0000 - 0x00007ffe8c5df000 	C:\WINDOWS\SYSTEM32\dhcpcsvc6.DLL
0x00007ffe8c520000 - 0x00007ffe8c545000 	C:\WINDOWS\SYSTEM32\dhcpcsvc.DLL
0x00007ffe96360000 - 0x00007ffe96487000 	C:\WINDOWS\SYSTEM32\DNSAPI.dll
0x00007ffe51900000 - 0x00007ffe5190e000 	C:\Program Files\Java\jdk-17\bin\sunmscapi.dll
0x00007ffe981f0000 - 0x00007ffe98367000 	C:\WINDOWS\System32\CRYPT32.dll
0x00007ffe97330000 - 0x00007ffe97360000 	C:\WINDOWS\SYSTEM32\ncrypt.dll
0x00007ffe972e0000 - 0x00007ffe9731f000 	C:\WINDOWS\SYSTEM32\NTASN1.dll
0x00007ffe6ecb0000 - 0x00007ffe6ecb8000 	C:\WINDOWS\system32\wshunix.dll
0x00007ffe6a9f0000 - 0x00007ffe6aa08000 	C:\WINDOWS\system32\napinsp.dll
0x00007ffe6a970000 - 0x00007ffe6a982000 	C:\WINDOWS\System32\winrnr.dll
0x00007ffe6a930000 - 0x00007ffe6a960000 	C:\WINDOWS\system32\nlansp_c.dll
0x00007ffe82d30000 - 0x00007ffe82d50000 	C:\WINDOWS\system32\wshbth.dll
0x00007ffe87270000 - 0x00007ffe8727b000 	C:\Windows\System32\rasadhlp.dll
0x00007ffe8e2d0000 - 0x00007ffe8e356000 	C:\WINDOWS\System32\fwpuclnt.dll
0x00007ffe91d60000 - 0x00007ffe91dfe000 	C:\WINDOWS\system32\apphelp.dll

dbghelp: loaded successfully - version: 4.0.5 - missing functions: none
symbol engine: initialized successfully - sym options: 0x614 - pdb path: .;C:\Program Files\Java\jdk-17\bin;C:\WINDOWS\SYSTEM32;C:\WINDOWS\WinSxS\amd64_microsoft.windows.common-controls_6595b64144ccf1df_6.0.26100.3912_none_3e07963ce335137e;C:\Program Files\Java\jdk-17\bin\server;C:\Users\hp\.gradle\native\c067742578af261105cb4f569cf0c3c89f3d7b1fecec35dd04571415982c5e48\windows-amd64;C:\Users\hp\.gradle\native\38dada09dfb8b06ba9b0570ebf7e218e3eb74d4ef43ca46872605cf95ebc2f47\windows-amd64

VM Arguments:
jvm_args: -XX:MaxMetaspaceSize=512m --add-opens=java.base/java.util=ALL-UNNAMED --add-opens=java.base/java.lang=ALL-UNNAMED --add-opens=java.base/java.lang.invoke=ALL-UNNAMED --add-opens=java.prefs/java.util.prefs=ALL-UNNAMED --add-opens=java.base/java.nio.charset=ALL-UNNAMED --add-opens=java.base/java.net=ALL-UNNAMED --add-opens=java.base/java.util.concurrent.atomic=ALL-UNNAMED -Xmx2048m -Dfile.encoding=windows-1252 -Duser.country=AE -Duser.language=en -Duser.variant -javaagent:C:\Users\hp\.gradle\wrapper\dists\gradle-8.7-all\aan3ydargesu18aqyqjwhr3pc\gradle-8.7\lib\agents\gradle-instrumentation-agent-8.7.jar 
java_command: org.gradle.launcher.daemon.bootstrap.GradleDaemon 8.7
java_class_path (initial): C:\Users\hp\.gradle\wrapper\dists\gradle-8.7-all\aan3ydargesu18aqyqjwhr3pc\gradle-8.7\lib\gradle-launcher-8.7.jar
Launcher Type: SUN_STANDARD

[Global flags]
     intx CICompilerCount                          = 4                                         {product} {ergonomic}
   size_t CompressedClassSpaceSize                 = 436207616                                 {product} {ergonomic}
     uint ConcGCThreads                            = 3                                         {product} {ergonomic}
     uint G1ConcRefinementThreads                  = 10                                        {product} {ergonomic}
   size_t G1HeapRegionSize                         = 1048576                                   {product} {ergonomic}
    uintx GCDrainStackTargetSize                   = 64                                        {product} {ergonomic}
   size_t InitialHeapSize                          = 130023424                                 {product} {ergonomic}
   size_t MarkStackSize                            = 4194304                                   {product} {ergonomic}
   size_t MaxHeapSize                              = 2147483648                                {product} {command line}
   size_t MaxMetaspaceSize                         = 536870912                                 {product} {command line}
   size_t MaxNewSize                               = 1287651328                                {product} {ergonomic}
   size_t MinHeapDeltaBytes                        = 1048576                                   {product} {ergonomic}
   size_t MinHeapSize                              = 8388608                                   {product} {ergonomic}
    uintx NonNMethodCodeHeapSize                   = 5839372                                {pd product} {ergonomic}
    uintx NonProfiledCodeHeapSize                  = 122909434                              {pd product} {ergonomic}
    uintx ProfiledCodeHeapSize                     = 122909434                              {pd product} {ergonomic}
    uintx ReservedCodeCacheSize                    = 251658240                              {pd product} {ergonomic}
     bool SegmentedCodeCache                       = true                                      {product} {ergonomic}
   size_t SoftMaxHeapSize                          = 2147483648                             {manageable} {ergonomic}
     bool UseCompressedClassPointers               = true                           {product lp64_product} {ergonomic}
     bool UseCompressedOops                        = true                           {product lp64_product} {ergonomic}
     bool UseG1GC                                  = true                                      {product} {ergonomic}
     bool UseLargePagesIndividualAllocation        = false                                  {pd product} {ergonomic}

Logging:
Log output configuration:
 #0: stdout all=warning uptime,level,tags
 #1: stderr all=off uptime,level,tags

Environment Variables:
CLASSPATH=C:\Users\hp\Desktop\Projects\Wakala\wakala\wakala_app\android\\gradle\wrapper\gradle-wrapper.jar
PATH=C:\Users\hp\Desktop\Projects\Wakala\wakala\wakala_app\node_modules\.bin;C:\Users\hp\Desktop\Projects\Wakala\wakala\wakala_app\node_modules\.bin;C:\Users\hp\Desktop\Projects\Wakala\wakala\node_modules\.bin;C:\Users\hp\Desktop\Projects\Wakala\node_modules\.bin;C:\Users\hp\Desktop\Projects\node_modules\.bin;C:\Users\hp\Desktop\node_modules\.bin;C:\Users\hp\node_modules\.bin;C:\Users\node_modules\.bin;C:\node_modules\.bin;C:\Users\hp\AppData\Roaming\npm\node_modules\npm\node_modules\@npmcli\run-script\lib\node-gyp-bin;C:\Program Files\Common Files\Oracle\Java\javapath;C:\Program Files (x86)\Common Files\Oracle\Java\java8path;C:\Program Files (x86)\Common Files\Oracle\Java\javapath;C:\Program Files\ImageMagick-7.1.1-Q16-HDRI;C:\WINDOWS\system32;C:\WINDOWS;C:\WINDOWS\System32\Wbem;C:\WINDOWS\System32\WindowsPowerShell\v1.0\;C:\WINDOWS\System32\OpenSSH\;C:\Program Files\nodejs\;C:\ProgramData\chocolatey\bin;C:\xampp\php;C:\ProgramData\ComposerSetup\bin;C:\Program Files\Git\cmd;C:\Program Files\Docker\Docker\resources\bin;C:\Program Files (x86)\Google\Cloud SDK\google-cloud-sdk\bin;C:\Program Files\PuTTY\;C:\Users\hp\Downloads\ngrok-v3-stable-windows-amd64;C:\Program Files\Java\jdk-17\bin;C:\Users\hp\AppData\Local\Packages\PythonSoftwareFoundation.Python.3.12_qbz5n2kfra8p0\LocalCache\local-packages\Python312\Scripts;C:\Users\hp\AppData\Local\Android\Sdk\platform-tools;C:\Users\hp\AppData\Local\Android\Sdk\tools;C:\Users\hp\AppData\Local\Programs\Python\Launcher\;C:\Users\hp\AppData\Local\Microsoft\WindowsApps;C:\Program Files\JetBrains\IntelliJ IDEA Community Edition 2024.1.1\bin;;C:\Users\hp\AppData\Local\atom\bin;C:\Users\hp\AppData\Roaming\npm;C:\Users\hp\AppData\Roaming\Composer\vendor\bin;C:\Users\hp\AppData\Local\Programs\Microsoft VS Code\bin;C:\Program Files\JetBrains\PyCharm 2024.1.4\bin;;C:\Program Files\JetBrains\PyCharm Community Edition 2024.1.4\bin;;C:\Users\hp\AppData\Local\Programs\mongosh\;C:\Users\hp\AppData\Local\Yarn\bin;C:\Users\hp\AppData\Local\Micro
USERNAME=hp
OS=Windows_NT
PROCESSOR_IDENTIFIER=Intel64 Family 6 Model 154 Stepping 4, GenuineIntel



---------------  S Y S T E M  ---------------

OS:
 Windows 11 , 64 bit Build 26100 (10.0.26100.3912)
OS uptime: 1 days 10:17 hours
Hyper-V role detected

CPU: total 12 (initial active 12) (6 cores per cpu, 2 threads per core) family 6 model 154 stepping 4 microcode 0x42c, cx8, cmov, fxsr, ht, mmx, 3dnowpref, sse, sse2, sse3, ssse3, sse4.1, sse4.2, popcnt, lzcnt, tsc, tscinvbit, avx, avx2, aes, erms, clmul, bmi1, bmi2, adx, sha, fma, vzeroupper, clflush, clflushopt, clwb, hv

Memory: 4k page, system-wide physical 7860M (1M free)
TotalPageFile size 32436M (AvailPageFile size 6M)
current process WorkingSet (physical memory assigned to process): 6M, peak: 248M
current process commit charge ("private bytes"): 392M, peak: 526M

vm_info: Java HotSpot(TM) 64-Bit Server VM (17.0.12+8-LTS-286) for windows-amd64 JRE (17.0.12+8-LTS-286), built on Jun  5 2024 06:46:59 by "mach5one" with MS VC++ 17.6 (VS2022)

END.
